Archive member included to satisfy reference by file (symbol)

d:/software/gun_arm_embedded_toolchain/bin/../lib/gcc/arm-none-eabi/10.3.1/thumb/v7e-m+fp/hard\libgcc.a(_arm_muldf3.o)
                              CMakeFiles/H7_Bin_V1.0.elf.dir/Core/Trash/trash.c.obj (__aeabi_dmul)
d:/software/gun_arm_embedded_toolchain/bin/../lib/gcc/arm-none-eabi/10.3.1/thumb/v7e-m+fp/hard\libgcc.a(_arm_addsubdf3.o)
                              CMakeFiles/H7_Bin_V1.0.elf.dir/Core/Trash/trash.c.obj (__aeabi_dsub)
d:/software/gun_arm_embedded_toolchain/bin/../lib/gcc/arm-none-eabi/10.3.1/thumb/v7e-m+fp/hard\libgcc.a(_arm_muldivdf3.o)
                              CMakeFiles/H7_Bin_V1.0.elf.dir/Core/Trash/trash.c.obj (__aeabi_ddiv)
d:/software/gun_arm_embedded_toolchain/bin/../lib/gcc/arm-none-eabi/10.3.1/thumb/v7e-m+fp/hard\libgcc.a(_arm_cmpdf2.o)
                              CMakeFiles/H7_Bin_V1.0.elf.dir/Core/Trash/trash.c.obj (__aeabi_dcmplt)
d:/software/gun_arm_embedded_toolchain/bin/../lib/gcc/arm-none-eabi/10.3.1/thumb/v7e-m+fp/hard\libgcc.a(_arm_fixdfsi.o)
                              CMakeFiles/H7_Bin_V1.0.elf.dir/Core/Trash/trash.c.obj (__aeabi_d2iz)
d:/software/gun_arm_embedded_toolchain/bin/../lib/gcc/arm-none-eabi/10.3.1/thumb/v7e-m+fp/hard\libgcc.a(_aeabi_uldivmod.o)
                              CMakeFiles/H7_Bin_V1.0.elf.dir/Drivers/STM32H7xx_HAL_Driver/Src/stm32h7xx_hal_uart.c.obj (__aeabi_uldivmod)
d:/software/gun_arm_embedded_toolchain/bin/../lib/gcc/arm-none-eabi/10.3.1/thumb/v7e-m+fp/hard\libgcc.a(_udivmoddi4.o)
                              d:/software/gun_arm_embedded_toolchain/bin/../lib/gcc/arm-none-eabi/10.3.1/thumb/v7e-m+fp/hard\libgcc.a(_aeabi_uldivmod.o) (__udivmoddi4)
d:/software/gun_arm_embedded_toolchain/bin/../lib/gcc/arm-none-eabi/10.3.1/thumb/v7e-m+fp/hard\libgcc.a(_dvmd_tls.o)
                              d:/software/gun_arm_embedded_toolchain/bin/../lib/gcc/arm-none-eabi/10.3.1/thumb/v7e-m+fp/hard\libgcc.a(_aeabi_uldivmod.o) (__aeabi_ldiv0)
d:/software/gun_arm_embedded_toolchain/bin/../lib/gcc/arm-none-eabi/10.3.1/../../../../arm-none-eabi/lib/thumb/v7e-m+fp/hard\libg.a(lib_a-errno.o)
                              CMakeFiles/H7_Bin_V1.0.elf.dir/Core/Src/syscalls.c.obj (__errno)
d:/software/gun_arm_embedded_toolchain/bin/../lib/gcc/arm-none-eabi/10.3.1/../../../../arm-none-eabi/lib/thumb/v7e-m+fp/hard\libg.a(lib_a-exit.o)
                              d:/software/gun_arm_embedded_toolchain/bin/../lib/gcc/arm-none-eabi/10.3.1/../../../../arm-none-eabi/lib/thumb/v7e-m+fp/hard/crt0.o (exit)
d:/software/gun_arm_embedded_toolchain/bin/../lib/gcc/arm-none-eabi/10.3.1/../../../../arm-none-eabi/lib/thumb/v7e-m+fp/hard\libg.a(lib_a-impure.o)
                              d:/software/gun_arm_embedded_toolchain/bin/../lib/gcc/arm-none-eabi/10.3.1/../../../../arm-none-eabi/lib/thumb/v7e-m+fp/hard\libg.a(lib_a-exit.o) (_global_impure_ptr)
d:/software/gun_arm_embedded_toolchain/bin/../lib/gcc/arm-none-eabi/10.3.1/../../../../arm-none-eabi/lib/thumb/v7e-m+fp/hard\libg.a(lib_a-init.o)
                              d:/software/gun_arm_embedded_toolchain/bin/../lib/gcc/arm-none-eabi/10.3.1/../../../../arm-none-eabi/lib/thumb/v7e-m+fp/hard/crt0.o (__libc_init_array)
d:/software/gun_arm_embedded_toolchain/bin/../lib/gcc/arm-none-eabi/10.3.1/../../../../arm-none-eabi/lib/thumb/v7e-m+fp/hard\libg.a(lib_a-memcpy.o)
                              CMakeFiles/H7_Bin_V1.0.elf.dir/Middlewares/Third_Party/FreeRTOS/Source/CMSIS_RTOS_V2/cmsis_os2.c.obj (memcpy)
d:/software/gun_arm_embedded_toolchain/bin/../lib/gcc/arm-none-eabi/10.3.1/../../../../arm-none-eabi/lib/thumb/v7e-m+fp/hard\libg.a(lib_a-memset.o)
                              d:/software/gun_arm_embedded_toolchain/bin/../lib/gcc/arm-none-eabi/10.3.1/../../../../arm-none-eabi/lib/thumb/v7e-m+fp/hard/crt0.o (memset)
d:/software/gun_arm_embedded_toolchain/bin/../lib/gcc/arm-none-eabi/10.3.1/../../../../arm-none-eabi/lib/thumb/v7e-m+fp/hard\libg.a(lib_a-reent.o)
                              CMakeFiles/H7_Bin_V1.0.elf.dir/Middlewares/Third_Party/FreeRTOS/Source/tasks.c.obj (_reclaim_reent)
d:/software/gun_arm_embedded_toolchain/bin/../lib/gcc/arm-none-eabi/10.3.1/../../../../arm-none-eabi/lib/thumb/v7e-m+fp/hard\libg.a(lib_a-strcmp.o)
                              CMakeFiles/H7_Bin_V1.0.elf.dir/Core/Shell/shell.c.obj (strcmp)
d:/software/gun_arm_embedded_toolchain/bin/../lib/gcc/arm-none-eabi/10.3.1/../../../../arm-none-eabi/lib/thumb/v7e-m+fp/hard\libg.a(lib_a-strlen.o)
                              CMakeFiles/H7_Bin_V1.0.elf.dir/Core/Shell/shell.c.obj (strlen)
d:/software/gun_arm_embedded_toolchain/bin/../lib/gcc/arm-none-eabi/10.3.1/../../../../arm-none-eabi/lib/thumb/v7e-m+fp/hard\libg.a(lib_a-strncmp.o)
                              CMakeFiles/H7_Bin_V1.0.elf.dir/Core/Shell/shell.c.obj (strncmp)
d:/software/gun_arm_embedded_toolchain/bin/../lib/gcc/arm-none-eabi/10.3.1/../../../../arm-none-eabi/lib/thumb/v7e-m+fp/hard\libg.a(lib_a-vsnprintf.o)
[...]
Memory Configuration

Name             Origin             Length             Attributes
FLASH            0x08000000         0x00020000         xr
DTCMRAM          0x20000000         0x00020000         xrw
RAM_D1           0x24000000         0x00080000         xrw
RAM_D2           0x30000000         0x00048000         xrw
RAM_D3           0x38000000         0x00010000         xrw
ITCMRAM          0x00000000         0x00010000         xrw
*default*        0x00000000         0xffffffff

Linker script and memory map

LOAD d:/software/gun_arm_embedded_toolchain/bin/../lib/gcc/arm-none-eabi/10.3.1/thumb/v7e-m+fp/hard/crti.o
LOAD d:/software/gun_arm_embedded_toolchain/bin/../lib/gcc/arm-none-eabi/10.3.1/thumb/v7e-m+fp/hard/crtbegin.o
LOAD d:/software/gun_arm_embedded_toolchain/bin/../lib/gcc/arm-none-eabi/10.3.1/../../../../arm-none-eabi/lib/thumb/v7e-m+fp/hard/crt0.o
LOAD CMakeFiles/H7_Bin_V1.0.elf.dir/Core/Common/common.c.obj
LOAD CMakeFiles/H7_Bin_V1.0.elf.dir/Core/Conveyor/conveyor.c.obj
LOAD CMakeFiles/H7_Bin_V1.0.elf.dir/Core/DPSDrive/DPSDrive.c.obj
LOAD CMakeFiles/H7_Bin_V1.0.elf.dir/Core/Debug/debug.c.obj
LOAD CMakeFiles/H7_Bin_V1.0.elf.dir/Core/Key/key.c.obj
LOAD CMakeFiles/H7_Bin_V1.0.elf.dir/Core/Lcd/lcd.c.obj
LOAD CMakeFiles/H7_Bin_V1.0.elf.dir/Core/Shell/shell.c.obj
LOAD CMakeFiles/H7_Bin_V1.0.elf.dir/Core/Shell/shell_cmd_list.c.obj
LOAD CMakeFiles/H7_Bin_V1.0.elf.dir/Core/Shell/shell_companion.c.obj
LOAD CMakeFiles/H7_Bin_V1.0.elf.dir/Core/Shell/shell_ext.c.obj
LOAD CMakeFiles/H7_Bin_V1.0.elf.dir/Core/Shell/shell_port.c.obj
LOAD CMakeFiles/H7_Bin_V1.0.elf.dir/Core/Src/dma.c.obj
LOAD CMakeFiles/H7_Bin_V1.0.elf.dir/Core/Src/freertos.c.obj
LOAD CMakeFiles/H7_Bin_V1.0.elf.dir/Core/Src/gpio.c.obj
LOAD CMakeFiles/H7_Bin_V1.0.elf.dir/Core/Src/main.c.obj
LOAD CMakeFiles/H7_Bin_V1.0.elf.dir/Core/Src/rtc.c.obj
LOAD CMakeFiles/H7_Bin_V1.0.elf.dir/Core/Src/spi.c.obj
LOAD CMakeFiles/H7_Bin_V1.0.elf.dir/Core/Src/stm32h7xx_hal_msp.c.obj
LOAD CMakeFiles/H7_Bin_V1.0.elf.dir/Core/Src/stm32h7xx_hal_timebase_tim.c.obj
LOAD CMakeFiles/H7_Bin_V1.0.elf.dir/Core/Src/stm32h7xx_it.c.obj
LOAD CMakeFiles/H7_Bin_V1.0.elf.dir/Core/Src/syscalls.c.obj
LOAD CMakeFiles/H7_Bin_V1.0.elf.dir/Core/Src/sysmem.c.obj
LOAD CMakeFiles/H7_Bin_V1.0.elf.dir/Core/Src/system_stm32h7xx.c.obj
LOAD CMakeFiles/H7_Bin_V1.0.elf.dir/Core/Src/tim.c.obj
LOAD CMakeFiles/H7_Bin_V1.0.elf.dir/Core/Src/usart.c.obj
LOAD CMakeFiles/H7_Bin_V1.0.elf.dir/Core/Startup/startup_stm32h750vbtx.s.obj
LOAD CMakeFiles/H7_Bin_V1.0.elf.dir/Core/Trash/trash.c.obj
LOAD CMakeFiles/H7_Bin_V1.0.elf.dir/Core/Trash_Task.c.obj
LOAD CMakeFiles/H7_Bin_V1.0.elf.dir/Drivers/STM32H7xx_HAL_Driver/Src/stm32h7xx_hal.c.obj
LOAD CMakeFiles/H7_Bin_V1.0.elf.dir/Drivers/STM32H7xx_HAL_Driver/Src/stm32h7xx_hal_cortex.c.obj
LOAD CMakeFiles/H7_Bin_V1.0.elf.dir/Drivers/STM32H7xx_HAL_Driver/Src/stm32h7xx_hal_dma.c.obj
LOAD CMakeFiles/H7_Bin_V1.0.elf.dir/Drivers/STM32H7xx_HAL_Driver/Src/stm32h7xx_hal_dma_ex.c.obj
LOAD CMakeFiles/H7_Bin_V1.0.elf.dir/Drivers/STM32H7xx_HAL_Driver/Src/stm32h7xx_hal_exti.c.obj
LOAD CMakeFiles/H7_Bin_V1.0.elf.dir/Drivers/STM32H7xx_HAL_Driver/Src/stm32h7xx_hal_flash.c.obj
LOAD CMakeFiles/H7_Bin_V1.0.elf.dir/Drivers/STM32H7xx_HAL_Driver/Src/stm32h7xx_hal_flash_ex.c.obj
LOAD CMakeFiles/H7_Bin_V1.0.elf.dir/Drivers/STM32H7xx_HAL_Driver/Src/stm32h7xx_hal_gpio.c.obj
LOAD CMakeFiles/H7_Bin_V1.0.elf.dir/Drivers/STM32H7xx_HAL_Driver/Src/stm32h7xx_hal_hsem.c.obj
LOAD CMakeFiles/H7_Bin_V1.0.elf.dir/Drivers/STM32H7xx_HAL_Driver/Src/stm32h7xx_hal_i2c.c.obj
LOAD CMakeFiles/H7_Bin_V1.0.elf.dir/Drivers/STM32H7xx_HAL_Driver/Src/stm32h7xx_hal_i2c_ex.c.obj
LOAD CMakeFiles/H7_Bin_V1.0.elf.dir/Drivers/STM32H7xx_HAL_Driver/Src/stm32h7xx_hal_mdma.c.obj
LOAD CMakeFiles/H7_Bin_V1.0.elf.dir/Drivers/STM32H7xx_HAL_Driver/Src/stm32h7xx_hal_pwr.c.obj
LOAD CMakeFiles/H7_Bin_V1.0.elf.dir/Drivers/STM32H7xx_HAL_Driver/Src/stm32h7xx_hal_pwr_ex.c.obj
LOAD CMakeFiles/H7_Bin_V1.0.elf.dir/Drivers/STM32H7xx_HAL_Driver/Src/stm32h7xx_hal_rcc.c.obj
LOAD CMakeFiles/H7_Bin_V1.0.elf.dir/Drivers/STM32H7xx_HAL_Driver/Src/stm32h7xx_hal_rcc_ex.c.obj
LOAD CMakeFiles/H7_Bin_V1.0.elf.dir/Drivers/STM32H7xx_HAL_Driver/Src/stm32h7xx_hal_rtc.c.obj
LOAD CMakeFiles/H7_Bin_V1.0.elf.dir/Drivers/STM32H7xx_HAL_Driver/Src/stm32h7xx_hal_rtc_ex.c.obj
LOAD CMakeFiles/H7_Bin_V1.0.elf.dir/Drivers/STM32H7xx_HAL_Driver/Src/stm32h7xx_hal_spi.c.obj
LOAD CMakeFiles/H7_Bin_V1.0.elf.dir/Drivers/STM32H7xx_HAL_Driver/Src/stm32h7xx_hal_spi_ex.c.obj
LOAD CMakeFiles/H7_Bin_V1.0.elf.dir/Drivers/STM32H7xx_HAL_Driver/Src/stm32h7xx_hal_tim.c.obj
LOAD CMakeFiles/H7_Bin_V1.0.elf.dir/Drivers/STM32H7xx_HAL_Driver/Src/stm32h7xx_hal_tim_ex.c.obj
LOAD CMakeFiles/H7_Bin_V1.0.elf.dir/Drivers/STM32H7xx_HAL_Driver/Src/stm32h7xx_hal_uart.c.obj
LOAD CMakeFiles/H7_Bin_V1.0.elf.dir/Drivers/STM32H7xx_HAL_Driver/Src/stm32h7xx_hal_uart_ex.c.obj
LOAD CMakeFiles/H7_Bin_V1.0.elf.dir/Drivers/St7735/st7735.c.obj
LOAD CMakeFiles/H7_Bin_V1.0.elf.dir/Drivers/St7735/st7735_reg.c.obj
LOAD CMakeFiles/H7_Bin_V1.0.elf.dir/Drivers/Tle5012b/tle5012b.c.obj
LOAD CMakeFiles/H7_Bin_V1.0.elf.dir/Middlewares/Third_Party/FreeRTOS/Source/CMSIS_RTOS_V2/cmsis_os2.c.obj
LOAD CMakeFiles/H7_Bin_V1.0.elf.dir/Middlewares/Third_Party/FreeRTOS/Source/croutine.c.obj
LOAD CMakeFiles/H7_Bin_V1.0.elf.dir/Middlewares/Third_Party/FreeRTOS/Source/event_groups.c.obj
LOAD CMakeFiles/H7_Bin_V1.0.elf.dir/Middlewares/Third_Party/FreeRTOS/Source/list.c.obj
LOAD CMakeFiles/H7_Bin_V1.0.elf.dir/Middlewares/Third_Party/FreeRTOS/Source/portable/GCC/ARM_CM4F/port.c.obj
LOAD CMakeFiles/H7_Bin_V1.0.elf.dir/Middlewares/Third_Party/FreeRTOS/Source/portable/MemMang/heap_4.c.obj
LOAD CMakeFiles/H7_Bin_V1.0.elf.dir/Middlewares/Third_Party/FreeRTOS/Source/queue.c.obj
LOAD CMakeFiles/H7_Bin_V1.0.elf.dir/Middlewares/Third_Party/FreeRTOS/Source/stream_buffer.c.obj
LOAD CMakeFiles/H7_Bin_V1.0.elf.dir/Middlewares/Third_Party/FreeRTOS/Source/tasks.c.obj
LOAD CMakeFiles/H7_Bin_V1.0.elf.dir/Middlewares/Third_Party/FreeRTOS/Source/timers.c.obj
START GROUP
LOAD d:/software/gun_arm_embedded_toolchain/bin/../lib/gcc/arm-none-eabi/10.3.1/thumb/v7e-m+fp/hard\libgcc.a
LOAD d:/software/gun_arm_embedded_toolchain/bin/../lib/gcc/arm-none-eabi/10.3.1/../../../../arm-none-eabi/lib/thumb/v7e-m+fp/hard\libg.a
LOAD d:/software/gun_arm_embedded_toolchain/bin/../lib/gcc/arm-none-eabi/10.3.1/../../../../arm-none-eabi/lib/thumb/v7e-m+fp/hard\libc.a
END GROUP
LOAD d:/software/gun_arm_embedded_toolchain/bin/../lib/gcc/arm-none-eabi/10.3.1/thumb/v7e-m+fp/hard/crtend.o
LOAD d:/software/gun_arm_embedded_toolchain/bin/../lib/gcc/arm-none-eabi/10.3.1/thumb/v7e-m+fp/hard/crtn.o
                0x24080000                _estack = (ORIGIN (RAM_D1) + LENGTH (RAM_D1))
                0x00000200                _Min_Heap_Size = 0x200
                0x00000400                _Min_Stack_Size = 0x400

.isr_vector     0x08000000      0x298
                0x08000000                . = ALIGN (0x4)
 *(.isr_vector)
 .isr_vector    0x08000000      0x298 CMakeFiles/H7_Bin_V1.0.elf.dir/Core/Startup/startup_stm32h750vbtx.s.obj
                0x08000000                g_pfnVectors
                0x08000298                . = ALIGN (0x4)

.text           0x080002c0     0xc708
                0x080002c0                . = ALIGN (0x4)
 *(.text)
 .text          0x080002c0       0x40 d:/software/gun_arm_embedded_toolchain/bin/../lib/gcc/arm-none-eabi/10.3.1/thumb/v7e-m+fp/hard/crtbegin.o
 .text          0x08000300      0x378 d:/software/gun_arm_embedded_toolchain/bin/../lib/gcc/arm-none-eabi/10.3.1/thumb/v7e-m+fp/hard\libgcc.a(_arm_addsubdf3.o)
                0x08000300                __aeabi_drsub
                0x08000308                __aeabi_dsub
                0x08000308                __subdf3
                0x0800030c                __aeabi_dadd
                0x0800030c                __adddf3
                0x08000584                __floatunsidf
                0x08000584                __aeabi_ui2d
                0x080005a4                __floatsidf
                0x080005a4                __aeabi_i2d
                0x080005c8                __aeabi_f2d
                0x080005c8                __extendsfdf2
                0x0800060c                __floatundidf
                0x0800060c                __aeabi_ul2d
                0x0800061c                __floatdidf
                0x0800061c                __aeabi_l2d
 .text          0x08000678      0x424 d:/software/gun_arm_embedded_toolchain/bin/../lib/gcc/arm-none-eabi/10.3.1/thumb/v7e-m+fp/hard\libgcc.a(_arm_muldivdf3.o)
                0x08000678                __aeabi_dmul
                0x08000678                __muldf3
                0x080008cc                __divdf3
                0x080008cc                __aeabi_ddiv
 .text          0x08000a9c      0x110 d:/software/gun_arm_embedded_toolchain/bin/../lib/gcc/arm-none-eabi/10.3.1/thumb/v7e-m+fp/hard\libgcc.a(_arm_cmpdf2.o)
                0x08000a9c                __gtdf2
                0x08000a9c                __gedf2
                0x08000aa4                __ltdf2
                0x08000aa4                __ledf2
                0x08000aac                __nedf2
                0x08000aac                __eqdf2
                0x08000aac                __cmpdf2
                0x08000b28                __aeabi_cdrcmple
                0x08000b38                __aeabi_cdcmpeq
                0x08000b38                __aeabi_cdcmple
                0x08000b48                __aeabi_dcmpeq
                0x08000b5c                __aeabi_dcmplt
                0x08000b70                __aeabi_dcmple
                0x08000b84                __aeabi_dcmpge
                0x08000b98                __aeabi_dcmpgt
 .text          0x08000bac       0x50 d:/software/gun_arm_embedded_toolchain/bin/../lib/gcc/arm-none-eabi/10.3.1/thumb/v7e-m+fp/hard\libgcc.a(_arm_fixdfsi.o)
                0x08000bac                __aeabi_d2iz
                0x08000bac                __fixdfsi
 .text          0x08000bfc       0x30 d:/software/gun_arm_embedded_toolchain/bin/../lib/gcc/arm-none-eabi/10.3.1/thumb/v7e-m+fp/hard\libgcc.a(_aeabi_uldivmod.o)
                0x08000bfc                __aeabi_uldivmod
 .text          0x08000c2c      0x2d0 d:/software/gun_arm_embedded_toolchain/bin/../lib/gcc/arm-none-eabi/10.3.1/thumb/v7e-m+fp/hard\libgcc.a(_udivmoddi4.o)
                0x08000c2c                __udivmoddi4
 .text          0x08000efc        0x4 d:/software/gun_arm_embedded_toolchain/bin/../lib/gcc/arm-none-eabi/10.3.1/thumb/v7e-m+fp/hard\libgcc.a(_dvmd_tls.o)
                0x08000efc                __aeabi_idiv0
                0x08000efc                __aeabi_ldiv0
 .text          0x08000f00      0x134 d:/software/gun_arm_embedded_toolchain/bin/../lib/gcc/arm-none-eabi/10.3.1/../../../../arm-none-eabi/lib/thumb/v7e-m+fp/hard\libg.a(lib_a-memcpy.o)
                0x08000f00                memcpy
 *fill*         0x08001034        0xc 
 .text          0x08001040      0x2dc d:/software/gun_arm_embedded_toolchain/bin/../lib/gcc/arm-none-eabi/10.3.1/../../../../arm-none-eabi/lib/thumb/v7e-m+fp/hard\libg.a(lib_a-strcmp.o)
                0x08001048                strcmp
 *fill*         0x0800131c       0x24 
 .text          0x08001340       0xdc d:/software/gun_arm_embedded_toolchain/bin/../lib/gcc/arm-none-eabi/10.3.1/../../../../arm-none-eabi/lib/thumb/v7e-m+fp/hard\libg.a(lib_a-strlen.o)
                0x08001340                strlen
 *(.text*)
 .text.Conveyor_Set_Vel
                0x0800141c        0xc CMakeFiles/H7_Bin_V1.0.elf.dir/Core/Conveyor/conveyor.c.obj
                0x0800141c                Conveyor_Set_Vel
 .text.InitQueue
                0x08001428        0xc CMakeFiles/H7_Bin_V1.0.elf.dir/Core/DPSDrive/DPSDrive.c.obj
                0x08001428                InitQueue
 .text.InsQueue
                0x08001434       0x58 CMakeFiles/H7_Bin_V1.0.elf.dir/Core/DPSDrive/DPSDrive.c.obj
                0x08001434                InsQueue
 .text.QueueGet
                0x0800148c       0x14 CMakeFiles/H7_Bin_V1.0.elf.dir/Core/DPSDrive/DPSDrive.c.obj
                0x0800148c                QueueGet
 .text.DPS_Transmit
                0x080014a0       0x44 CMakeFiles/H7_Bin_V1.0.elf.dir/Core/DPSDrive/DPSDrive.c.obj
                0x080014a0                DPS_Transmit
 .text.DPS_Receive
                0x080014e4       0x30 CMakeFiles/H7_Bin_V1.0.elf.dir/Core/DPSDrive/DPSDrive.c.obj
                0x080014e4                DPS_Receive
 .text.Get_Crc  0x08001514       0x34 CMakeFiles/H7_Bin_V1.0.elf.dir/Core/DPSDrive/DPSDrive.c.obj
                0x08001514                Get_Crc
 .text.DPS_SetVelocity
                0x08001548       0x70 CMakeFiles/H7_Bin_V1.0.elf.dir/Core/DPSDrive/DPSDrive.c.obj
                0x08001548                DPS_SetVelocity
 .text.DPS_SetPosition
                0x080015b8       0x70 CMakeFiles/H7_Bin_V1.0.elf.dir/Core/DPSDrive/DPSDrive.c.obj
                0x080015b8                DPS_SetPosition
 .text.DPS_GetPosition
                0x08001628      0x130 CMakeFiles/H7_Bin_V1.0.elf.dir/Core/DPSDrive/DPSDrive.c.obj
                0x08001628                DPS_GetPosition
 .text.DPS_MODE
                0x08001758       0x38 CMakeFiles/H7_Bin_V1.0.elf.dir/Core/Debug/debug.c.obj
                0x08001758                DPS_MODE
 .text.key_action
                0x08001790      0x104 CMakeFiles/H7_Bin_V1.0.elf.dir/Core/Key/key.c.obj
                0x08001790                key_action
 .text.shellAdd
                0x08001894       0x24 CMakeFiles/H7_Bin_V1.0.elf.dir/Core/Shell/shell.c.obj
 .text.shellWriteByte
                0x080018b8       0x18 CMakeFiles/H7_Bin_V1.0.elf.dir/Core/Shell/shell.c.obj
 .text.shellWriteCommandDesc
                0x080018d0       0x50 CMakeFiles/H7_Bin_V1.0.elf.dir/Core/Shell/shell.c.obj
 .text.shellStringCopy
                0x08001920       0x16 CMakeFiles/H7_Bin_V1.0.elf.dir/Core/Shell/shell.c.obj
 .text.shellStringCompare
                0x08001936       0x2e CMakeFiles/H7_Bin_V1.0.elf.dir/Core/Shell/shell.c.obj
 .text.shellGetCommandDesc
                0x08001964       0x22 CMakeFiles/H7_Bin_V1.0.elf.dir/Core/Shell/shell.c.obj
 .text.shellParserParam
                0x08001986       0x90 CMakeFiles/H7_Bin_V1.0.elf.dir/Core/Shell/shell.c.obj
 .text.shellRight
                0x08001a16       0x1a CMakeFiles/H7_Bin_V1.0.elf.dir/Core/Shell/shell.c.obj
                0x08001a16                shellRight
 .text.shellLeft
                0x08001a30       0x18 CMakeFiles/H7_Bin_V1.0.elf.dir/Core/Shell/shell.c.obj
                0x08001a30                shellLeft
 .text.shellHistoryAdd
                0x08001a48       0x70 CMakeFiles/H7_Bin_V1.0.elf.dir/Core/Shell/shell.c.obj
 .text.shellRemoveParamQuotes
                0x08001ab8       0x54 CMakeFiles/H7_Bin_V1.0.elf.dir/Core/Shell/shell.c.obj
 .text.shellGetCurrent
                0x08001b0c       0x2c CMakeFiles/H7_Bin_V1.0.elf.dir/Core/Shell/shell.c.obj
                0x08001b0c                shellGetCurrent
 .text.shellWriteString
                0x08001b38       0x26 CMakeFiles/H7_Bin_V1.0.elf.dir/Core/Shell/shell.c.obj
                0x08001b38                shellWriteString
 *fill*         0x08001b5e        0x2 
 .text.shellWritePrompt
                0x08001b60       0x60 CMakeFiles/H7_Bin_V1.0.elf.dir/Core/Shell/shell.c.obj
 .text.shellCheckPassword
                0x08001bc0       0x40 CMakeFiles/H7_Bin_V1.0.elf.dir/Core/Shell/shell.c.obj
 .text.shellClear
                0x08001c00       0x14 CMakeFiles/H7_Bin_V1.0.elf.dir/Core/Shell/shell.c.obj
                0x08001c00                shellClear
 .text.shellCheckPermission
                0x08001c14       0x44 CMakeFiles/H7_Bin_V1.0.elf.dir/Core/Shell/shell.c.obj
                0x08001c14                shellCheckPermission
 .text.shellToHex
                0x08001c58       0x28 CMakeFiles/H7_Bin_V1.0.elf.dir/Core/Shell/shell.c.obj
                0x08001c58                shellToHex
 .text.shellGetCommandName
                0x08001c80       0x44 CMakeFiles/H7_Bin_V1.0.elf.dir/Core/Shell/shell.c.obj
 .text.shellToDec
                0x08001cc4       0x60 CMakeFiles/H7_Bin_V1.0.elf.dir/Core/Shell/shell.c.obj
                0x08001cc4                shellToDec
 .text.shellWriteReturnValue
                0x08001d24       0x80 CMakeFiles/H7_Bin_V1.0.elf.dir/Core/Shell/shell.c.obj
 .text.shellListItem
                0x08001da4       0xe0 CMakeFiles/H7_Bin_V1.0.elf.dir/Core/Shell/shell.c.obj
                0x08001da4                shellListItem
 .text.shellListCommand
                0x08001e84       0x48 CMakeFiles/H7_Bin_V1.0.elf.dir/Core/Shell/shell.c.obj
                0x08001e84                shellListCommand
 .text.shellCmds
                0x08001ecc        0xe CMakeFiles/H7_Bin_V1.0.elf.dir/Core/Shell/shell.c.obj
                0x08001ecc                shellCmds
 *fill*         0x08001eda        0x2 
 .text.shellListVar
                0x08001edc       0x4c CMakeFiles/H7_Bin_V1.0.elf.dir/Core/Shell/shell.c.obj
                0x08001edc                shellListVar
 .text.shellVars
                0x08001f28        0xe CMakeFiles/H7_Bin_V1.0.elf.dir/Core/Shell/shell.c.obj
                0x08001f28                shellVars
 *fill*         0x08001f36        0x2 
 .text.shellListUser
                0x08001f38       0x48 CMakeFiles/H7_Bin_V1.0.elf.dir/Core/Shell/shell.c.obj
                0x08001f38                shellListUser
 .text.shellUsers
                0x08001f80        0xe CMakeFiles/H7_Bin_V1.0.elf.dir/Core/Shell/shell.c.obj
                0x08001f80                shellUsers
 *fill*         0x08001f8e        0x2 
 .text.shellListKey
                0x08001f90       0x48 CMakeFiles/H7_Bin_V1.0.elf.dir/Core/Shell/shell.c.obj
                0x08001f90                shellListKey
 .text.shellKeys
                0x08001fd8        0xe CMakeFiles/H7_Bin_V1.0.elf.dir/Core/Shell/shell.c.obj
                0x08001fd8                shellKeys
 .text.shellListAll
                0x08001fe6        0x8 CMakeFiles/H7_Bin_V1.0.elf.dir/Core/Shell/shell.c.obj
                0x08001fe6                shellListAll
 *fill*         0x08001fee        0x2 
 .text.shellDeleteCommandLine
                0x08001ff0       0x20 CMakeFiles/H7_Bin_V1.0.elf.dir/Core/Shell/shell.c.obj
                0x08001ff0                shellDeleteCommandLine
 .text.shellClearCommandLine
                0x08002010       0x28 CMakeFiles/H7_Bin_V1.0.elf.dir/Core/Shell/shell.c.obj
                0x08002010                shellClearCommandLine
 .text.shellHistory
                0x08002038       0x90 CMakeFiles/H7_Bin_V1.0.elf.dir/Core/Shell/shell.c.obj
 .text.shellUp  0x080020c8        0xa CMakeFiles/H7_Bin_V1.0.elf.dir/Core/Shell/shell.c.obj
                0x080020c8                shellUp
 .text.shellDown
                0x080020d2        0xc CMakeFiles/H7_Bin_V1.0.elf.dir/Core/Shell/shell.c.obj
                0x080020d2                shellDown
 *fill*         0x080020de        0x2 
 .text.shellInsertByte
                0x080020e0       0xbc CMakeFiles/H7_Bin_V1.0.elf.dir/Core/Shell/shell.c.obj
                0x080020e0                shellInsertByte
 .text.shellDeleteByte
                0x0800219c       0xc4 CMakeFiles/H7_Bin_V1.0.elf.dir/Core/Shell/shell.c.obj
                0x0800219c                shellDeleteByte
 .text.shellBackspace
                0x08002260        0xa CMakeFiles/H7_Bin_V1.0.elf.dir/Core/Shell/shell.c.obj
                0x08002260                shellBackspace
 .text.shellDelete
                0x0800226a        0xc CMakeFiles/H7_Bin_V1.0.elf.dir/Core/Shell/shell.c.obj
                0x0800226a                shellDelete
 .text.shellSeekCommand
                0x08002276       0x72 CMakeFiles/H7_Bin_V1.0.elf.dir/Core/Shell/shell.c.obj
                0x08002276                shellSeekCommand
 .text.shellWriteCommandHelp
                0x080022e8       0x60 CMakeFiles/H7_Bin_V1.0.elf.dir/Core/Shell/shell.c.obj
 .text.shellTab
                0x08002348      0x154 CMakeFiles/H7_Bin_V1.0.elf.dir/Core/Shell/shell.c.obj
                0x08002348                shellTab
 .text.shellHelp
                0x0800249c       0x24 CMakeFiles/H7_Bin_V1.0.elf.dir/Core/Shell/shell.c.obj
                0x0800249c                shellHelp
 .text.shellGetVarValue
                0x080024c0       0x44 CMakeFiles/H7_Bin_V1.0.elf.dir/Core/Shell/shell.c.obj
                0x080024c0                shellGetVarValue
 .text.shellShowVar
                0x08002504       0xc0 CMakeFiles/H7_Bin_V1.0.elf.dir/Core/Shell/shell.c.obj
 .text.shellSetVarValue
                0x080025c4       0x78 CMakeFiles/H7_Bin_V1.0.elf.dir/Core/Shell/shell.c.obj
                0x080025c4                shellSetVarValue
 .text.shellSetVar
                0x0800263c       0x64 CMakeFiles/H7_Bin_V1.0.elf.dir/Core/Shell/shell.c.obj
                0x0800263c                shellSetVar
 .text.shellSetUser
                0x080026a0       0x60 CMakeFiles/H7_Bin_V1.0.elf.dir/Core/Shell/shell.c.obj
                0x080026a0                shellSetUser
 .text.shellInit
                0x08002700       0x8c CMakeFiles/H7_Bin_V1.0.elf.dir/Core/Shell/shell.c.obj
                0x08002700                shellInit
 .text.shellRunCommand
                0x0800278c       0x94 CMakeFiles/H7_Bin_V1.0.elf.dir/Core/Shell/shell.c.obj
                0x0800278c                shellRunCommand
 .text.shellNormalInput
                0x08002820       0x14 CMakeFiles/H7_Bin_V1.0.elf.dir/Core/Shell/shell.c.obj
                0x08002820                shellNormalInput
 .text.shellExec
                0x08002834       0x68 CMakeFiles/H7_Bin_V1.0.elf.dir/Core/Shell/shell.c.obj
                0x08002834                shellExec
 .text.shellEnter
                0x0800289c       0x12 CMakeFiles/H7_Bin_V1.0.elf.dir/Core/Shell/shell.c.obj
                0x0800289c                shellEnter
 *fill*         0x080028ae        0x2 
 .text.shellHandler
                0x080028b0       0xe4 CMakeFiles/H7_Bin_V1.0.elf.dir/Core/Shell/shell.c.obj
                0x080028b0                shellHandler
 .text.shellExtNumType
                0x08002994       0x50 CMakeFiles/H7_Bin_V1.0.elf.dir/Core/Shell/shell_ext.c.obj
 .text.shellExtToNum
                0x080029e4       0x2e CMakeFiles/H7_Bin_V1.0.elf.dir/Core/Shell/shell_ext.c.obj
 *fill*         0x08002a12        0x2 
 .text.shellExtParseChar
                0x08002a14       0x88 CMakeFiles/H7_Bin_V1.0.elf.dir/Core/Shell/shell_ext.c.obj
 .text.shellExtParseString
                0x08002a9c       0x40 CMakeFiles/H7_Bin_V1.0.elf.dir/Core/Shell/shell_ext.c.obj
 .text.shellExtParseNumber
                0x08002adc       0xbe CMakeFiles/H7_Bin_V1.0.elf.dir/Core/Shell/shell_ext.c.obj
 .text.shellExtParseVar
                0x08002b9a       0x1e CMakeFiles/H7_Bin_V1.0.elf.dir/Core/Shell/shell_ext.c.obj
 .text.shellExtParsePara
                0x08002bb8       0x4a CMakeFiles/H7_Bin_V1.0.elf.dir/Core/Shell/shell_ext.c.obj
                0x08002bb8                shellExtParsePara
 .text.shellExtRun
                0x08002c02       0xee CMakeFiles/H7_Bin_V1.0.elf.dir/Core/Shell/shell_ext.c.obj
                0x08002c02                shellExtRun
 .text.User_Shell_Write
                0x08002cf0       0x1c CMakeFiles/H7_Bin_V1.0.elf.dir/Core/Shell/shell_port.c.obj
                0x08002cf0                User_Shell_Write
 .text.User_Shell_Read
                0x08002d0c       0x20 CMakeFiles/H7_Bin_V1.0.elf.dir/Core/Shell/shell_port.c.obj
                0x08002d0c                User_Shell_Read
 .text.MX_DMA_Init
                0x08002d2c       0x68 CMakeFiles/H7_Bin_V1.0.elf.dir/Core/Src/dma.c.obj
                0x08002d2c                MX_DMA_Init
 .text.StartDefaultTask
                0x08002d94        0x6 CMakeFiles/H7_Bin_V1.0.elf.dir/Core/Src/freertos.c.obj
                0x08002d94                StartDefaultTask
 *fill*         0x08002d9a        0x2 
 .text.log_task
                0x08002d9c       0x50 CMakeFiles/H7_Bin_V1.0.elf.dir/Core/Src/freertos.c.obj
                0x08002d9c                log_task
 .text.lcd_task
                0x08002dec        0xa CMakeFiles/H7_Bin_V1.0.elf.dir/Core/Src/freertos.c.obj
                0x08002dec                lcd_task
 .text.configureTimerForRunTimeStats
                0x08002df6        0x2 CMakeFiles/H7_Bin_V1.0.elf.dir/Core/Src/freertos.c.obj
                0x08002df6                configureTimerForRunTimeStats
 .text.getRunTimeCounterValue
                0x08002df8        0x4 CMakeFiles/H7_Bin_V1.0.elf.dir/Core/Src/freertos.c.obj
                0x08002df8                getRunTimeCounterValue
 .text.MX_FREERTOS_Init
                0x08002dfc       0x6c CMakeFiles/H7_Bin_V1.0.elf.dir/Core/Src/freertos.c.obj
                0x08002dfc                MX_FREERTOS_Init
 .text.MX_GPIO_Init
                0x08002e68      0x128 CMakeFiles/H7_Bin_V1.0.elf.dir/Core/Src/gpio.c.obj
                0x08002e68                MX_GPIO_Init
 .text.HAL_TIM_PeriodElapsedCallback
                0x08002f90       0x18 CMakeFiles/H7_Bin_V1.0.elf.dir/Core/Src/main.c.obj
                0x08002f90                HAL_TIM_PeriodElapsedCallback
 .text.Error_Handler
                0x08002fa8        0x4 CMakeFiles/H7_Bin_V1.0.elf.dir/Core/Src/main.c.obj
                0x08002fa8                Error_Handler
 .text.SystemClock_Config
                0x08002fac      0x11c CMakeFiles/H7_Bin_V1.0.elf.dir/Core/Src/main.c.obj
                0x08002fac                SystemClock_Config
 .text.PeriphCommonClock_Config
                0x080030c8       0x26 CMakeFiles/H7_Bin_V1.0.elf.dir/Core/Src/main.c.obj
                0x080030c8                PeriphCommonClock_Config
 *fill*         0x080030ee        0x2 
 .text.main     0x080030f0       0x80 CMakeFiles/H7_Bin_V1.0.elf.dir/Core/Src/main.c.obj
                0x080030f0                main
 .text.MX_RTC_Init
                0x08003170       0x8c CMakeFiles/H7_Bin_V1.0.elf.dir/Core/Src/rtc.c.obj
                0x08003170                MX_RTC_Init
 .text.HAL_RTC_MspInit
                0x080031fc       0x4c CMakeFiles/H7_Bin_V1.0.elf.dir/Core/Src/rtc.c.obj
                0x080031fc                HAL_RTC_MspInit
 .text.MX_SPI1_Init
                0x08003248       0x60 CMakeFiles/H7_Bin_V1.0.elf.dir/Core/Src/spi.c.obj
                0x08003248                MX_SPI1_Init
 .text.MX_SPI4_Init
                0x080032a8       0x60 CMakeFiles/H7_Bin_V1.0.elf.dir/Core/Src/spi.c.obj
                0x080032a8                MX_SPI4_Init
 .text.HAL_SPI_MspInit
                0x08003308      0x11c CMakeFiles/H7_Bin_V1.0.elf.dir/Core/Src/spi.c.obj
                0x08003308                HAL_SPI_MspInit
 .text.HAL_MspInit
                0x08003424       0x34 CMakeFiles/H7_Bin_V1.0.elf.dir/Core/Src/stm32h7xx_hal_msp.c.obj
                0x08003424                HAL_MspInit
 .text.HAL_InitTick
                0x08003458       0x90 CMakeFiles/H7_Bin_V1.0.elf.dir/Core/Src/stm32h7xx_hal_timebase_tim.c.obj
                0x08003458                HAL_InitTick
 .text.NMI_Handler
                0x080034e8        0x2 CMakeFiles/H7_Bin_V1.0.elf.dir/Core/Src/stm32h7xx_it.c.obj
                0x080034e8                NMI_Handler
 .text.HardFault_Handler
                0x080034ea        0x2 CMakeFiles/H7_Bin_V1.0.elf.dir/Core/Src/stm32h7xx_it.c.obj
                0x080034ea                HardFault_Handler
 .text.MemManage_Handler
                0x080034ec        0x2 CMakeFiles/H7_Bin_V1.0.elf.dir/Core/Src/stm32h7xx_it.c.obj
                0x080034ec                MemManage_Handler
 .text.BusFault_Handler
                0x080034ee        0x2 CMakeFiles/H7_Bin_V1.0.elf.dir/Core/Src/stm32h7xx_it.c.obj
                0x080034ee                BusFault_Handler
 .text.UsageFault_Handler
                0x080034f0        0x2 CMakeFiles/H7_Bin_V1.0.elf.dir/Core/Src/stm32h7xx_it.c.obj
                0x080034f0                UsageFault_Handler
 .text.DebugMon_Handler
                0x080034f2        0x2 CMakeFiles/H7_Bin_V1.0.elf.dir/Core/Src/stm32h7xx_it.c.obj
                0x080034f2                DebugMon_Handler
 .text.DMA1_Stream0_IRQHandler
                0x080034f4       0x10 CMakeFiles/H7_Bin_V1.0.elf.dir/Core/Src/stm32h7xx_it.c.obj
                0x080034f4                DMA1_Stream0_IRQHandler
 .text.DMA1_Stream1_IRQHandler
                0x08003504       0x10 CMakeFiles/H7_Bin_V1.0.elf.dir/Core/Src/stm32h7xx_it.c.obj
                0x08003504                DMA1_Stream1_IRQHandler
 .text.DMA1_Stream2_IRQHandler
                0x08003514       0x10 CMakeFiles/H7_Bin_V1.0.elf.dir/Core/Src/stm32h7xx_it.c.obj
                0x08003514                DMA1_Stream2_IRQHandler
 .text.DMA1_Stream3_IRQHandler
                0x08003524       0x10 CMakeFiles/H7_Bin_V1.0.elf.dir/Core/Src/stm32h7xx_it.c.obj
                0x08003524                DMA1_Stream3_IRQHandler
 .text.SPI1_IRQHandler
                0x08003534       0x10 CMakeFiles/H7_Bin_V1.0.elf.dir/Core/Src/stm32h7xx_it.c.obj
                0x08003534                SPI1_IRQHandler
 .text.USART2_IRQHandler
                0x08003544       0x10 CMakeFiles/H7_Bin_V1.0.elf.dir/Core/Src/stm32h7xx_it.c.obj
                0x08003544                USART2_IRQHandler
 .text.USART3_IRQHandler
                0x08003554       0x10 CMakeFiles/H7_Bin_V1.0.elf.dir/Core/Src/stm32h7xx_it.c.obj
                0x08003554                USART3_IRQHandler
 .text.UART4_IRQHandler
                0x08003564       0x10 CMakeFiles/H7_Bin_V1.0.elf.dir/Core/Src/stm32h7xx_it.c.obj
                0x08003564                UART4_IRQHandler
 .text.UART5_IRQHandler
                0x08003574       0x10 CMakeFiles/H7_Bin_V1.0.elf.dir/Core/Src/stm32h7xx_it.c.obj
                0x08003574                UART5_IRQHandler
 .text.UART8_IRQHandler
                0x08003584      0x1e8 CMakeFiles/H7_Bin_V1.0.elf.dir/Core/Src/stm32h7xx_it.c.obj
                0x08003584                UART8_IRQHandler
 .text.TIM17_IRQHandler
                0x0800376c       0x10 CMakeFiles/H7_Bin_V1.0.elf.dir/Core/Src/stm32h7xx_it.c.obj
                0x0800376c                TIM17_IRQHandler
 .text._sbrk    0x0800377c       0x48 CMakeFiles/H7_Bin_V1.0.elf.dir/Core/Src/sysmem.c.obj
                0x0800377c                _sbrk
 .text.SystemInit
                0x080037c4       0xcc CMakeFiles/H7_Bin_V1.0.elf.dir/Core/Src/system_stm32h7xx.c.obj
                0x080037c4                SystemInit
 .text.HAL_TIM_PWM_MspInit
                0x08003890       0x34 CMakeFiles/H7_Bin_V1.0.elf.dir/Core/Src/tim.c.obj
                0x08003890                HAL_TIM_PWM_MspInit
 .text.HAL_TIM_MspPostInit
                0x080038c4       0x5c CMakeFiles/H7_Bin_V1.0.elf.dir/Core/Src/tim.c.obj
                0x080038c4                HAL_TIM_MspPostInit
 .text.MX_TIM1_Init
                0x08003920       0xcc CMakeFiles/H7_Bin_V1.0.elf.dir/Core/Src/tim.c.obj
                0x08003920                MX_TIM1_Init
 .text.MX_UART4_Init
                0x080039ec       0x70 CMakeFiles/H7_Bin_V1.0.elf.dir/Core/Src/usart.c.obj
                0x080039ec                MX_UART4_Init
 .text.MX_UART5_Init
                0x08003a5c       0x68 CMakeFiles/H7_Bin_V1.0.elf.dir/Core/Src/usart.c.obj
                0x08003a5c                MX_UART5_Init
 .text.MX_UART8_Init
                0x08003ac4       0x74 CMakeFiles/H7_Bin_V1.0.elf.dir/Core/Src/usart.c.obj
                0x08003ac4                MX_UART8_Init
 .text.MX_USART2_UART_Init
                0x08003b38       0x68 CMakeFiles/H7_Bin_V1.0.elf.dir/Core/Src/usart.c.obj
                0x08003b38                MX_USART2_UART_Init
 .text.MX_USART3_UART_Init
                0x08003ba0       0x68 CMakeFiles/H7_Bin_V1.0.elf.dir/Core/Src/usart.c.obj
                0x08003ba0                MX_USART3_UART_Init
 .text.HAL_UART_MspInit
                0x08003c08      0x3a0 CMakeFiles/H7_Bin_V1.0.elf.dir/Core/Src/usart.c.obj
                0x08003c08                HAL_UART_MspInit
 .text.Reset_Handler
                0x08003fa8       0x50 CMakeFiles/H7_Bin_V1.0.elf.dir/Core/Startup/startup_stm32h750vbtx.s.obj
                0x08003fa8                Reset_Handler
 .text.Default_Handler
                0x08003ff8        0x2 CMakeFiles/H7_Bin_V1.0.elf.dir/Core/Startup/startup_stm32h750vbtx.s.obj
                0x08003ff8                RTC_Alarm_IRQHandler
                0x08003ff8                HASH_RNG_IRQHandler
                0x08003ff8                EXTI2_IRQHandler
                0x08003ff8                TIM8_CC_IRQHandler
                0x08003ff8                HRTIM1_Master_IRQHandler
                0x08003ff8                SPI4_IRQHandler
                0x08003ff8                TIM1_CC_IRQHandler
                0x08003ff8                BDMA_Channel6_IRQHandler
                0x08003ff8                DMA2_Stream5_IRQHandler
                0x08003ff8                HRTIM1_FLT_IRQHandler
                0x08003ff8                JPEG_IRQHandler
                0x08003ff8                DMA1_Stream5_IRQHandler
                0x08003ff8                BDMA_Channel1_IRQHandler
                0x08003ff8                HRTIM1_TIMD_IRQHandler
                0x08003ff8                TAMP_STAMP_IRQHandler
                0x08003ff8                EXTI3_IRQHandler
                0x08003ff8                LPTIM4_IRQHandler
                0x08003ff8                TIM8_TRG_COM_TIM14_IRQHandler
                0x08003ff8                LPTIM2_IRQHandler
                0x08003ff8                DFSDM1_FLT1_IRQHandler
                0x08003ff8                DMAMUX2_OVR_IRQHandler
                0x08003ff8                TIM8_UP_TIM13_IRQHandler
                0x08003ff8                I2C3_ER_IRQHandler
                0x08003ff8                DFSDM1_FLT2_IRQHandler
                0x08003ff8                MDMA_IRQHandler
                0x08003ff8                LPTIM3_IRQHandler
                0x08003ff8                HSEM1_IRQHandler
                0x08003ff8                EXTI0_IRQHandler
                0x08003ff8                I2C2_EV_IRQHandler
                0x08003ff8                FPU_IRQHandler
                0x08003ff8                OTG_HS_WKUP_IRQHandler
                0x08003ff8                FDCAN1_IT1_IRQHandler
                0x08003ff8                LTDC_ER_IRQHandler
                0x08003ff8                DMA2_Stream2_IRQHandler
                0x08003ff8                HRTIM1_TIME_IRQHandler
                0x08003ff8                TIM6_DAC_IRQHandler
                0x08003ff8                DCMI_IRQHandler
                0x08003ff8                HRTIM1_TIMC_IRQHandler
                0x08003ff8                DMA2_Stream3_IRQHandler
                0x08003ff8                SAI2_IRQHandler
                0x08003ff8                DFSDM1_FLT3_IRQHandler
                0x08003ff8                USART6_IRQHandler
                0x08003ff8                BDMA_Channel7_IRQHandler
                0x08003ff8                CRYP_IRQHandler
                0x08003ff8                LPTIM5_IRQHandler
                0x08003ff8                ADC3_IRQHandler
                0x08003ff8                DMA2_Stream0_IRQHandler
                0x08003ff8                TIM4_IRQHandler
                0x08003ff8                BDMA_Channel2_IRQHandler
                0x08003ff8                QUADSPI_IRQHandler
                0x08003ff8                I2C1_EV_IRQHandler
                0x08003ff8                DMA1_Stream6_IRQHandler
                0x08003ff8                DMAMUX1_OVR_IRQHandler
                0x08003ff8                TIM16_IRQHandler
                0x08003ff8                BDMA_Channel5_IRQHandler
                0x08003ff8                TIM3_IRQHandler
                0x08003ff8                RCC_IRQHandler
                0x08003ff8                TIM8_BRK_TIM12_IRQHandler
                0x08003ff8                TIM1_TRG_COM_IRQHandler
                0x08003ff8                Default_Handler
                0x08003ff8                ECC_IRQHandler
                0x08003ff8                CEC_IRQHandler
                0x08003ff8                EXTI15_10_IRQHandler
                0x08003ff8                BDMA_Channel0_IRQHandler
                0x08003ff8                ADC_IRQHandler
                0x08003ff8                DMA1_Stream7_IRQHandler
                0x08003ff8                HRTIM1_TIMA_IRQHandler
                0x08003ff8                SPI5_IRQHandler
                0x08003ff8                TIM7_IRQHandler
                0x08003ff8                SDMMC1_IRQHandler
                0x08003ff8                TIM5_IRQHandler
                0x08003ff8                DMA2_Stream7_IRQHandler
                0x08003ff8                TIM15_IRQHandler
                0x08003ff8                PVD_AVD_IRQHandler
                0x08003ff8                I2C3_EV_IRQHandler
                0x08003ff8                EXTI9_5_IRQHandler
                0x08003ff8                RTC_WKUP_IRQHandler
                0x08003ff8                LTDC_IRQHandler
                0x08003ff8                SAI3_IRQHandler
                0x08003ff8                ETH_WKUP_IRQHandler
                0x08003ff8                SPDIF_RX_IRQHandler
                0x08003ff8                SPI2_IRQHandler
                0x08003ff8                OTG_HS_EP1_IN_IRQHandler
                0x08003ff8                CRS_IRQHandler
                0x08003ff8                EXTI4_IRQHandler
                0x08003ff8                HRTIM1_TIMB_IRQHandler
                0x08003ff8                FDCAN2_IT1_IRQHandler
                0x08003ff8                ETH_IRQHandler
                0x08003ff8                TIM1_UP_IRQHandler
                0x08003ff8                BDMA_Channel4_IRQHandler
                0x08003ff8                OTG_HS_EP1_OUT_IRQHandler
                0x08003ff8                WWDG_IRQHandler
                0x08003ff8                SPI6_IRQHandler
                0x08003ff8                MDIOS_IRQHandler
                0x08003ff8                I2C4_EV_IRQHandler
                0x08003ff8                FDCAN2_IT0_IRQHandler
                0x08003ff8                LPUART1_IRQHandler
                0x08003ff8                FDCAN1_IT0_IRQHandler
                0x08003ff8                TIM2_IRQHandler
                0x08003ff8                OTG_FS_WKUP_IRQHandler
                0x08003ff8                OTG_HS_IRQHandler
                0x08003ff8                DMA2D_IRQHandler
                0x08003ff8                TIM1_BRK_IRQHandler
                0x08003ff8                EXTI1_IRQHandler
                0x08003ff8                SDMMC2_IRQHandler
                0x08003ff8                OTG_FS_EP1_OUT_IRQHandler
                0x08003ff8                BDMA_Channel3_IRQHandler
                0x08003ff8                UART7_IRQHandler
                0x08003ff8                MDIOS_WKUP_IRQHandler
                0x08003ff8                DFSDM1_FLT0_IRQHandler
                0x08003ff8                SAI4_IRQHandler
                0x08003ff8                I2C2_ER_IRQHandler
                0x08003ff8                DMA2_Stream1_IRQHandler
                0x08003ff8                FLASH_IRQHandler
                0x08003ff8                DMA2_Stream4_IRQHandler
                0x08003ff8                USART1_IRQHandler
                0x08003ff8                OTG_FS_IRQHandler
                0x08003ff8                SPI3_IRQHandler
                0x08003ff8                WAKEUP_PIN_IRQHandler
                0x08003ff8                DMA1_Stream4_IRQHandler
                0x08003ff8                OTG_FS_EP1_IN_IRQHandler
                0x08003ff8                I2C1_ER_IRQHandler
                0x08003ff8                FMC_IRQHandler
                0x08003ff8                FDCAN_CAL_IRQHandler
                0x08003ff8                SWPMI1_IRQHandler
                0x08003ff8                COMP1_IRQHandler
                0x08003ff8                LPTIM1_IRQHandler
                0x08003ff8                I2C4_ER_IRQHandler
                0x08003ff8                DMA2_Stream6_IRQHandler
                0x08003ff8                SAI1_IRQHandler
 *fill*         0x08003ffa        0x6 
 .text.Trash_Init
                0x08004000      0x104 CMakeFiles/H7_Bin_V1.0.elf.dir/Core/Trash/trash.c.obj
                0x08004000                Trash_Init
 .text.Trash_Set
                0x08004104       0x50 CMakeFiles/H7_Bin_V1.0.elf.dir/Core/Trash/trash.c.obj
                0x08004104                Trash_Set
 .text.Trash_Get
                0x08004154        0xe CMakeFiles/H7_Bin_V1.0.elf.dir/Core/Trash/trash.c.obj
                0x08004154                Trash_Get
 .text.trash_task
                0x08004162       0x12 CMakeFiles/H7_Bin_V1.0.elf.dir/Core/Trash_Task.c.obj
                0x08004162                trash_task
 .text.HAL_Init
                0x08004174       0x5c CMakeFiles/H7_Bin_V1.0.elf.dir/Drivers/STM32H7xx_HAL_Driver/Src/stm32h7xx_hal.c.obj
                0x08004174                HAL_Init
 .text.HAL_IncTick
                0x080041d0       0x18 CMakeFiles/H7_Bin_V1.0.elf.dir/Drivers/STM32H7xx_HAL_Driver/Src/stm32h7xx_hal.c.obj
                0x080041d0                HAL_IncTick
 .text.HAL_GetTick
                0x080041e8        0xc CMakeFiles/H7_Bin_V1.0.elf.dir/Drivers/STM32H7xx_HAL_Driver/Src/stm32h7xx_hal.c.obj
                0x080041e8                HAL_GetTick
 .text.HAL_Delay
                0x080041f4       0x28 CMakeFiles/H7_Bin_V1.0.elf.dir/Drivers/STM32H7xx_HAL_Driver/Src/stm32h7xx_hal.c.obj
                0x080041f4                HAL_Delay
 .text.HAL_GetREVID
                0x0800421c        0xc CMakeFiles/H7_Bin_V1.0.elf.dir/Drivers/STM32H7xx_HAL_Driver/Src/stm32h7xx_hal.c.obj
                0x0800421c                HAL_GetREVID
 .text.HAL_NVIC_SetPriorityGrouping
                0x08004228       0x24 CMakeFiles/H7_Bin_V1.0.elf.dir/Drivers/STM32H7xx_HAL_Driver/Src/stm32h7xx_hal_cortex.c.obj
                0x08004228                HAL_NVIC_SetPriorityGrouping
 .text.HAL_NVIC_SetPriority
                0x0800424c       0x6c CMakeFiles/H7_Bin_V1.0.elf.dir/Drivers/STM32H7xx_HAL_Driver/Src/stm32h7xx_hal_cortex.c.obj
                0x0800424c                HAL_NVIC_SetPriority
 .text.HAL_NVIC_EnableIRQ
                0x080042b8       0x1c CMakeFiles/H7_Bin_V1.0.elf.dir/Drivers/STM32H7xx_HAL_Driver/Src/stm32h7xx_hal_cortex.c.obj
                0x080042b8                HAL_NVIC_EnableIRQ
 .text.DMA_SetConfig
                0x080042d4      0x1b4 CMakeFiles/H7_Bin_V1.0.elf.dir/Drivers/STM32H7xx_HAL_Driver/Src/stm32h7xx_hal_dma.c.obj
 .text.DMA_CalcBaseAndBitshift
                0x08004488       0xb4 CMakeFiles/H7_Bin_V1.0.elf.dir/Drivers/STM32H7xx_HAL_Driver/Src/stm32h7xx_hal_dma.c.obj
 .text.DMA_CheckFifoParam
                0x0800453c       0x92 CMakeFiles/H7_Bin_V1.0.elf.dir/Drivers/STM32H7xx_HAL_Driver/Src/stm32h7xx_hal_dma.c.obj
 *fill*         0x080045ce        0x2 
 .text.DMA_CalcDMAMUXChannelBaseAndMask
                0x080045d0       0xb0 CMakeFiles/H7_Bin_V1.0.elf.dir/Drivers/STM32H7xx_HAL_Driver/Src/stm32h7xx_hal_dma.c.obj
 .text.DMA_CalcDMAMUXRequestGenBaseAndMask
                0x08004680       0x7c CMakeFiles/H7_Bin_V1.0.elf.dir/Drivers/STM32H7xx_HAL_Driver/Src/stm32h7xx_hal_dma.c.obj
 .text.HAL_DMA_Init
                0x080046fc      0x3a4 CMakeFiles/H7_Bin_V1.0.elf.dir/Drivers/STM32H7xx_HAL_Driver/Src/stm32h7xx_hal_dma.c.obj
                0x080046fc                HAL_DMA_Init
 .text.HAL_DMA_Start_IT
                0x08004aa0      0x298 CMakeFiles/H7_Bin_V1.0.elf.dir/Drivers/STM32H7xx_HAL_Driver/Src/stm32h7xx_hal_dma.c.obj
                0x08004aa0                HAL_DMA_Start_IT
 .text.HAL_DMA_Abort
                0x08004d38      0x340 CMakeFiles/H7_Bin_V1.0.elf.dir/Drivers/STM32H7xx_HAL_Driver/Src/stm32h7xx_hal_dma.c.obj
                0x08004d38                HAL_DMA_Abort
 .text.HAL_DMA_Abort_IT
                0x08005078      0x270 CMakeFiles/H7_Bin_V1.0.elf.dir/Drivers/STM32H7xx_HAL_Driver/Src/stm32h7xx_hal_dma.c.obj
                0x08005078                HAL_DMA_Abort_IT
 .text.HAL_DMA_IRQHandler
                0x080052e8      0x738 CMakeFiles/H7_Bin_V1.0.elf.dir/Drivers/STM32H7xx_HAL_Driver/Src/stm32h7xx_hal_dma.c.obj
                0x080052e8                HAL_DMA_IRQHandler
 .text.HAL_DMA_GetError
                0x08005a20        0x4 CMakeFiles/H7_Bin_V1.0.elf.dir/Drivers/STM32H7xx_HAL_Driver/Src/stm32h7xx_hal_dma.c.obj
                0x08005a20                HAL_DMA_GetError
 .text.HAL_GPIO_Init
                0x08005a24      0x220 CMakeFiles/H7_Bin_V1.0.elf.dir/Drivers/STM32H7xx_HAL_Driver/Src/stm32h7xx_hal_gpio.c.obj
                0x08005a24                HAL_GPIO_Init
 .text.HAL_GPIO_ReadPin
                0x08005c44        0xe CMakeFiles/H7_Bin_V1.0.elf.dir/Drivers/STM32H7xx_HAL_Driver/Src/stm32h7xx_hal_gpio.c.obj
                0x08005c44                HAL_GPIO_ReadPin
 .text.HAL_GPIO_WritePin
                0x08005c52        0xc CMakeFiles/H7_Bin_V1.0.elf.dir/Drivers/STM32H7xx_HAL_Driver/Src/stm32h7xx_hal_gpio.c.obj
                0x08005c52                HAL_GPIO_WritePin
 *fill*         0x08005c5e        0x2 
 .text.HAL_PWREx_ConfigSupply
                0x08005c60       0x54 CMakeFiles/H7_Bin_V1.0.elf.dir/Drivers/STM32H7xx_HAL_Driver/Src/stm32h7xx_hal_pwr_ex.c.obj
                0x08005c60                HAL_PWREx_ConfigSupply
 .text.HAL_RCC_OscConfig
                0x08005cb4      0x674 CMakeFiles/H7_Bin_V1.0.elf.dir/Drivers/STM32H7xx_HAL_Driver/Src/stm32h7xx_hal_rcc.c.obj
                0x08005cb4                HAL_RCC_OscConfig
 .text.HAL_RCC_GetSysClockFreq
                0x08006328      0x1f4 CMakeFiles/H7_Bin_V1.0.elf.dir/Drivers/STM32H7xx_HAL_Driver/Src/stm32h7xx_hal_rcc.c.obj
                0x08006328                HAL_RCC_GetSysClockFreq
 .text.HAL_RCC_ClockConfig
                0x0800651c      0x294 CMakeFiles/H7_Bin_V1.0.elf.dir/Drivers/STM32H7xx_HAL_Driver/Src/stm32h7xx_hal_rcc.c.obj
                0x0800651c                HAL_RCC_ClockConfig
 .text.HAL_RCC_GetHCLKFreq
                0x080067b0       0x44 CMakeFiles/H7_Bin_V1.0.elf.dir/Drivers/STM32H7xx_HAL_Driver/Src/stm32h7xx_hal_rcc.c.obj
                0x080067b0                HAL_RCC_GetHCLKFreq
 .text.HAL_RCC_GetPCLK1Freq
                0x080067f4       0x24 CMakeFiles/H7_Bin_V1.0.elf.dir/Drivers/STM32H7xx_HAL_Driver/Src/stm32h7xx_hal_rcc.c.obj
                0x080067f4                HAL_RCC_GetPCLK1Freq
 .text.HAL_RCC_GetPCLK2Freq
                0x08006818       0x24 CMakeFiles/H7_Bin_V1.0.elf.dir/Drivers/STM32H7xx_HAL_Driver/Src/stm32h7xx_hal_rcc.c.obj
                0x08006818                HAL_RCC_GetPCLK2Freq
 .text.HAL_RCC_GetClockConfig
                0x0800683c       0x54 CMakeFiles/H7_Bin_V1.0.elf.dir/Drivers/STM32H7xx_HAL_Driver/Src/stm32h7xx_hal_rcc.c.obj
                0x0800683c                HAL_RCC_GetClockConfig
 .text.RCCEx_PLL2_Config
                0x08006890      0x10c CMakeFiles/H7_Bin_V1.0.elf.dir/Drivers/STM32H7xx_HAL_Driver/Src/stm32h7xx_hal_rcc_ex.c.obj
 .text.RCCEx_PLL3_Config
                0x0800699c      0x10c CMakeFiles/H7_Bin_V1.0.elf.dir/Drivers/STM32H7xx_HAL_Driver/Src/stm32h7xx_hal_rcc_ex.c.obj
 .text.HAL_RCCEx_PeriphCLKConfig
                0x08006aa8      0x9c4 CMakeFiles/H7_Bin_V1.0.elf.dir/Drivers/STM32H7xx_HAL_Driver/Src/stm32h7xx_hal_rcc_ex.c.obj
                0x08006aa8                HAL_RCCEx_PeriphCLKConfig
 .text.HAL_RCCEx_GetD3PCLK1Freq
                0x0800746c       0x24 CMakeFiles/H7_Bin_V1.0.elf.dir/Drivers/STM32H7xx_HAL_Driver/Src/stm32h7xx_hal_rcc_ex.c.obj
                0x0800746c                HAL_RCCEx_GetD3PCLK1Freq
 .text.HAL_RCCEx_GetPLL2ClockFreq
                0x08007490      0x1f8 CMakeFiles/H7_Bin_V1.0.elf.dir/Drivers/STM32H7xx_HAL_Driver/Src/stm32h7xx_hal_rcc_ex.c.obj
                0x08007490                HAL_RCCEx_GetPLL2ClockFreq
 .text.HAL_RCCEx_GetPLL3ClockFreq
                0x08007688      0x1f8 CMakeFiles/H7_Bin_V1.0.elf.dir/Drivers/STM32H7xx_HAL_Driver/Src/stm32h7xx_hal_rcc_ex.c.obj
                0x08007688                HAL_RCCEx_GetPLL3ClockFreq
 .text.HAL_RTC_WaitForSynchro
                0x08007880       0x32 CMakeFiles/H7_Bin_V1.0.elf.dir/Drivers/STM32H7xx_HAL_Driver/Src/stm32h7xx_hal_rtc.c.obj
                0x08007880                HAL_RTC_WaitForSynchro
 .text.RTC_EnterInitMode
                0x080078b2       0x44 CMakeFiles/H7_Bin_V1.0.elf.dir/Drivers/STM32H7xx_HAL_Driver/Src/stm32h7xx_hal_rtc.c.obj
                0x080078b2                RTC_EnterInitMode
 *fill*         0x080078f6        0x2 
 .text.RTC_ExitInitMode
                0x080078f8       0x50 CMakeFiles/H7_Bin_V1.0.elf.dir/Drivers/STM32H7xx_HAL_Driver/Src/stm32h7xx_hal_rtc.c.obj
                0x080078f8                RTC_ExitInitMode
 .text.HAL_RTC_Init
                0x08007948       0x98 CMakeFiles/H7_Bin_V1.0.elf.dir/Drivers/STM32H7xx_HAL_Driver/Src/stm32h7xx_hal_rtc.c.obj
                0x08007948                HAL_RTC_Init
 .text.RTC_ByteToBcd2
                0x080079e0       0x16 CMakeFiles/H7_Bin_V1.0.elf.dir/Drivers/STM32H7xx_HAL_Driver/Src/stm32h7xx_hal_rtc.c.obj
                0x080079e0                RTC_ByteToBcd2
 *fill*         0x080079f6        0x2 
 .text.HAL_RTC_SetTime
                0x080079f8       0xc8 CMakeFiles/H7_Bin_V1.0.elf.dir/Drivers/STM32H7xx_HAL_Driver/Src/stm32h7xx_hal_rtc.c.obj
                0x080079f8                HAL_RTC_SetTime
 .text.HAL_RTC_SetDate
                0x08007ac0       0xa8 CMakeFiles/H7_Bin_V1.0.elf.dir/Drivers/STM32H7xx_HAL_Driver/Src/stm32h7xx_hal_rtc.c.obj
                0x08007ac0                HAL_RTC_SetDate
 .text.SPI_CloseTransfer
                0x08007b68       0xd0 CMakeFiles/H7_Bin_V1.0.elf.dir/Drivers/STM32H7xx_HAL_Driver/Src/stm32h7xx_hal_spi.c.obj
 .text.SPI_GetPacketSize
                0x08007c38       0x10 CMakeFiles/H7_Bin_V1.0.elf.dir/Drivers/STM32H7xx_HAL_Driver/Src/stm32h7xx_hal_spi.c.obj
 .text.SPI_WaitOnFlagUntilTimeout
                0x08007c48       0x48 CMakeFiles/H7_Bin_V1.0.elf.dir/Drivers/STM32H7xx_HAL_Driver/Src/stm32h7xx_hal_spi.c.obj
 .text.HAL_SPI_Init
                0x08007c90      0x168 CMakeFiles/H7_Bin_V1.0.elf.dir/Drivers/STM32H7xx_HAL_Driver/Src/stm32h7xx_hal_spi.c.obj
                0x08007c90                HAL_SPI_Init
 .text.HAL_SPI_Transmit
                0x08007df8      0x2c4 CMakeFiles/H7_Bin_V1.0.elf.dir/Drivers/STM32H7xx_HAL_Driver/Src/stm32h7xx_hal_spi.c.obj
                0x08007df8                HAL_SPI_Transmit
 .text.HAL_SPI_TransmitReceive
                0x080080bc      0x312 CMakeFiles/H7_Bin_V1.0.elf.dir/Drivers/STM32H7xx_HAL_Driver/Src/stm32h7xx_hal_spi.c.obj
                0x080080bc                HAL_SPI_TransmitReceive
 *fill*         0x080083ce        0x2 
 .text.HAL_SPI_Receive
                0x080083d0      0x244 CMakeFiles/H7_Bin_V1.0.elf.dir/Drivers/STM32H7xx_HAL_Driver/Src/stm32h7xx_hal_spi.c.obj
                0x080083d0                HAL_SPI_Receive
 .text.HAL_SPI_TxCpltCallback
                0x08008614        0x2 CMakeFiles/H7_Bin_V1.0.elf.dir/Drivers/STM32H7xx_HAL_Driver/Src/stm32h7xx_hal_spi.c.obj
                0x08008614                HAL_SPI_TxCpltCallback
 .text.HAL_SPI_RxCpltCallback
                0x08008616        0x2 CMakeFiles/H7_Bin_V1.0.elf.dir/Drivers/STM32H7xx_HAL_Driver/Src/stm32h7xx_hal_spi.c.obj
                0x08008616                HAL_SPI_RxCpltCallback
 .text.HAL_SPI_TxRxCpltCallback
                0x08008618        0x2 CMakeFiles/H7_Bin_V1.0.elf.dir/Drivers/STM32H7xx_HAL_Driver/Src/stm32h7xx_hal_spi.c.obj
                0x08008618                HAL_SPI_TxRxCpltCallback
 .text.HAL_SPI_ErrorCallback
                0x0800861a        0x2 CMakeFiles/H7_Bin_V1.0.elf.dir/Drivers/STM32H7xx_HAL_Driver/Src/stm32h7xx_hal_spi.c.obj
                0x0800861a                HAL_SPI_ErrorCallback
 .text.HAL_SPI_IRQHandler
                0x0800861c      0x240 CMakeFiles/H7_Bin_V1.0.elf.dir/Drivers/STM32H7xx_HAL_Driver/Src/stm32h7xx_hal_spi.c.obj
                0x0800861c                HAL_SPI_IRQHandler
 .text.SPI_DMAAbortOnError
                0x0800885c       0x1a CMakeFiles/H7_Bin_V1.0.elf.dir/Drivers/STM32H7xx_HAL_Driver/Src/stm32h7xx_hal_spi.c.obj
 *fill*         0x08008876        0x2 
 .text.TIM_OC1_SetConfig
                0x08008878       0xa8 CMakeFiles/H7_Bin_V1.0.elf.dir/Drivers/STM32H7xx_HAL_Driver/Src/stm32h7xx_hal_tim.c.obj
 .text.TIM_OC3_SetConfig
                0x08008920       0x94 CMakeFiles/H7_Bin_V1.0.elf.dir/Drivers/STM32H7xx_HAL_Driver/Src/stm32h7xx_hal_tim.c.obj
 .text.TIM_OC4_SetConfig
                0x080089b4       0x74 CMakeFiles/H7_Bin_V1.0.elf.dir/Drivers/STM32H7xx_HAL_Driver/Src/stm32h7xx_hal_tim.c.obj
 .text.TIM_OC5_SetConfig
                0x08008a28       0x74 CMakeFiles/H7_Bin_V1.0.elf.dir/Drivers/STM32H7xx_HAL_Driver/Src/stm32h7xx_hal_tim.c.obj
 .text.TIM_OC6_SetConfig
                0x08008a9c       0x74 CMakeFiles/H7_Bin_V1.0.elf.dir/Drivers/STM32H7xx_HAL_Driver/Src/stm32h7xx_hal_tim.c.obj
 .text.HAL_TIM_Base_MspInit
                0x08008b10        0x2 CMakeFiles/H7_Bin_V1.0.elf.dir/Drivers/STM32H7xx_HAL_Driver/Src/stm32h7xx_hal_tim.c.obj
                0x08008b10                HAL_TIM_Base_MspInit
 *fill*         0x08008b12        0x2 
 .text.HAL_TIM_Base_Start_IT
                0x08008b14       0x90 CMakeFiles/H7_Bin_V1.0.elf.dir/Drivers/STM32H7xx_HAL_Driver/Src/stm32h7xx_hal_tim.c.obj
                0x08008b14                HAL_TIM_Base_Start_IT
 .text.HAL_TIM_OC_DelayElapsedCallback
                0x08008ba4        0x2 CMakeFiles/H7_Bin_V1.0.elf.dir/Drivers/STM32H7xx_HAL_Driver/Src/stm32h7xx_hal_tim.c.obj
                0x08008ba4                HAL_TIM_OC_DelayElapsedCallback
 .text.HAL_TIM_IC_CaptureCallback
                0x08008ba6        0x2 CMakeFiles/H7_Bin_V1.0.elf.dir/Drivers/STM32H7xx_HAL_Driver/Src/stm32h7xx_hal_tim.c.obj
                0x08008ba6                HAL_TIM_IC_CaptureCallback
 .text.HAL_TIM_PWM_PulseFinishedCallback
                0x08008ba8        0x2 CMakeFiles/H7_Bin_V1.0.elf.dir/Drivers/STM32H7xx_HAL_Driver/Src/stm32h7xx_hal_tim.c.obj
                0x08008ba8                HAL_TIM_PWM_PulseFinishedCallback
 .text.HAL_TIM_TriggerCallback
                0x08008baa        0x2 CMakeFiles/H7_Bin_V1.0.elf.dir/Drivers/STM32H7xx_HAL_Driver/Src/stm32h7xx_hal_tim.c.obj
                0x08008baa                HAL_TIM_TriggerCallback
 .text.HAL_TIM_IRQHandler
                0x08008bac      0x19a CMakeFiles/H7_Bin_V1.0.elf.dir/Drivers/STM32H7xx_HAL_Driver/Src/stm32h7xx_hal_tim.c.obj
                0x08008bac                HAL_TIM_IRQHandler
 *fill*         0x08008d46        0x2 
 .text.TIM_Base_SetConfig
                0x08008d48      0x104 CMakeFiles/H7_Bin_V1.0.elf.dir/Drivers/STM32H7xx_HAL_Driver/Src/stm32h7xx_hal_tim.c.obj
                0x08008d48                TIM_Base_SetConfig
 .text.HAL_TIM_Base_Init
                0x08008e4c       0x60 CMakeFiles/H7_Bin_V1.0.elf.dir/Drivers/STM32H7xx_HAL_Driver/Src/stm32h7xx_hal_tim.c.obj
                0x08008e4c                HAL_TIM_Base_Init
 .text.HAL_TIM_PWM_Init
                0x08008eac       0x60 CMakeFiles/H7_Bin_V1.0.elf.dir/Drivers/STM32H7xx_HAL_Driver/Src/stm32h7xx_hal_tim.c.obj
                0x08008eac                HAL_TIM_PWM_Init
 .text.TIM_OC2_SetConfig
                0x08008f0c       0x94 CMakeFiles/H7_Bin_V1.0.elf.dir/Drivers/STM32H7xx_HAL_Driver/Src/stm32h7xx_hal_tim.c.obj
                0x08008f0c                TIM_OC2_SetConfig
 .text.HAL_TIM_PWM_ConfigChannel
                0x08008fa0      0x13a CMakeFiles/H7_Bin_V1.0.elf.dir/Drivers/STM32H7xx_HAL_Driver/Src/stm32h7xx_hal_tim.c.obj
                0x08008fa0                HAL_TIM_PWM_ConfigChannel
 *fill*         0x080090da        0x2 
 .text.HAL_TIMEx_MasterConfigSynchronization
                0x080090dc       0xa0 CMakeFiles/H7_Bin_V1.0.elf.dir/Drivers/STM32H7xx_HAL_Driver/Src/stm32h7xx_hal_tim_ex.c.obj
                0x080090dc                HAL_TIMEx_MasterConfigSynchronization
 .text.HAL_TIMEx_ConfigBreakDeadTime
                0x0800917c       0x90 CMakeFiles/H7_Bin_V1.0.elf.dir/Drivers/STM32H7xx_HAL_Driver/Src/stm32h7xx_hal_tim_ex.c.obj
                0x0800917c                HAL_TIMEx_ConfigBreakDeadTime
 .text.HAL_TIMEx_CommutCallback
                0x0800920c        0x2 CMakeFiles/H7_Bin_V1.0.elf.dir/Drivers/STM32H7xx_HAL_Driver/Src/stm32h7xx_hal_tim_ex.c.obj
                0x0800920c                HAL_TIMEx_CommutCallback
 .text.HAL_TIMEx_BreakCallback
                0x0800920e        0x2 CMakeFiles/H7_Bin_V1.0.elf.dir/Drivers/STM32H7xx_HAL_Driver/Src/stm32h7xx_hal_tim_ex.c.obj
                0x0800920e                HAL_TIMEx_BreakCallback
 .text.HAL_TIMEx_Break2Callback
                0x08009210        0x2 CMakeFiles/H7_Bin_V1.0.elf.dir/Drivers/STM32H7xx_HAL_Driver/Src/stm32h7xx_hal_tim_ex.c.obj
                0x08009210                HAL_TIMEx_Break2Callback
 .text.UART_EndTxTransfer
                0x08009212       0x32 CMakeFiles/H7_Bin_V1.0.elf.dir/Drivers/STM32H7xx_HAL_Driver/Src/stm32h7xx_hal_uart.c.obj
 .text.UART_EndRxTransfer
                0x08009244       0x58 CMakeFiles/H7_Bin_V1.0.elf.dir/Drivers/STM32H7xx_HAL_Driver/Src/stm32h7xx_hal_uart.c.obj
 .text.HAL_UART_DMAStop
                0x0800929c       0xae CMakeFiles/H7_Bin_V1.0.elf.dir/Drivers/STM32H7xx_HAL_Driver/Src/stm32h7xx_hal_uart.c.obj
                0x0800929c                HAL_UART_DMAStop
 .text.HAL_UART_TxCpltCallback
                0x0800934a        0x2 CMakeFiles/H7_Bin_V1.0.elf.dir/Drivers/STM32H7xx_HAL_Driver/Src/stm32h7xx_hal_uart.c.obj
                0x0800934a                HAL_UART_TxCpltCallback
 .text.UART_EndTransmit_IT
                0x0800934c       0x24 CMakeFiles/H7_Bin_V1.0.elf.dir/Drivers/STM32H7xx_HAL_Driver/Src/stm32h7xx_hal_uart.c.obj
 .text.HAL_UART_RxCpltCallback
                0x08009370        0x2 CMakeFiles/H7_Bin_V1.0.elf.dir/Drivers/STM32H7xx_HAL_Driver/Src/stm32h7xx_hal_uart.c.obj
                0x08009370                HAL_UART_RxCpltCallback
 .text.HAL_UART_RxHalfCpltCallback
                0x08009372        0x2 CMakeFiles/H7_Bin_V1.0.elf.dir/Drivers/STM32H7xx_HAL_Driver/Src/stm32h7xx_hal_uart.c.obj
                0x08009372                HAL_UART_RxHalfCpltCallback
 .text.HAL_UART_ErrorCallback
                0x08009374        0x2 CMakeFiles/H7_Bin_V1.0.elf.dir/Drivers/STM32H7xx_HAL_Driver/Src/stm32h7xx_hal_uart.c.obj
                0x08009374                HAL_UART_ErrorCallback
 .text.UART_DMAError
                0x08009376       0x58 CMakeFiles/H7_Bin_V1.0.elf.dir/Drivers/STM32H7xx_HAL_Driver/Src/stm32h7xx_hal_uart.c.obj
 .text.UART_DMAAbortOnError
                0x080093ce       0x14 CMakeFiles/H7_Bin_V1.0.elf.dir/Drivers/STM32H7xx_HAL_Driver/Src/stm32h7xx_hal_uart.c.obj
 .text.HAL_UARTEx_RxEventCallback
                0x080093e2        0x2 CMakeFiles/H7_Bin_V1.0.elf.dir/Drivers/STM32H7xx_HAL_Driver/Src/stm32h7xx_hal_uart.c.obj
                0x080093e2                HAL_UARTEx_RxEventCallback
 .text.HAL_UART_IRQHandler
                0x080093e4      0x3a8 CMakeFiles/H7_Bin_V1.0.elf.dir/Drivers/STM32H7xx_HAL_Driver/Src/stm32h7xx_hal_uart.c.obj
                0x080093e4                HAL_UART_IRQHandler
 .text.UART_DMARxHalfCplt
                0x0800978c       0x1c CMakeFiles/H7_Bin_V1.0.elf.dir/Drivers/STM32H7xx_HAL_Driver/Src/stm32h7xx_hal_uart.c.obj
 .text.UART_DMAReceiveCplt
                0x080097a8       0x8c CMakeFiles/H7_Bin_V1.0.elf.dir/Drivers/STM32H7xx_HAL_Driver/Src/stm32h7xx_hal_uart.c.obj
 .text.UART_SetConfig
                0x08009834      0x5f4 CMakeFiles/H7_Bin_V1.0.elf.dir/Drivers/STM32H7xx_HAL_Driver/Src/stm32h7xx_hal_uart.c.obj
                0x08009834                UART_SetConfig
 .text.UART_AdvFeatureConfig
                0x08009e28       0xca CMakeFiles/H7_Bin_V1.0.elf.dir/Drivers/STM32H7xx_HAL_Driver/Src/stm32h7xx_hal_uart.c.obj
                0x08009e28                UART_AdvFeatureConfig
 .text.UART_WaitOnFlagUntilTimeout
                0x08009ef2       0xdc CMakeFiles/H7_Bin_V1.0.elf.dir/Drivers/STM32H7xx_HAL_Driver/Src/stm32h7xx_hal_uart.c.obj
                0x08009ef2                UART_WaitOnFlagUntilTimeout
 .text.HAL_UART_Transmit
                0x08009fce       0xda CMakeFiles/H7_Bin_V1.0.elf.dir/Drivers/STM32H7xx_HAL_Driver/Src/stm32h7xx_hal_uart.c.obj
                0x08009fce                HAL_UART_Transmit
 .text.HAL_UART_Receive
                0x0800a0a8      0x128 CMakeFiles/H7_Bin_V1.0.elf.dir/Drivers/STM32H7xx_HAL_Driver/Src/stm32h7xx_hal_uart.c.obj
                0x0800a0a8                HAL_UART_Receive
 .text.UART_CheckIdleState
                0x0800a1d0       0x74 CMakeFiles/H7_Bin_V1.0.elf.dir/Drivers/STM32H7xx_HAL_Driver/Src/stm32h7xx_hal_uart.c.obj
                0x0800a1d0                UART_CheckIdleState
 .text.HAL_UART_Init
                0x0800a244       0x66 CMakeFiles/H7_Bin_V1.0.elf.dir/Drivers/STM32H7xx_HAL_Driver/Src/stm32h7xx_hal_uart.c.obj
                0x0800a244                HAL_UART_Init
 *fill*         0x0800a2aa        0x2 
 .text.UART_Start_Receive_DMA
                0x0800a2ac       0xb4 CMakeFiles/H7_Bin_V1.0.elf.dir/Drivers/STM32H7xx_HAL_Driver/Src/stm32h7xx_hal_uart.c.obj
                0x0800a2ac                UART_Start_Receive_DMA
 .text.HAL_UART_Receive_DMA
                0x0800a360       0x5c CMakeFiles/H7_Bin_V1.0.elf.dir/Drivers/STM32H7xx_HAL_Driver/Src/stm32h7xx_hal_uart.c.obj
                0x0800a360                HAL_UART_Receive_DMA
 .text.UARTEx_SetNbDataToProcess
                0x0800a3bc       0x4c CMakeFiles/H7_Bin_V1.0.elf.dir/Drivers/STM32H7xx_HAL_Driver/Src/stm32h7xx_hal_uart_ex.c.obj
 .text.HAL_UARTEx_WakeupCallback
                0x0800a408        0x2 CMakeFiles/H7_Bin_V1.0.elf.dir/Drivers/STM32H7xx_HAL_Driver/Src/stm32h7xx_hal_uart_ex.c.obj
                0x0800a408                HAL_UARTEx_WakeupCallback
 .text.HAL_UARTEx_RxFifoFullCallback
                0x0800a40a        0x2 CMakeFiles/H7_Bin_V1.0.elf.dir/Drivers/STM32H7xx_HAL_Driver/Src/stm32h7xx_hal_uart_ex.c.obj
                0x0800a40a                HAL_UARTEx_RxFifoFullCallback
 .text.HAL_UARTEx_TxFifoEmptyCallback
                0x0800a40c        0x2 CMakeFiles/H7_Bin_V1.0.elf.dir/Drivers/STM32H7xx_HAL_Driver/Src/stm32h7xx_hal_uart_ex.c.obj
                0x0800a40c                HAL_UARTEx_TxFifoEmptyCallback
 .text.HAL_UARTEx_DisableFifoMode
                0x0800a40e       0x3e CMakeFiles/H7_Bin_V1.0.elf.dir/Drivers/STM32H7xx_HAL_Driver/Src/stm32h7xx_hal_uart_ex.c.obj
                0x0800a40e                HAL_UARTEx_DisableFifoMode
 .text.HAL_UARTEx_SetTxFifoThreshold
                0x0800a44c       0x4a CMakeFiles/H7_Bin_V1.0.elf.dir/Drivers/STM32H7xx_HAL_Driver/Src/stm32h7xx_hal_uart_ex.c.obj
                0x0800a44c                HAL_UARTEx_SetTxFifoThreshold
 .text.HAL_UARTEx_SetRxFifoThreshold
                0x0800a496       0x4a CMakeFiles/H7_Bin_V1.0.elf.dir/Drivers/STM32H7xx_HAL_Driver/Src/stm32h7xx_hal_uart_ex.c.obj
                0x0800a496                HAL_UARTEx_SetRxFifoThreshold
 .text.ReadValue
                0x0800a4e0       0x50 CMakeFiles/H7_Bin_V1.0.elf.dir/Drivers/Tle5012b/tle5012b.c.obj
                0x0800a4e0                ReadValue
 .text.ReadAngle
                0x0800a530       0x22 CMakeFiles/H7_Bin_V1.0.elf.dir/Drivers/Tle5012b/tle5012b.c.obj
                0x0800a530                ReadAngle
 .text.SysTick_Handler
                0x0800a552       0x18 CMakeFiles/H7_Bin_V1.0.elf.dir/Middlewares/Third_Party/FreeRTOS/Source/CMSIS_RTOS_V2/cmsis_os2.c.obj
                0x0800a552                SysTick_Handler
 *fill*         0x0800a56a        0x2 
 .text.osKernelInitialize
                0x0800a56c       0x24 CMakeFiles/H7_Bin_V1.0.elf.dir/Middlewares/Third_Party/FreeRTOS/Source/CMSIS_RTOS_V2/cmsis_os2.c.obj
                0x0800a56c                osKernelInitialize
 .text.osKernelStart
                0x0800a590       0x38 CMakeFiles/H7_Bin_V1.0.elf.dir/Middlewares/Third_Party/FreeRTOS/Source/CMSIS_RTOS_V2/cmsis_os2.c.obj
                0x0800a590                osKernelStart
 .text.osThreadNew
                0x0800a5c8       0xbe CMakeFiles/H7_Bin_V1.0.elf.dir/Middlewares/Third_Party/FreeRTOS/Source/CMSIS_RTOS_V2/cmsis_os2.c.obj
                0x0800a5c8                osThreadNew
 .text.osThreadExit
                0x0800a686        0xa CMakeFiles/H7_Bin_V1.0.elf.dir/Middlewares/Third_Party/FreeRTOS/Source/CMSIS_RTOS_V2/cmsis_os2.c.obj
                0x0800a686                osThreadExit
 .text.osDelay  0x0800a690       0x1c CMakeFiles/H7_Bin_V1.0.elf.dir/Middlewares/Third_Party/FreeRTOS/Source/CMSIS_RTOS_V2/cmsis_os2.c.obj
                0x0800a690                osDelay
 .text.vApplicationGetIdleTaskMemory
                0x0800a6ac       0x18 CMakeFiles/H7_Bin_V1.0.elf.dir/Middlewares/Third_Party/FreeRTOS/Source/CMSIS_RTOS_V2/cmsis_os2.c.obj
                0x0800a6ac                vApplicationGetIdleTaskMemory
 .text.vApplicationGetTimerTaskMemory
                0x0800a6c4       0x18 CMakeFiles/H7_Bin_V1.0.elf.dir/Middlewares/Third_Party/FreeRTOS/Source/CMSIS_RTOS_V2/cmsis_os2.c.obj
                0x0800a6c4                vApplicationGetTimerTaskMemory
 .text.vListInitialise
                0x0800a6dc       0x16 CMakeFiles/H7_Bin_V1.0.elf.dir/Middlewares/Third_Party/FreeRTOS/Source/list.c.obj
                0x0800a6dc                vListInitialise
 .text.vListInitialiseItem
                0x0800a6f2        0x6 CMakeFiles/H7_Bin_V1.0.elf.dir/Middlewares/Third_Party/FreeRTOS/Source/list.c.obj
                0x0800a6f2                vListInitialiseItem
 .text.vListInsertEnd
                0x0800a6f8       0x16 CMakeFiles/H7_Bin_V1.0.elf.dir/Middlewares/Third_Party/FreeRTOS/Source/list.c.obj
                0x0800a6f8                vListInsertEnd
 .text.vListInsert
                0x0800a70e       0x32 CMakeFiles/H7_Bin_V1.0.elf.dir/Middlewares/Third_Party/FreeRTOS/Source/list.c.obj
                0x0800a70e                vListInsert
 .text.uxListRemove
                0x0800a740       0x26 CMakeFiles/H7_Bin_V1.0.elf.dir/Middlewares/Third_Party/FreeRTOS/Source/list.c.obj
                0x0800a740                uxListRemove
 *fill*         0x0800a766        0x2 
 .text.prvTaskExitError
                0x0800a768       0x40 CMakeFiles/H7_Bin_V1.0.elf.dir/Middlewares/Third_Party/FreeRTOS/Source/portable/GCC/ARM_CM4F/port.c.obj
 .text.prvPortStartFirstTask
                0x0800a7a8       0x28 CMakeFiles/H7_Bin_V1.0.elf.dir/Middlewares/Third_Party/FreeRTOS/Source/portable/GCC/ARM_CM4F/port.c.obj
 .text.vPortEnableVFP
                0x0800a7d0       0x14 CMakeFiles/H7_Bin_V1.0.elf.dir/Middlewares/Third_Party/FreeRTOS/Source/portable/GCC/ARM_CM4F/port.c.obj
 .text.pxPortInitialiseStack
                0x0800a7e4       0x2c CMakeFiles/H7_Bin_V1.0.elf.dir/Middlewares/Third_Party/FreeRTOS/Source/portable/GCC/ARM_CM4F/port.c.obj
                0x0800a7e4                pxPortInitialiseStack
 .text.SVC_Handler
                0x0800a810       0x24 CMakeFiles/H7_Bin_V1.0.elf.dir/Middlewares/Third_Party/FreeRTOS/Source/portable/GCC/ARM_CM4F/port.c.obj
                0x0800a810                SVC_Handler
 .text.vPortEnterCritical
                0x0800a834       0x44 CMakeFiles/H7_Bin_V1.0.elf.dir/Middlewares/Third_Party/FreeRTOS/Source/portable/GCC/ARM_CM4F/port.c.obj
                0x0800a834                vPortEnterCritical
 .text.vPortExitCritical
                0x0800a878       0x2c CMakeFiles/H7_Bin_V1.0.elf.dir/Middlewares/Third_Party/FreeRTOS/Source/portable/GCC/ARM_CM4F/port.c.obj
                0x0800a878                vPortExitCritical
 *fill*         0x0800a8a4        0xc 
 .text.PendSV_Handler
                0x0800a8b0       0x64 CMakeFiles/H7_Bin_V1.0.elf.dir/Middlewares/Third_Party/FreeRTOS/Source/portable/GCC/ARM_CM4F/port.c.obj
                0x0800a8b0                PendSV_Handler
 .text.xPortSysTickHandler
                0x0800a914       0x2c CMakeFiles/H7_Bin_V1.0.elf.dir/Middlewares/Third_Party/FreeRTOS/Source/portable/GCC/ARM_CM4F/port.c.obj
                0x0800a914                xPortSysTickHandler
 .text.vPortSetupTimerInterrupt
                0x0800a940       0x28 CMakeFiles/H7_Bin_V1.0.elf.dir/Middlewares/Third_Party/FreeRTOS/Source/portable/GCC/ARM_CM4F/port.c.obj
                0x0800a940                vPortSetupTimerInterrupt
 .text.xPortStartScheduler
                0x0800a968      0x118 CMakeFiles/H7_Bin_V1.0.elf.dir/Middlewares/Third_Party/FreeRTOS/Source/portable/GCC/ARM_CM4F/port.c.obj
                0x0800a968                xPortStartScheduler
 .text.vPortValidateInterruptPriority
                0x0800aa80       0x5c CMakeFiles/H7_Bin_V1.0.elf.dir/Middlewares/Third_Party/FreeRTOS/Source/portable/GCC/ARM_CM4F/port.c.obj
                0x0800aa80                vPortValidateInterruptPriority
 .text.prvHeapInit
                0x0800aadc       0x64 CMakeFiles/H7_Bin_V1.0.elf.dir/Middlewares/Third_Party/FreeRTOS/Source/portable/MemMang/heap_4.c.obj
 .text.prvInsertBlockIntoFreeList
                0x0800ab40       0x64 CMakeFiles/H7_Bin_V1.0.elf.dir/Middlewares/Third_Party/FreeRTOS/Source/portable/MemMang/heap_4.c.obj
 .text.pvPortMalloc
                0x0800aba4       0xfc CMakeFiles/H7_Bin_V1.0.elf.dir/Middlewares/Third_Party/FreeRTOS/Source/portable/MemMang/heap_4.c.obj
                0x0800aba4                pvPortMalloc
 .text.vPortFree
                0x0800aca0       0x7c CMakeFiles/H7_Bin_V1.0.elf.dir/Middlewares/Third_Party/FreeRTOS/Source/portable/MemMang/heap_4.c.obj
                0x0800aca0                vPortFree
 .text.prvIsQueueFull
                0x0800ad1c       0x1e CMakeFiles/H7_Bin_V1.0.elf.dir/Middlewares/Third_Party/FreeRTOS/Source/queue.c.obj
 .text.prvIsQueueEmpty
                0x0800ad3a       0x1a CMakeFiles/H7_Bin_V1.0.elf.dir/Middlewares/Third_Party/FreeRTOS/Source/queue.c.obj
 .text.prvCopyDataToQueue
                0x0800ad54       0x76 CMakeFiles/H7_Bin_V1.0.elf.dir/Middlewares/Third_Party/FreeRTOS/Source/queue.c.obj
 .text.prvCopyDataFromQueue
                0x0800adca       0x24 CMakeFiles/H7_Bin_V1.0.elf.dir/Middlewares/Third_Party/FreeRTOS/Source/queue.c.obj
 .text.prvUnlockQueue
                0x0800adee       0x6e CMakeFiles/H7_Bin_V1.0.elf.dir/Middlewares/Third_Party/FreeRTOS/Source/queue.c.obj
 .text.xQueueGenericReset
                0x0800ae5c       0x84 CMakeFiles/H7_Bin_V1.0.elf.dir/Middlewares/Third_Party/FreeRTOS/Source/queue.c.obj
                0x0800ae5c                xQueueGenericReset
 .text.prvInitialiseNewQueue
                0x0800aee0       0x22 CMakeFiles/H7_Bin_V1.0.elf.dir/Middlewares/Third_Party/FreeRTOS/Source/queue.c.obj
 .text.xQueueGenericCreateStatic
                0x0800af02       0xa6 CMakeFiles/H7_Bin_V1.0.elf.dir/Middlewares/Third_Party/FreeRTOS/Source/queue.c.obj
                0x0800af02                xQueueGenericCreateStatic
 .text.xQueueGenericSend
                0x0800afa8      0x188 CMakeFiles/H7_Bin_V1.0.elf.dir/Middlewares/Third_Party/FreeRTOS/Source/queue.c.obj
                0x0800afa8                xQueueGenericSend
 .text.xQueueGenericSendFromISR
                0x0800b130       0xce CMakeFiles/H7_Bin_V1.0.elf.dir/Middlewares/Third_Party/FreeRTOS/Source/queue.c.obj
                0x0800b130                xQueueGenericSendFromISR
 .text.xQueueReceive
                0x0800b1fe      0x15e CMakeFiles/H7_Bin_V1.0.elf.dir/Middlewares/Third_Party/FreeRTOS/Source/queue.c.obj
                0x0800b1fe                xQueueReceive
 .text.vQueueAddToRegistry
                0x0800b35c       0x28 CMakeFiles/H7_Bin_V1.0.elf.dir/Middlewares/Third_Party/FreeRTOS/Source/queue.c.obj
                0x0800b35c                vQueueAddToRegistry
 .text.vQueueWaitForMessageRestricted
                0x0800b384       0x52 CMakeFiles/H7_Bin_V1.0.elf.dir/Middlewares/Third_Party/FreeRTOS/Source/queue.c.obj
                0x0800b384                vQueueWaitForMessageRestricted
 *fill*         0x0800b3d6        0x2 
 .text.prvResetNextTaskUnblockTime
                0x0800b3d8       0x2c CMakeFiles/H7_Bin_V1.0.elf.dir/Middlewares/Third_Party/FreeRTOS/Source/tasks.c.obj
 .text.prvInitialiseNewTask
                0x0800b404      0x10a CMakeFiles/H7_Bin_V1.0.elf.dir/Middlewares/Third_Party/FreeRTOS/Source/tasks.c.obj
 *fill*         0x0800b50e        0x2 
 .text.prvInitialiseTaskLists
                0x0800b510       0x68 CMakeFiles/H7_Bin_V1.0.elf.dir/Middlewares/Third_Party/FreeRTOS/Source/tasks.c.obj
 .text.prvAddNewTaskToReadyList
                0x0800b578       0xac CMakeFiles/H7_Bin_V1.0.elf.dir/Middlewares/Third_Party/FreeRTOS/Source/tasks.c.obj
 .text.prvDeleteTCB
                0x0800b624       0x40 CMakeFiles/H7_Bin_V1.0.elf.dir/Middlewares/Third_Party/FreeRTOS/Source/tasks.c.obj
 .text.prvCheckTasksWaitingTermination
                0x0800b664       0x4c CMakeFiles/H7_Bin_V1.0.elf.dir/Middlewares/Third_Party/FreeRTOS/Source/tasks.c.obj
 .text.prvIdleTask
                0x0800b6b0       0x28 CMakeFiles/H7_Bin_V1.0.elf.dir/Middlewares/Third_Party/FreeRTOS/Source/tasks.c.obj
 .text.prvAddCurrentTaskToDelayedList
                0x0800b6d8       0x84 CMakeFiles/H7_Bin_V1.0.elf.dir/Middlewares/Third_Party/FreeRTOS/Source/tasks.c.obj
 .text.xTaskCreateStatic
                0x0800b75c       0x7a CMakeFiles/H7_Bin_V1.0.elf.dir/Middlewares/Third_Party/FreeRTOS/Source/tasks.c.obj
                0x0800b75c                xTaskCreateStatic
 .text.xTaskCreate
                0x0800b7d6       0x6a CMakeFiles/H7_Bin_V1.0.elf.dir/Middlewares/Third_Party/FreeRTOS/Source/tasks.c.obj
                0x0800b7d6                xTaskCreate
 .text.vTaskDelete
                0x0800b840       0xb8 CMakeFiles/H7_Bin_V1.0.elf.dir/Middlewares/Third_Party/FreeRTOS/Source/tasks.c.obj
                0x0800b840                vTaskDelete
 .text.vTaskStartScheduler
                0x0800b8f8       0xb0 CMakeFiles/H7_Bin_V1.0.elf.dir/Middlewares/Third_Party/FreeRTOS/Source/tasks.c.obj
                0x0800b8f8                vTaskStartScheduler
 .text.vTaskSuspendAll
                0x0800b9a8       0x10 CMakeFiles/H7_Bin_V1.0.elf.dir/Middlewares/Third_Party/FreeRTOS/Source/tasks.c.obj
                0x0800b9a8                vTaskSuspendAll
 .text.xTaskGetTickCount
                0x0800b9b8        0xc CMakeFiles/H7_Bin_V1.0.elf.dir/Middlewares/Third_Party/FreeRTOS/Source/tasks.c.obj
                0x0800b9b8                xTaskGetTickCount
 .text.xTaskIncrementTick
                0x0800b9c4      0x118 CMakeFiles/H7_Bin_V1.0.elf.dir/Middlewares/Third_Party/FreeRTOS/Source/tasks.c.obj
                0x0800b9c4                xTaskIncrementTick
 .text.xTaskResumeAll
                0x0800badc       0xf8 CMakeFiles/H7_Bin_V1.0.elf.dir/Middlewares/Third_Party/FreeRTOS/Source/tasks.c.obj
                0x0800badc                xTaskResumeAll
 .text.vTaskDelay
                0x0800bbd4       0x4c CMakeFiles/H7_Bin_V1.0.elf.dir/Middlewares/Third_Party/FreeRTOS/Source/tasks.c.obj
                0x0800bbd4                vTaskDelay
 .text.vTaskSwitchContext
                0x0800bc20       0xcc CMakeFiles/H7_Bin_V1.0.elf.dir/Middlewares/Third_Party/FreeRTOS/Source/tasks.c.obj
                0x0800bc20                vTaskSwitchContext
 .text.vTaskPlaceOnEventList
                0x0800bcec       0x30 CMakeFiles/H7_Bin_V1.0.elf.dir/Middlewares/Third_Party/FreeRTOS/Source/tasks.c.obj
                0x0800bcec                vTaskPlaceOnEventList
 .text.vTaskPlaceOnEventListRestricted
                0x0800bd1c       0x38 CMakeFiles/H7_Bin_V1.0.elf.dir/Middlewares/Third_Party/FreeRTOS/Source/tasks.c.obj
                0x0800bd1c                vTaskPlaceOnEventListRestricted
 .text.xTaskRemoveFromEventList
                0x0800bd54       0x8c CMakeFiles/H7_Bin_V1.0.elf.dir/Middlewares/Third_Party/FreeRTOS/Source/tasks.c.obj
                0x0800bd54                xTaskRemoveFromEventList
 .text.vTaskInternalSetTimeOutState
                0x0800bde0       0x18 CMakeFiles/H7_Bin_V1.0.elf.dir/Middlewares/Third_Party/FreeRTOS/Source/tasks.c.obj
                0x0800bde0                vTaskInternalSetTimeOutState
 .text.xTaskCheckForTimeOut
                0x0800bdf8       0x84 CMakeFiles/H7_Bin_V1.0.elf.dir/Middlewares/Third_Party/FreeRTOS/Source/tasks.c.obj
                0x0800bdf8                xTaskCheckForTimeOut
 .text.vTaskMissedYield
                0x0800be7c        0xc CMakeFiles/H7_Bin_V1.0.elf.dir/Middlewares/Third_Party/FreeRTOS/Source/tasks.c.obj
                0x0800be7c                vTaskMissedYield
 .text.xTaskGetSchedulerState
                0x0800be88       0x20 CMakeFiles/H7_Bin_V1.0.elf.dir/Middlewares/Third_Party/FreeRTOS/Source/tasks.c.obj
                0x0800be88                xTaskGetSchedulerState
 .text.xTaskPriorityDisinherit
                0x0800bea8       0x90 CMakeFiles/H7_Bin_V1.0.elf.dir/Middlewares/Third_Party/FreeRTOS/Source/tasks.c.obj
                0x0800bea8                xTaskPriorityDisinherit
 .text.prvGetNextExpireTime
                0x0800bf38       0x20 CMakeFiles/H7_Bin_V1.0.elf.dir/Middlewares/Third_Party/FreeRTOS/Source/timers.c.obj
 .text.prvInsertTimerInActiveList
                0x0800bf58       0x50 CMakeFiles/H7_Bin_V1.0.elf.dir/Middlewares/Third_Party/FreeRTOS/Source/timers.c.obj
 .text.prvCheckForValidListAndQueue
                0x0800bfa8       0x70 CMakeFiles/H7_Bin_V1.0.elf.dir/Middlewares/Third_Party/FreeRTOS/Source/timers.c.obj
 .text.xTimerCreateTimerTask
                0x0800c018       0x64 CMakeFiles/H7_Bin_V1.0.elf.dir/Middlewares/Third_Party/FreeRTOS/Source/timers.c.obj
                0x0800c018                xTimerCreateTimerTask
 .text.xTimerGenericCommand
                0x0800c07c       0x6c CMakeFiles/H7_Bin_V1.0.elf.dir/Middlewares/Third_Party/FreeRTOS/Source/timers.c.obj
                0x0800c07c                xTimerGenericCommand
 .text.prvSwitchTimerLists
                0x0800c0e8       0x7c CMakeFiles/H7_Bin_V1.0.elf.dir/Middlewares/Third_Party/FreeRTOS/Source/timers.c.obj
 .text.prvSampleTimeNow
                0x0800c164       0x2c CMakeFiles/H7_Bin_V1.0.elf.dir/Middlewares/Third_Party/FreeRTOS/Source/timers.c.obj
 .text.prvProcessExpiredTimer
                0x0800c190       0x6c CMakeFiles/H7_Bin_V1.0.elf.dir/Middlewares/Third_Party/FreeRTOS/Source/timers.c.obj
 .text.prvProcessTimerOrBlockTask
                0x0800c1fc       0x78 CMakeFiles/H7_Bin_V1.0.elf.dir/Middlewares/Third_Party/FreeRTOS/Source/timers.c.obj
 .text.prvProcessReceivedCommands
                0x0800c274      0x10c CMakeFiles/H7_Bin_V1.0.elf.dir/Middlewares/Third_Party/FreeRTOS/Source/timers.c.obj
 .text.prvTimerTask
                0x0800c380       0x16 CMakeFiles/H7_Bin_V1.0.elf.dir/Middlewares/Third_Party/FreeRTOS/Source/timers.c.obj
 *fill*         0x0800c396        0x2 
 .text.__errno  0x0800c398        0xc d:/software/gun_arm_embedded_toolchain/bin/../lib/gcc/arm-none-eabi/10.3.1/../../../../arm-none-eabi/lib/thumb/v7e-m+fp/hard\libg.a(lib_a-errno.o)
                0x0800c398                __errno
 .text.__libc_init_array
                0x0800c3a4       0x48 d:/software/gun_arm_embedded_toolchain/bin/../lib/gcc/arm-none-eabi/10.3.1/../../../../arm-none-eabi/lib/thumb/v7e-m+fp/hard\libg.a(lib_a-init.o)
                0x0800c3a4                __libc_init_array
 .text.memset   0x0800c3ec       0xa4 d:/software/gun_arm_embedded_toolchain/bin/../lib/gcc/arm-none-eabi/10.3.1/../../../../arm-none-eabi/lib/thumb/v7e-m+fp/hard\libg.a(lib_a-memset.o)
                0x0800c3ec                memset
 .text.cleanup_glue
                0x0800c490       0x48 d:/software/gun_arm_embedded_toolchain/bin/../lib/gcc/arm-none-eabi/10.3.1/../../../../arm-none-eabi/lib/thumb/v7e-m+fp/hard\libg.a(lib_a-reent.o)
                0x0800c490                cleanup_glue
 .text._reclaim_reent
                0x0800c4d8       0x90 d:/software/gun_arm_embedded_toolchain/bin/../lib/gcc/arm-none-eabi/10.3.1/../../../../arm-none-eabi/lib/thumb/v7e-m+fp/hard\libg.a(lib_a-reent.o)
                0x0800c4d8                _reclaim_reent
 .text.strncmp  0x0800c568       0x80 d:/software/gun_arm_embedded_toolchain/bin/../lib/gcc/arm-none-eabi/10.3.1/../../../../arm-none-eabi/lib/thumb/v7e-m+fp/hard\libg.a(lib_a-strncmp.o)
                0x0800c568                strncmp
 .text.startup.register_fini
                0x0800c5e8       0x14 d:/software/gun_arm_embedded_toolchain/bin/../lib/gcc/arm-none-eabi/10.3.1/../../../../arm-none-eabi/lib/thumb/v7e-m+fp/hard\libg.a(lib_a-__call_atexit.o)
 .text.atexit   0x0800c5fc        0xc d:/software/gun_arm_embedded_toolchain/bin/../lib/gcc/arm-none-eabi/10.3.1/../../../../arm-none-eabi/lib/thumb/v7e-m+fp/hard\libg.a(lib_a-atexit.o)
                0x0800c5fc                atexit
 .text.__libc_fini_array
                0x0800c608       0x2c d:/software/gun_arm_embedded_toolchain/bin/../lib/gcc/arm-none-eabi/10.3.1/../../../../arm-none-eabi/lib/thumb/v7e-m+fp/hard\libg.a(lib_a-fini.o)
                0x0800c608                __libc_fini_array
 .text._malloc_trim_r
                0x0800c634       0xa0 d:/software/gun_arm_embedded_toolchain/bin/../lib/gcc/arm-none-eabi/10.3.1/../../../../arm-none-eabi/lib/thumb/v7e-m+fp/hard\libg.a(lib_a-freer.o)
                0x0800c634                _malloc_trim_r
 .text._free_r  0x0800c6d4      0x20c d:/software/gun_arm_embedded_toolchain/bin/../lib/gcc/arm-none-eabi/10.3.1/../../../../arm-none-eabi/lib/thumb/v7e-m+fp/hard\libg.a(lib_a-freer.o)
                0x0800c6d4                _free_r
 .text.__retarget_lock_acquire_recursive
                0x0800c8e0        0x4 d:/software/gun_arm_embedded_toolchain/bin/../lib/gcc/arm-none-eabi/10.3.1/../../../../arm-none-eabi/lib/thumb/v7e-m+fp/hard\libg.a(lib_a-lock.o)
                0x0800c8e0                __retarget_lock_acquire_recursive
 .text.__retarget_lock_release_recursive
                0x0800c8e4        0x4 d:/software/gun_arm_embedded_toolchain/bin/../lib/gcc/arm-none-eabi/10.3.1/../../../../arm-none-eabi/lib/thumb/v7e-m+fp/hard\libg.a(lib_a-lock.o)
                0x0800c8e4                __retarget_lock_release_recursive
 .text.__malloc_lock
                0x0800c8e8        0xc d:/software/gun_arm_embedded_toolchain/bin/../lib/gcc/arm-none-eabi/10.3.1/../../../../arm-none-eabi/lib/thumb/v7e-m+fp/hard\libg.a(lib_a-mlock.o)
                0x0800c8e8                __malloc_lock
 .text.__malloc_unlock
                0x0800c8f4        0xc d:/software/gun_arm_embedded_toolchain/bin/../lib/gcc/arm-none-eabi/10.3.1/../../../../arm-none-eabi/lib/thumb/v7e-m+fp/hard\libg.a(lib_a-mlock.o)
                0x0800c8f4                __malloc_unlock
 .text._sbrk_r  0x0800c900       0x24 d:/software/gun_arm_embedded_toolchain/bin/../lib/gcc/arm-none-eabi/10.3.1/../../../../arm-none-eabi/lib/thumb/v7e-m+fp/hard\libg.a(lib_a-sbrkr.o)
                0x0800c900                _sbrk_r
 .text.__register_exitproc
                0x0800c924       0x8c d:/software/gun_arm_embedded_toolchain/bin/../lib/gcc/arm-none-eabi/10.3.1/../../../../arm-none-eabi/lib/thumb/v7e-m+fp/hard\libg.a(lib_a-__atexit.o)
                0x0800c924                __register_exitproc
 *(.glue_7)
 .glue_7        0x0800c9b0        0x0 linker stubs
 *(.glue_7t)
 .glue_7t       0x0800c9b0        0x0 linker stubs
 *(.eh_frame)
 .eh_frame      0x0800c9b0        0x0 d:/software/gun_arm_embedded_toolchain/bin/../lib/gcc/arm-none-eabi/10.3.1/thumb/v7e-m+fp/hard/crtbegin.o
 *(.init)
 .init          0x0800c9b0        0x4 d:/software/gun_arm_embedded_toolchain/bin/../lib/gcc/arm-none-eabi/10.3.1/thumb/v7e-m+fp/hard/crti.o
                0x0800c9b0                _init
 .init          0x0800c9b4        0x8 d:/software/gun_arm_embedded_toolchain/bin/../lib/gcc/arm-none-eabi/10.3.1/thumb/v7e-m+fp/hard/crtn.o
 *(.fini)
 .fini          0x0800c9bc        0x4 d:/software/gun_arm_embedded_toolchain/bin/../lib/gcc/arm-none-eabi/10.3.1/thumb/v7e-m+fp/hard/crti.o
                0x0800c9bc                _fini
 .fini          0x0800c9c0        0x8 d:/software/gun_arm_embedded_toolchain/bin/../lib/gcc/arm-none-eabi/10.3.1/thumb/v7e-m+fp/hard/crtn.o
                0x0800c9c8                . = ALIGN (0x4)
                0x0800c9c8                _etext = .

.vfp11_veneer   0x0800c9c8        0x0
 .vfp11_veneer  0x0800c9c8        0x0 linker stubs

.v4_bx          0x0800c9c8        0x0
 .v4_bx         0x0800c9c8        0x0 linker stubs

.iplt           0x0800c9c8        0x0
 .iplt          0x0800c9c8        0x0 d:/software/gun_arm_embedded_toolchain/bin/../lib/gcc/arm-none-eabi/10.3.1/thumb/v7e-m+fp/hard/crtbegin.o

.rodata         0x0800c9c8      0x65c
                0x0800c9c8                . = ALIGN (0x4)
 *(.rodata)
 *(.rodata*)
 .rodata.shellCmdDPS_debug_mode
                0x0800c9c8        0xf CMakeFiles/H7_Bin_V1.0.elf.dir/Core/Debug/debug.c.obj
                0x0800c9c8                shellCmdDPS_debug_mode
 *fill*         0x0800c9d7        0x1 
 .rodata.shellDescDPS_debug_mode
                0x0800c9d8        0xe CMakeFiles/H7_Bin_V1.0.elf.dir/Core/Debug/debug.c.obj
                0x0800c9d8                shellDescDPS_debug_mode
 *fill*         0x0800c9e6        0x2 
 .rodata.shellWriteCommandDesc.str1.4
                0x0800c9e8        0x4 CMakeFiles/H7_Bin_V1.0.elf.dir/Core/Shell/shell.c.obj
 .rodata.shellWritePrompt.str1.4
                0x0800c9ec       0x25 CMakeFiles/H7_Bin_V1.0.elf.dir/Core/Shell/shell.c.obj
                                 0x29 (size before relaxing)
 *fill*         0x0800ca11        0x3 
 .rodata.shellCheckPassword.str1.4
                0x0800ca14      0x16f CMakeFiles/H7_Bin_V1.0.elf.dir/Core/Shell/shell.c.obj
 *fill*         0x0800cb83        0x1 
 .rodata.shellClear.str1.4
                0x0800cb84        0x9 CMakeFiles/H7_Bin_V1.0.elf.dir/Core/Shell/shell.c.obj
 *fill*         0x0800cb8d        0x3 
 .rodata.shellWriteReturnValue.str1.4
                0x0800cb90       0x20 CMakeFiles/H7_Bin_V1.0.elf.dir/Core/Shell/shell.c.obj
 .rodata.shellListItem.str1.4
                0x0800cbb0       0x2b CMakeFiles/H7_Bin_V1.0.elf.dir/Core/Shell/shell.c.obj
 *fill*         0x0800cbdb        0x1 
 .rodata.shellListCommand.str1.4
                0x0800cbdc       0x12 CMakeFiles/H7_Bin_V1.0.elf.dir/Core/Shell/shell.c.obj
 *fill*         0x0800cbee        0x2 
 .rodata.shellListVar.str1.4
                0x0800cbf0        0xe CMakeFiles/H7_Bin_V1.0.elf.dir/Core/Shell/shell.c.obj
 *fill*         0x0800cbfe        0x2 
 .rodata.shellListUser.str1.4
                0x0800cc00        0xf CMakeFiles/H7_Bin_V1.0.elf.dir/Core/Shell/shell.c.obj
 *fill*         0x0800cc0f        0x1 
 .rodata.shellListKey.str1.4
                0x0800cc10        0xe CMakeFiles/H7_Bin_V1.0.elf.dir/Core/Shell/shell.c.obj
 *fill*         0x0800cc1e        0x2 
 .rodata.shellDeleteCommandLine.str1.4
                0x0800cc20        0x4 CMakeFiles/H7_Bin_V1.0.elf.dir/Core/Shell/shell.c.obj
 .rodata.shellInsertByte.str1.4
                0x0800cc24       0x21 CMakeFiles/H7_Bin_V1.0.elf.dir/Core/Shell/shell.c.obj
 *fill*         0x0800cc45        0x3 
 .rodata.shellWriteCommandHelp.str1.4
                0x0800cc48       0x28 CMakeFiles/H7_Bin_V1.0.elf.dir/Core/Shell/shell.c.obj
 .rodata.shellShowVar.str1.4
                0x0800cc70        0x6 CMakeFiles/H7_Bin_V1.0.elf.dir/Core/Shell/shell.c.obj
 *fill*         0x0800cc76        0x2 
 .rodata.shellSetVarValue.str1.4
                0x0800cc78       0x30 CMakeFiles/H7_Bin_V1.0.elf.dir/Core/Shell/shell.c.obj
 .rodata.shellSetVar.str1.4
                0x0800cca8       0x20 CMakeFiles/H7_Bin_V1.0.elf.dir/Core/Shell/shell.c.obj
 .rodata.shellInit.str1.4
                0x0800ccc8        0x7 CMakeFiles/H7_Bin_V1.0.elf.dir/Core/Shell/shell.c.obj
 *fill*         0x0800cccf        0x1 
 .rodata.shellCmdDefaultUser
                0x0800ccd0        0x7 CMakeFiles/H7_Bin_V1.0.elf.dir/Core/Shell/shell.c.obj
                0x0800ccd0                shellCmdDefaultUser
 *fill*         0x0800ccd7        0x1 
 .rodata.shellCmdclear
                0x0800ccd8        0x6 CMakeFiles/H7_Bin_V1.0.elf.dir/Core/Shell/shell.c.obj
                0x0800ccd8                shellCmdclear
 *fill*         0x0800ccde        0x2 
 .rodata.shellCmdcmds
                0x0800cce0        0x5 CMakeFiles/H7_Bin_V1.0.elf.dir/Core/Shell/shell.c.obj
                0x0800cce0                shellCmdcmds
 *fill*         0x0800cce5        0x3 
 .rodata.shellCmdhelp
                0x0800cce8        0x5 CMakeFiles/H7_Bin_V1.0.elf.dir/Core/Shell/shell.c.obj
                0x0800cce8                shellCmdhelp
 *fill*         0x0800cced        0x3 
 .rodata.shellCmdkeys
                0x0800ccf0        0x5 CMakeFiles/H7_Bin_V1.0.elf.dir/Core/Shell/shell.c.obj
                0x0800ccf0                shellCmdkeys
 *fill*         0x0800ccf5        0x3 
 .rodata.shellCmdsetVar
                0x0800ccf8        0x7 CMakeFiles/H7_Bin_V1.0.elf.dir/Core/Shell/shell.c.obj
                0x0800ccf8                shellCmdsetVar
 *fill*         0x0800ccff        0x1 
 .rodata.shellCmdusers
                0x0800cd00        0x6 CMakeFiles/H7_Bin_V1.0.elf.dir/Core/Shell/shell.c.obj
                0x0800cd00                shellCmdusers
 *fill*         0x0800cd06        0x2 
 .rodata.shellCmdvars
                0x0800cd08        0x5 CMakeFiles/H7_Bin_V1.0.elf.dir/Core/Shell/shell.c.obj
                0x0800cd08                shellCmdvars
 *fill*         0x0800cd0d        0x3 
 .rodata.shellDesDefaultUser
                0x0800cd10        0xd CMakeFiles/H7_Bin_V1.0.elf.dir/Core/Shell/shell.c.obj
                0x0800cd10                shellDesDefaultUser
 *fill*         0x0800cd1d        0x3 
 .rodata.shellDesc0x08000000
                0x0800cd20        0xa CMakeFiles/H7_Bin_V1.0.elf.dir/Core/Shell/shell.c.obj
                0x0800cd20                shellDesc0x08000000
 *fill*         0x0800cd2a        0x2 
 .rodata.shellDesc0x09000000
                0x0800cd2c        0x4 CMakeFiles/H7_Bin_V1.0.elf.dir/Core/Shell/shell.c.obj
                0x0800cd2c                shellDesc0x09000000
 .rodata.shellDesc0x0D000000
                0x0800cd30        0x6 CMakeFiles/H7_Bin_V1.0.elf.dir/Core/Shell/shell.c.obj
                0x0800cd30                shellDesc0x0D000000
 *fill*         0x0800cd36        0x2 
 .rodata.shellDesc0x1B5B337E
                0x0800cd38        0x7 CMakeFiles/H7_Bin_V1.0.elf.dir/Core/Shell/shell.c.obj
                0x0800cd38                shellDesc0x1B5B337E
 *fill*         0x0800cd3f        0x1 
 .rodata.shellDesc0x1B5B4100
                0x0800cd40        0x3 CMakeFiles/H7_Bin_V1.0.elf.dir/Core/Shell/shell.c.obj
                0x0800cd40                shellDesc0x1B5B4100
 *fill*         0x0800cd43        0x1 
 .rodata.shellDesc0x1B5B4200
                0x0800cd44        0x5 CMakeFiles/H7_Bin_V1.0.elf.dir/Core/Shell/shell.c.obj
                0x0800cd44                shellDesc0x1B5B4200
 *fill*         0x0800cd49        0x3 
 .rodata.shellDesc0x1B5B4300
                0x0800cd4c        0x6 CMakeFiles/H7_Bin_V1.0.elf.dir/Core/Shell/shell.c.obj
                0x0800cd4c                shellDesc0x1B5B4300
 *fill*         0x0800cd52        0x2 
 .rodata.shellDesc0x1B5B4400
                0x0800cd54        0x5 CMakeFiles/H7_Bin_V1.0.elf.dir/Core/Shell/shell.c.obj
                0x0800cd54                shellDesc0x1B5B4400
 *fill*         0x0800cd59        0x3 
 .rodata.shellDesc0x7F000000
                0x0800cd5c        0xa CMakeFiles/H7_Bin_V1.0.elf.dir/Core/Shell/shell.c.obj
                0x0800cd5c                shellDesc0x7F000000
 *fill*         0x0800cd66        0x2 
 .rodata.shellDescclear
                0x0800cd68        0xe CMakeFiles/H7_Bin_V1.0.elf.dir/Core/Shell/shell.c.obj
                0x0800cd68                shellDescclear
 *fill*         0x0800cd76        0x2 
 .rodata.shellDesccmds
                0x0800cd78        0xd CMakeFiles/H7_Bin_V1.0.elf.dir/Core/Shell/shell.c.obj
                0x0800cd78                shellDesccmds
 *fill*         0x0800cd85        0x3 
 .rodata.shellDeschelp
                0x0800cd88       0x1e CMakeFiles/H7_Bin_V1.0.elf.dir/Core/Shell/shell.c.obj
                0x0800cd88                shellDeschelp
 *fill*         0x0800cda6        0x2 
 .rodata.shellDesckeys
                0x0800cda8        0xd CMakeFiles/H7_Bin_V1.0.elf.dir/Core/Shell/shell.c.obj
                0x0800cda8                shellDesckeys
 *fill*         0x0800cdb5        0x3 
 .rodata.shellDescsetVar
                0x0800cdb8        0x8 CMakeFiles/H7_Bin_V1.0.elf.dir/Core/Shell/shell.c.obj
                0x0800cdb8                shellDescsetVar
 .rodata.shellDescusers
                0x0800cdc0        0xe CMakeFiles/H7_Bin_V1.0.elf.dir/Core/Shell/shell.c.obj
                0x0800cdc0                shellDescusers
 *fill*         0x0800cdce        0x2 
 .rodata.shellDescvars
                0x0800cdd0        0xd CMakeFiles/H7_Bin_V1.0.elf.dir/Core/Shell/shell.c.obj
                0x0800cdd0                shellDescvars
 *fill*         0x0800cddd        0x3 
 .rodata.shellPasswordDefaultUser
                0x0800cde0        0x1 CMakeFiles/H7_Bin_V1.0.elf.dir/Core/Shell/shell.c.obj
                0x0800cde0                shellPasswordDefaultUser
 *fill*         0x0800cde1        0x3 
 .rodata.str1.4
                0x0800cde4       0x34 CMakeFiles/H7_Bin_V1.0.elf.dir/Core/Src/freertos.c.obj
 .rodata.classify_trash_attributes
                0x0800ce18       0x24 CMakeFiles/H7_Bin_V1.0.elf.dir/Core/Src/freertos.c.obj
                0x0800ce18                classify_trash_attributes
 .rodata.defaultTask_attributes
                0x0800ce3c       0x24 CMakeFiles/H7_Bin_V1.0.elf.dir/Core/Src/freertos.c.obj
                0x0800ce3c                defaultTask_attributes
 .rodata.lcd_show_attributes
                0x0800ce60       0x24 CMakeFiles/H7_Bin_V1.0.elf.dir/Core/Src/freertos.c.obj
                0x0800ce60                lcd_show_attributes
 .rodata.shell_log_attributes
                0x0800ce84       0x24 CMakeFiles/H7_Bin_V1.0.elf.dir/Core/Src/freertos.c.obj
                0x0800ce84                shell_log_attributes
 .rodata.D1CorePrescTable
                0x0800cea8       0x10 CMakeFiles/H7_Bin_V1.0.elf.dir/Core/Src/system_stm32h7xx.c.obj