Archive member included to satisfy reference by file (symbol)

d:/software/gun_arm_embedded_toolchain/bin/../lib/gcc/arm-none-eabi/10.3.1/thumb/v7e-m+fp/hard\libgcc.a(_arm_muldf3.o)
                              CMakeFiles/H7_Bin_V1.0.elf.dir/Core/Trash/trash.c.obj (__aeabi_dmul)
d:/software/gun_arm_embedded_toolchain/bin/../lib/gcc/arm-none-eabi/10.3.1/thumb/v7e-m+fp/hard\libgcc.a(_arm_addsubdf3.o)
                              CMakeFiles/H7_Bin_V1.0.elf.dir/Core/Trash/trash.c.obj (__aeabi_dsub)
d:/software/gun_arm_embedded_toolchain/bin/../lib/gcc/arm-none-eabi/10.3.1/thumb/v7e-m+fp/hard\libgcc.a(_arm_muldivdf3.o)
                              CMakeFiles/H7_Bin_V1.0.elf.dir/Core/Trash/trash.c.obj (__aeabi_ddiv)
d:/software/gun_arm_embedded_toolchain/bin/../lib/gcc/arm-none-eabi/10.3.1/thumb/v7e-m+fp/hard\libgcc.a(_arm_cmpdf2.o)
                              CMakeFiles/H7_Bin_V1.0.elf.dir/Core/Trash/trash.c.obj (__aeabi_dcmplt)
d:/software/gun_arm_embedded_toolchain/bin/../lib/gcc/arm-none-eabi/10.3.1/thumb/v7e-m+fp/hard\libgcc.a(_arm_fixdfsi.o)
                              CMakeFiles/H7_Bin_V1.0.elf.dir/Core/Trash/trash.c.obj (__aeabi_d2iz)
d:/software/gun_arm_embedded_toolchain/bin/../lib/gcc/arm-none-eabi/10.3.1/thumb/v7e-m+fp/hard\libgcc.a(_aeabi_uldivmod.o)
                              CMakeFiles/H7_Bin_V1.0.elf.dir/Drivers/STM32H7xx_HAL_Driver/Src/stm32h7xx_hal_uart.c.obj (__aeabi_uldivmod)
d:/software/gun_arm_embedded_toolchain/bin/../lib/gcc/arm-none-eabi/10.3.1/thumb/v7e-m+fp/hard\libgcc.a(_udivmoddi4.o)
                              d:/software/gun_arm_embedded_toolchain/bin/../lib/gcc/arm-none-eabi/10.3.1/thumb/v7e-m+fp/hard\libgcc.a(_aeabi_uldivmod.o) (__udivmoddi4)
d:/software/gun_arm_embedded_toolchain/bin/../lib/gcc/arm-none-eabi/10.3.1/thumb/v7e-m+fp/hard\libgcc.a(_dvmd_tls.o)
                              d:/software/gun_arm_embedded_toolchain/bin/../lib/gcc/arm-none-eabi/10.3.1/thumb/v7e-m+fp/hard\libgcc.a(_aeabi_uldivmod.o) (__aeabi_ldiv0)
d:/software/gun_arm_embedded_toolchain/bin/../lib/gcc/arm-none-eabi/10.3.1/../../../../arm-none-eabi/lib/thumb/v7e-m+fp/hard\libg.a(lib_a-errno.o)
                              CMakeFiles/H7_Bin_V1.0.elf.dir/Core/Src/syscalls.c.obj (__errno)
d:/software/gun_arm_embedded_toolchain/bin/../lib/gcc/arm-none-eabi/10.3.1/../../../../arm-none-eabi/lib/thumb/v7e-m+fp/hard\libg.a(lib_a-exit.o)
                              d:/software/gun_arm_embedded_toolchain/bin/../lib/gcc/arm-none-eabi/10.3.1/../../../../arm-none-eabi/lib/thumb/v7e-m+fp/hard/crt0.o (exit)
d:/software/gun_arm_embedded_toolchain/bin/../lib/gcc/arm-none-eabi/10.3.1/../../../../arm-none-eabi/lib/thumb/v7e-m+fp/hard\libg.a(lib_a-impure.o)
                              d:/software/gun_arm_embedded_toolchain/bin/../lib/gcc/arm-none-eabi/10.3.1/../../../../arm-none-eabi/lib/thumb/v7e-m+fp/hard\libg.a(lib_a-exit.o) (_global_impure_ptr)
d:/software/gun_arm_embedded_toolchain/bin/../lib/gcc/arm-none-eabi/10.3.1/../../../../arm-none-eabi/lib/thumb/v7e-m+fp/hard\libg.a(lib_a-init.o)
                              d:/software/gun_arm_embedded_toolchain/bin/../lib/gcc/arm-none-eabi/10.3.1/../../../../arm-none-eabi/lib/thumb/v7e-m+fp/hard/crt0.o (__libc_init_array)
d:/software/gun_arm_embedded_toolchain/bin/../lib/gcc/arm-none-eabi/10.3.1/../../../../arm-none-eabi/lib/thumb/v7e-m+fp/hard\libg.a(lib_a-memcpy.o)
                              CMakeFiles/H7_Bin_V1.0.elf.dir/Middlewares/Third_Party/FreeRTOS/Source/CMSIS_RTOS_V2/cmsis_os2.c.obj (memcpy)
d:/software/gun_arm_embedded_toolchain/bin/../lib/gcc/arm-none-eabi/10.3.1/../../../../arm-none-eabi/lib/thumb/v7e-m+fp/hard\libg.a(lib_a-memset.o)
                              d:/software/gun_arm_embedded_toolchain/bin/../lib/gcc/arm-none-eabi/10.3.1/../../../../arm-none-eabi/lib/thumb/v7e-m+fp/hard/crt0.o (memset)
d:/software/gun_arm_embedded_toolchain/bin/../lib/gcc/arm-none-eabi/10.3.1/../../../../arm-none-eabi/lib/thumb/v7e-m+fp/hard\libg.a(lib_a-reent.o)
                              CMakeFiles/H7_Bin_V1.0.elf.dir/Middlewares/Third_Party/FreeRTOS/Source/tasks.c.obj (_reclaim_reent)
d:/software/gun_arm_embedded_toolchain/bin/../lib/gcc/arm-none-eabi/10.3.1/../../../../arm-none-eabi/lib/thumb/v7e-m+fp/hard\libg.a(lib_a-strcmp.o)
                              CMakeFiles/H7_Bin_V1.0.elf.dir/Core/Shell/shell.c.obj (strcmp)
d:/software/gun_arm_embedded_toolchain/bin/../lib/gcc/arm-none-eabi/10.3.1/../../../../arm-none-eabi/lib/thumb/v7e-m+fp/hard\libg.a(lib_a-strlen.o)
                              CMakeFiles/H7_Bin_V1.0.elf.dir/Core/Shell/shell.c.obj (strlen)
d:/software/gun_arm_embedded_toolchain/bin/../lib/gcc/arm-none-eabi/10.3.1/../../../../arm-none-eabi/lib/thumb/v7e-m+fp/hard\libg.a(lib_a-strncmp.o)
                              CMakeFiles/H7_Bin_V1.0.elf.dir/Core/Shell/shell.c.obj (strncmp)
d:/software/gun_arm_embedded_toolchain/bin/../lib/gcc/arm-none-eabi/10.3.1/../../../../arm-none-eabi/lib/thumb/v7e-m+fp/hard\libg.a(lib_a-vsnprintf.o)
[...]
Memory Configuration

Name             Origin             Length             Attributes
FLASH            0x08000000         0x00020000         xr
DTCMRAM          0x20000000         0x00020000         xrw
RAM_D1           0x24000000         0x00080000         xrw
RAM_D2           0x30000000         0x00048000         xrw
RAM_D3           0x38000000         0x00010000         xrw
ITCMRAM          0x00000000         0x00010000         xrw
*default*        0x00000000         0xffffffff

Linker script and memory map

LOAD d:/software/gun_arm_embedded_toolchain/bin/../lib/gcc/arm-none-eabi/10.3.1/thumb/v7e-m+fp/hard/crti.o
LOAD d:/software/gun_arm_embedded_toolchain/bin/../lib/gcc/arm-none-eabi/10.3.1/thumb/v7e-m+fp/hard/crtbegin.o
LOAD d:/software/gun_arm_embedded_toolchain/bin/../lib/gcc/arm-none-eabi/10.3.1/../../../../arm-none-eabi/lib/thumb/v7e-m+fp/hard/crt0.o
LOAD CMakeFiles/H7_Bin_V1.0.elf.dir/Core/Common/common.c.obj
LOAD CMakeFiles/H7_Bin_V1.0.elf.dir/Core/Conveyor/conveyor.c.obj
LOAD CMakeFiles/H7_Bin_V1.0.elf.dir/Core/DPSDrive/DPSDrive.c.obj
LOAD CMakeFiles/H7_Bin_V1.0.elf.dir/Core/Debug/debug.c.obj
LOAD CMakeFiles/H7_Bin_V1.0.elf.dir/Core/Key/key.c.obj
LOAD CMakeFiles/H7_Bin_V1.0.elf.dir/Core/Lcd/lcd.c.obj
LOAD CMakeFiles/H7_Bin_V1.0.elf.dir/Core/Shell/shell.c.obj
LOAD CMakeFiles/H7_Bin_V1.0.elf.dir/Core/Shell/shell_cmd_list.c.obj
LOAD CMakeFiles/H7_Bin_V1.0.elf.dir/Core/Shell/shell_companion.c.obj
LOAD CMakeFiles/H7_Bin_V1.0.elf.dir/Core/Shell/shell_ext.c.obj
LOAD CMakeFiles/H7_Bin_V1.0.elf.dir/Core/Shell/shell_port.c.obj
LOAD CMakeFiles/H7_Bin_V1.0.elf.dir/Core/Src/dma.c.obj
LOAD CMakeFiles/H7_Bin_V1.0.elf.dir/Core/Src/freertos.c.obj
LOAD CMakeFiles/H7_Bin_V1.0.elf.dir/Core/Src/gpio.c.obj
LOAD CMakeFiles/H7_Bin_V1.0.elf.dir/Core/Src/main.c.obj
LOAD CMakeFiles/H7_Bin_V1.0.elf.dir/Core/Src/rtc.c.obj
LOAD CMakeFiles/H7_Bin_V1.0.elf.dir/Core/Src/spi.c.obj
LOAD CMakeFiles/H7_Bin_V1.0.elf.dir/Core/Src/stm32h7xx_hal_msp.c.obj
LOAD CMakeFiles/H7_Bin_V1.0.elf.dir/Core/Src/stm32h7xx_hal_timebase_tim.c.obj
LOAD CMakeFiles/H7_Bin_V1.0.elf.dir/Core/Src/stm32h7xx_it.c.obj
LOAD CMakeFiles/H7_Bin_V1.0.elf.dir/Core/Src/syscalls.c.obj
LOAD CMakeFiles/H7_Bin_V1.0.elf.dir/Core/Src/sysmem.c.obj
LOAD CMakeFiles/H7_Bin_V1.0.elf.dir/Core/Src/system_stm32h7xx.c.obj
LOAD CMakeFiles/H7_Bin_V1.0.elf.dir/Core/Src/tim.c.obj
LOAD CMakeFiles/H7_Bin_V1.0.elf.dir/Core/Src/usart.c.obj
LOAD CMakeFiles/H7_Bin_V1.0.elf.dir/Core/Startup/startup_stm32h750vbtx.s.obj
LOAD CMakeFiles/H7_Bin_V1.0.elf.dir/Core/Trash/trash.c.obj
LOAD CMakeFiles/H7_Bin_V1.0.elf.dir/Core/Trash_Task.c.obj
LOAD CMakeFiles/H7_Bin_V1.0.elf.dir/Drivers/STM32H7xx_HAL_Driver/Src/stm32h7xx_hal.c.obj
LOAD CMakeFiles/H7_Bin_V1.0.elf.dir/Drivers/STM32H7xx_HAL_Driver/Src/stm32h7xx_hal_cortex.c.obj
LOAD CMakeFiles/H7_Bin_V1.0.elf.dir/Drivers/STM32H7xx_HAL_Driver/Src/stm32h7xx_hal_dma.c.obj
LOAD CMakeFiles/H7_Bin_V1.0.elf.dir/Drivers/STM32H7xx_HAL_Driver/Src/stm32h7xx_hal_dma_ex.c.obj
LOAD CMakeFiles/H7_Bin_V1.0.elf.dir/Drivers/STM32H7xx_HAL_Driver/Src/stm32h7xx_hal_exti.c.obj
LOAD CMakeFiles/H7_Bin_V1.0.elf.dir/Drivers/STM32H7xx_HAL_Driver/Src/stm32h7xx_hal_flash.c.obj
LOAD CMakeFiles/H7_Bin_V1.0.elf.dir/Drivers/STM32H7xx_HAL_Driver/Src/stm32h7xx_hal_flash_ex.c.obj
LOAD CMakeFiles/H7_Bin_V1.0.elf.dir/Drivers/STM32H7xx_HAL_Driver/Src/stm32h7xx_hal_gpio.c.obj
LOAD CMakeFiles/H7_Bin_V1.0.elf.dir/Drivers/STM32H7xx_HAL_Driver/Src/stm32h7xx_hal_hsem.c.obj
LOAD CMakeFiles/H7_Bin_V1.0.elf.dir/Drivers/STM32H7xx_HAL_Driver/Src/stm32h7xx_hal_i2c.c.obj
LOAD CMakeFiles/H7_Bin_V1.0.elf.dir/Drivers/STM32H7xx_HAL_Driver/Src/stm32h7xx_hal_i2c_ex.c.obj
LOAD CMakeFiles/H7_Bin_V1.0.elf.dir/Drivers/STM32H7xx_HAL_Driver/Src/stm32h7xx_hal_mdma.c.obj
LOAD CMakeFiles/H7_Bin_V1.0.elf.dir/Drivers/STM32H7xx_HAL_Driver/Src/stm32h7xx_hal_pwr.c.obj
LOAD CMakeFiles/H7_Bin_V1.0.elf.dir/Drivers/STM32H7xx_HAL_Driver/Src/stm32h7xx_hal_pwr_ex.c.obj
LOAD CMakeFiles/H7_Bin_V1.0.elf.dir/Drivers/STM32H7xx_HAL_Driver/Src/stm32h7xx_hal_rcc.c.obj
LOAD CMakeFiles/H7_Bin_V1.0.elf.dir/Drivers/STM32H7xx_HAL_Driver/Src/stm32h7xx_hal_rcc_ex.c.obj
LOAD CMakeFiles/H7_Bin_V1.0.elf.dir/Drivers/STM32H7xx_HAL_Driver/Src/stm32h7xx_hal_rtc.c.obj
LOAD CMakeFiles/H7_Bin_V1.0.elf.dir/Drivers/STM32H7xx_HAL_Driver/Src/stm32h7xx_hal_rtc_ex.c.obj
LOAD CMakeFiles/H7_Bin_V1.0.elf.dir/Drivers/STM32H7xx_HAL_Driver/Src/stm32h7xx_hal_spi.c.obj
LOAD CMakeFiles/H7_Bin_V1.0.elf.dir/Drivers/STM32H7xx_HAL_Driver/Src/stm32h7xx_hal_spi_ex.c.obj
LOAD CMakeFiles/H7_Bin_V1.0.elf.dir/Drivers/STM32H7xx_HAL_Driver/Src/stm32h7xx_hal_tim.c.obj
LOAD CMakeFiles/H7_Bin_V1.0.elf.dir/Drivers/STM32H7xx_HAL_Driver/Src/stm32h7xx_hal_tim_ex.c.obj
LOAD CMakeFiles/H7_Bin_V1.0.elf.dir/Drivers/STM32H7xx_HAL_Driver/Src/stm32h7xx_hal_uart.c.obj
LOAD CMakeFiles/H7_Bin_V1.0.elf.dir/Drivers/STM32H7xx_HAL_Driver/Src/stm32h7xx_hal_uart_ex.c.obj
LOAD CMakeFiles/H7_Bin_V1.0.elf.dir/Drivers/St7735/st7735.c.obj
LOAD CMakeFiles/H7_Bin_V1.0.elf.dir/Drivers/St7735/st7735_reg.c.obj
LOAD CMakeFiles/H7_Bin_V1.0.elf.dir/Drivers/Tle5012b/tle5012b.c.obj
LOAD CMakeFiles/H7_Bin_V1.0.elf.dir/Middlewares/Third_Party/FreeRTOS/Source/CMSIS_RTOS_V2/cmsis_os2.c.obj
LOAD CMakeFiles/H7_Bin_V1.0.elf.dir/Middlewares/Third_Party/FreeRTOS/Source/croutine.c.obj
LOAD CMakeFiles/H7_Bin_V1.0.elf.dir/Middlewares/Third_Party/FreeRTOS/Source/event_groups.c.obj
LOAD CMakeFiles/H7_Bin_V1.0.elf.dir/Middlewares/Third_Party/FreeRTOS/Source/list.c.obj
LOAD CMakeFiles/H7_Bin_V1.0.elf.dir/Middlewares/Third_Party/FreeRTOS/Source/portable/GCC/ARM_CM4F/port.c.obj
LOAD CMakeFiles/H7_Bin_V1.0.elf.dir/Middlewares/Third_Party/FreeRTOS/Source/portable/MemMang/heap_4.c.obj
LOAD CMakeFiles/H7_Bin_V1.0.elf.dir/Middlewares/Third_Party/FreeRTOS/Source/queue.c.obj
LOAD CMakeFiles/H7_Bin_V1.0.elf.dir/Middlewares/Third_Party/FreeRTOS/Source/stream_buffer.c.obj
LOAD CMakeFiles/H7_Bin_V1.0.elf.dir/Middlewares/Third_Party/FreeRTOS/Source/tasks.c.obj
LOAD CMakeFiles/H7_Bin_V1.0.elf.dir/Middlewares/Third_Party/FreeRTOS/Source/timers.c.obj
START GROUP
LOAD d:/software/gun_arm_embedded_toolchain/bin/../lib/gcc/arm-none-eabi/10.3.1/thumb/v7e-m+fp/hard\libgcc.a
LOAD d:/software/gun_arm_embedded_toolchain/bin/../lib/gcc/arm-none-eabi/10.3.1/../../../../arm-none-eabi/lib/thumb/v7e-m+fp/hard\libg.a
LOAD d:/software/gun_arm_embedded_toolchain/bin/../lib/gcc/arm-none-eabi/10.3.1/../../../../arm-none-eabi/lib/thumb/v7e-m+fp/hard\libc.a
END GROUP
LOAD d:/software/gun_arm_embedded_toolchain/bin/../lib/gcc/arm-none-eabi/10.3.1/thumb/v7e-m+fp/hard/crtend.o
LOAD d:/software/gun_arm_embedded_toolchain/bin/../lib/gcc/arm-none-eabi/10.3.1/thumb/v7e-m+fp/hard/crtn.o
                0x24080000                _estack = (ORIGIN (RAM_D1) + LENGTH (RAM_D1))
                0x00000200                _Min_Heap_Size = 0x200
                0x00000400                _Min_Stack_Size = 0x400

.isr_vector     0x08000000      0x298
                0x08000000                . = ALIGN (0x4)
 *(.isr_vector)
 .isr_vector    0x08000000      0x298 CMakeFiles/H7_Bin_V1.0.elf.dir/Core/Startup/startup_stm32h750vbtx.s.obj
                0x08000000                g_pfnVectors
                0x08000298                . = ALIGN (0x4)

.text           0x080002c0    0x12458
                0x080002c0                . = ALIGN (0x4)
 *(.text)
 .text          0x080002c0       0x40 d:/software/gun_arm_embedded_toolchain/bin/../lib/gcc/arm-none-eabi/10.3.1/thumb/v7e-m+fp/hard/crtbegin.o
 .text          0x08000300      0x378 d:/software/gun_arm_embedded_toolchain/bin/../lib/gcc/arm-none-eabi/10.3.1/thumb/v7e-m+fp/hard\libgcc.a(_arm_addsubdf3.o)
                0x08000300                __aeabi_drsub
                0x08000308                __aeabi_dsub
                0x08000308                __subdf3
                0x0800030c                __aeabi_dadd
                0x0800030c                __adddf3
                0x08000584                __floatunsidf
                0x08000584                __aeabi_ui2d
                0x080005a4                __floatsidf
                0x080005a4                __aeabi_i2d
                0x080005c8                __aeabi_f2d
                0x080005c8                __extendsfdf2
                0x0800060c                __floatundidf
                0x0800060c                __aeabi_ul2d
                0x0800061c                __floatdidf
                0x0800061c                __aeabi_l2d
 .text          0x08000678      0x424 d:/software/gun_arm_embedded_toolchain/bin/../lib/gcc/arm-none-eabi/10.3.1/thumb/v7e-m+fp/hard\libgcc.a(_arm_muldivdf3.o)
                0x08000678                __aeabi_dmul
                0x08000678                __muldf3
                0x080008cc                __divdf3
                0x080008cc                __aeabi_ddiv
 .text          0x08000a9c      0x110 d:/software/gun_arm_embedded_toolchain/bin/../lib/gcc/arm-none-eabi/10.3.1/thumb/v7e-m+fp/hard\libgcc.a(_arm_cmpdf2.o)
                0x08000a9c                __gtdf2
                0x08000a9c                __gedf2
                0x08000aa4                __ltdf2
                0x08000aa4                __ledf2
                0x08000aac                __nedf2
                0x08000aac                __eqdf2
                0x08000aac                __cmpdf2
                0x08000b28                __aeabi_cdrcmple
                0x08000b38                __aeabi_cdcmpeq
                0x08000b38                __aeabi_cdcmple
                0x08000b48                __aeabi_dcmpeq
                0x08000b5c                __aeabi_dcmplt
                0x08000b70                __aeabi_dcmple
                0x08000b84                __aeabi_dcmpge
                0x08000b98                __aeabi_dcmpgt
 .text          0x08000bac       0x50 d:/software/gun_arm_embedded_toolchain/bin/../lib/gcc/arm-none-eabi/10.3.1/thumb/v7e-m+fp/hard\libgcc.a(_arm_fixdfsi.o)
                0x08000bac                __aeabi_d2iz
                0x08000bac                __fixdfsi
 .text          0x08000bfc       0x30 d:/software/gun_arm_embedded_toolchain/bin/../lib/gcc/arm-none-eabi/10.3.1/thumb/v7e-m+fp/hard\libgcc.a(_aeabi_uldivmod.o)
                0x08000bfc                __aeabi_uldivmod
 .text          0x08000c2c      0x2d0 d:/software/gun_arm_embedded_toolchain/bin/../lib/gcc/arm-none-eabi/10.3.1/thumb/v7e-m+fp/hard\libgcc.a(_udivmoddi4.o)
                0x08000c2c                __udivmoddi4
 .text          0x08000efc        0x4 d:/software/gun_arm_embedded_toolchain/bin/../lib/gcc/arm-none-eabi/10.3.1/thumb/v7e-m+fp/hard\libgcc.a(_dvmd_tls.o)
                0x08000efc                __aeabi_idiv0
                0x08000efc                __aeabi_ldiv0
 .text          0x08000f00      0x134 d:/software/gun_arm_embedded_toolchain/bin/../lib/gcc/arm-none-eabi/10.3.1/../../../../arm-none-eabi/lib/thumb/v7e-m+fp/hard\libg.a(lib_a-memcpy.o)
                0x08000f00                memcpy
 *fill*         0x08001034        0xc 
 .text          0x08001040      0x2dc d:/software/gun_arm_embedded_toolchain/bin/../lib/gcc/arm-none-eabi/10.3.1/../../../../arm-none-eabi/lib/thumb/v7e-m+fp/hard\libg.a(lib_a-strcmp.o)
                0x08001048                strcmp
 *fill*         0x0800131c       0x24 
 .text          0x08001340       0xdc d:/software/gun_arm_embedded_toolchain/bin/../lib/gcc/arm-none-eabi/10.3.1/../../../../arm-none-eabi/lib/thumb/v7e-m+fp/hard\libg.a(lib_a-strlen.o)
                0x08001340                strlen
 *fill*         0x0800141c        0x4 
 .text          0x08001420       0xa0 d:/software/gun_arm_embedded_toolchain/bin/../lib/gcc/arm-none-eabi/10.3.1/../../../../arm-none-eabi/lib/thumb/v7e-m+fp/hard\libg.a(lib_a-memchr.o)
                0x08001420                memchr
 .text          0x080014c0       0x2c d:/software/gun_arm_embedded_toolchain/bin/../lib/gcc/arm-none-eabi/10.3.1/thumb/v7e-m+fp/hard\libgcc.a(_arm_unorddf2.o)
                0x080014c0                __unorddf2
                0x080014c0                __aeabi_dcmpun
 *(.text*)
 .text.Conveyor_Set_Vel
                0x080014ec        0xc CMakeFiles/H7_Bin_V1.0.elf.dir/Core/Conveyor/conveyor.c.obj
                0x080014ec                Conveyor_Set_Vel
 .text.InitQueue
                0x080014f8        0xc CMakeFiles/H7_Bin_V1.0.elf.dir/Core/DPSDrive/DPSDrive.c.obj
                0x080014f8                InitQueue
 .text.InsQueue
                0x08001504       0x58 CMakeFiles/H7_Bin_V1.0.elf.dir/Core/DPSDrive/DPSDrive.c.obj
                0x08001504                InsQueue
 .text.QueueGet
                0x0800155c       0x14 CMakeFiles/H7_Bin_V1.0.elf.dir/Core/DPSDrive/DPSDrive.c.obj
                0x0800155c                QueueGet
 .text.DPS_Transmit
                0x08001570       0x44 CMakeFiles/H7_Bin_V1.0.elf.dir/Core/DPSDrive/DPSDrive.c.obj
                0x08001570                DPS_Transmit
 .text.DPS_Receive
                0x080015b4       0x30 CMakeFiles/H7_Bin_V1.0.elf.dir/Core/DPSDrive/DPSDrive.c.obj
                0x080015b4                DPS_Receive
 .text.Get_Crc  0x080015e4       0x34 CMakeFiles/H7_Bin_V1.0.elf.dir/Core/DPSDrive/DPSDrive.c.obj
                0x080015e4                Get_Crc
 .text.DPS_SetVelocity
                0x08001618       0x70 CMakeFiles/H7_Bin_V1.0.elf.dir/Core/DPSDrive/DPSDrive.c.obj
                0x08001618                DPS_SetVelocity
 .text.DPS_SetPosition
                0x08001688       0x70 CMakeFiles/H7_Bin_V1.0.elf.dir/Core/DPSDrive/DPSDrive.c.obj
                0x08001688                DPS_SetPosition
 .text.DPS_GetPosition
                0x080016f8      0x130 CMakeFiles/H7_Bin_V1.0.elf.dir/Core/DPSDrive/DPSDrive.c.obj
                0x080016f8                DPS_GetPosition
 .text.DPS_MODE
                0x08001828       0x38 CMakeFiles/H7_Bin_V1.0.elf.dir/Core/Debug/debug.c.obj
                0x08001828                DPS_MODE
 .text.UART_printf
                0x08001860       0x3a CMakeFiles/H7_Bin_V1.0.elf.dir/Core/Debug/debug.c.obj
                0x08001860                UART_printf
 *fill*         0x0800189a        0x2 
 .text.key_action
                0x0800189c      0x104 CMakeFiles/H7_Bin_V1.0.elf.dir/Core/Key/key.c.obj
                0x0800189c                key_action
 .text.shellAdd
                0x080019a0       0x24 CMakeFiles/H7_Bin_V1.0.elf.dir/Core/Shell/shell.c.obj
 .text.shellWriteByte
                0x080019c4       0x18 CMakeFiles/H7_Bin_V1.0.elf.dir/Core/Shell/shell.c.obj
 .text.shellWriteCommandDesc
                0x080019dc       0x50 CMakeFiles/H7_Bin_V1.0.elf.dir/Core/Shell/shell.c.obj
 .text.shellStringCopy
                0x08001a2c       0x16 CMakeFiles/H7_Bin_V1.0.elf.dir/Core/Shell/shell.c.obj
 .text.shellStringCompare
                0x08001a42       0x2e CMakeFiles/H7_Bin_V1.0.elf.dir/Core/Shell/shell.c.obj
 .text.shellGetCommandDesc
                0x08001a70       0x22 CMakeFiles/H7_Bin_V1.0.elf.dir/Core/Shell/shell.c.obj
 .text.shellParserParam
                0x08001a92       0x90 CMakeFiles/H7_Bin_V1.0.elf.dir/Core/Shell/shell.c.obj
 .text.shellRight
                0x08001b22       0x1a CMakeFiles/H7_Bin_V1.0.elf.dir/Core/Shell/shell.c.obj
                0x08001b22                shellRight
 .text.shellLeft
                0x08001b3c       0x18 CMakeFiles/H7_Bin_V1.0.elf.dir/Core/Shell/shell.c.obj
                0x08001b3c                shellLeft
 .text.shellHistoryAdd
                0x08001b54       0x70 CMakeFiles/H7_Bin_V1.0.elf.dir/Core/Shell/shell.c.obj
 .text.shellRemoveParamQuotes
                0x08001bc4       0x54 CMakeFiles/H7_Bin_V1.0.elf.dir/Core/Shell/shell.c.obj
 .text.shellGetCurrent
                0x08001c18       0x2c CMakeFiles/H7_Bin_V1.0.elf.dir/Core/Shell/shell.c.obj
                0x08001c18                shellGetCurrent
 .text.shellWriteString
                0x08001c44       0x26 CMakeFiles/H7_Bin_V1.0.elf.dir/Core/Shell/shell.c.obj
                0x08001c44                shellWriteString
 *fill*         0x08001c6a        0x2 
 .text.shellWritePrompt
                0x08001c6c       0x60 CMakeFiles/H7_Bin_V1.0.elf.dir/Core/Shell/shell.c.obj
 .text.shellCheckPassword
                0x08001ccc       0x40 CMakeFiles/H7_Bin_V1.0.elf.dir/Core/Shell/shell.c.obj
 .text.shellClear
                0x08001d0c       0x14 CMakeFiles/H7_Bin_V1.0.elf.dir/Core/Shell/shell.c.obj
                0x08001d0c                shellClear
 .text.shellCheckPermission
                0x08001d20       0x44 CMakeFiles/H7_Bin_V1.0.elf.dir/Core/Shell/shell.c.obj
                0x08001d20                shellCheckPermission
 .text.shellToHex
                0x08001d64       0x28 CMakeFiles/H7_Bin_V1.0.elf.dir/Core/Shell/shell.c.obj
                0x08001d64                shellToHex
 .text.shellGetCommandName
                0x08001d8c       0x44 CMakeFiles/H7_Bin_V1.0.elf.dir/Core/Shell/shell.c.obj
 .text.shellToDec
                0x08001dd0       0x60 CMakeFiles/H7_Bin_V1.0.elf.dir/Core/Shell/shell.c.obj
                0x08001dd0                shellToDec
 .text.shellWriteReturnValue
                0x08001e30       0x80 CMakeFiles/H7_Bin_V1.0.elf.dir/Core/Shell/shell.c.obj
 .text.shellListItem
                0x08001eb0       0xe0 CMakeFiles/H7_Bin_V1.0.elf.dir/Core/Shell/shell.c.obj
                0x08001eb0                shellListItem
 .text.shellListCommand
                0x08001f90       0x48 CMakeFiles/H7_Bin_V1.0.elf.dir/Core/Shell/shell.c.obj
                0x08001f90                shellListCommand
 .text.shellCmds
                0x08001fd8        0xe CMakeFiles/H7_Bin_V1.0.elf.dir/Core/Shell/shell.c.obj
                0x08001fd8                shellCmds
 *fill*         0x08001fe6        0x2 
 .text.shellListVar
                0x08001fe8       0x4c CMakeFiles/H7_Bin_V1.0.elf.dir/Core/Shell/shell.c.obj
                0x08001fe8                shellListVar
 .text.shellVars
                0x08002034        0xe CMakeFiles/H7_Bin_V1.0.elf.dir/Core/Shell/shell.c.obj
                0x08002034                shellVars
 *fill*         0x08002042        0x2 
 .text.shellListUser
                0x08002044       0x48 CMakeFiles/H7_Bin_V1.0.elf.dir/Core/Shell/shell.c.obj
                0x08002044                shellListUser
 .text.shellUsers
                0x0800208c        0xe CMakeFiles/H7_Bin_V1.0.elf.dir/Core/Shell/shell.c.obj
                0x0800208c                shellUsers
 *fill*         0x0800209a        0x2 
 .text.shellListKey
                0x0800209c       0x48 CMakeFiles/H7_Bin_V1.0.elf.dir/Core/Shell/shell.c.obj
                0x0800209c                shellListKey
 .text.shellKeys
                0x080020e4        0xe CMakeFiles/H7_Bin_V1.0.elf.dir/Core/Shell/shell.c.obj
                0x080020e4                shellKeys
 .text.shellListAll
                0x080020f2        0x8 CMakeFiles/H7_Bin_V1.0.elf.dir/Core/Shell/shell.c.obj
                0x080020f2                shellListAll
 *fill*         0x080020fa        0x2 
 .text.shellDeleteCommandLine
                0x080020fc       0x20 CMakeFiles/H7_Bin_V1.0.elf.dir/Core/Shell/shell.c.obj
                0x080020fc                shellDeleteCommandLine
 .text.shellClearCommandLine
                0x0800211c       0x28 CMakeFiles/H7_Bin_V1.0.elf.dir/Core/Shell/shell.c.obj
                0x0800211c                shellClearCommandLine
 .text.shellHistory
                0x08002144       0x90 CMakeFiles/H7_Bin_V1.0.elf.dir/Core/Shell/shell.c.obj
 .text.shellUp  0x080021d4        0xa CMakeFiles/H7_Bin_V1.0.elf.dir/Core/Shell/shell.c.obj
                0x080021d4                shellUp
 .text.shellDown
                0x080021de        0xc CMakeFiles/H7_Bin_V1.0.elf.dir/Core/Shell/shell.c.obj
                0x080021de                shellDown
 *fill*         0x080021ea        0x2 
 .text.shellInsertByte
                0x080021ec       0xbc CMakeFiles/H7_Bin_V1.0.elf.dir/Core/Shell/shell.c.obj
                0x080021ec                shellInsertByte
 .text.shellDeleteByte
                0x080022a8       0xc4 CMakeFiles/H7_Bin_V1.0.elf.dir/Core/Shell/shell.c.obj
                0x080022a8                shellDeleteByte
 .text.shellBackspace
                0x0800236c        0xa CMakeFiles/H7_Bin_V1.0.elf.dir/Core/Shell/shell.c.obj
                0x0800236c                shellBackspace
 .text.shellDelete
                0x08002376        0xc CMakeFiles/H7_Bin_V1.0.elf.dir/Core/Shell/shell.c.obj
                0x08002376                shellDelete
 .text.shellSeekCommand
                0x08002382       0x72 CMakeFiles/H7_Bin_V1.0.elf.dir/Core/Shell/shell.c.obj
                0x08002382                shellSeekCommand
 .text.shellWriteCommandHelp
                0x080023f4       0x60 CMakeFiles/H7_Bin_V1.0.elf.dir/Core/Shell/shell.c.obj
 .text.shellTab
                0x08002454      0x154 CMakeFiles/H7_Bin_V1.0.elf.dir/Core/Shell/shell.c.obj
                0x08002454                shellTab
 .text.shellHelp
                0x080025a8       0x24 CMakeFiles/H7_Bin_V1.0.elf.dir/Core/Shell/shell.c.obj
                0x080025a8                shellHelp
 .text.shellGetVarValue
                0x080025cc       0x44 CMakeFiles/H7_Bin_V1.0.elf.dir/Core/Shell/shell.c.obj
                0x080025cc                shellGetVarValue
 .text.shellShowVar
                0x08002610       0xc0 CMakeFiles/H7_Bin_V1.0.elf.dir/Core/Shell/shell.c.obj
 .text.shellSetVarValue
                0x080026d0       0x78 CMakeFiles/H7_Bin_V1.0.elf.dir/Core/Shell/shell.c.obj
                0x080026d0                shellSetVarValue
 .text.shellSetVar
                0x08002748       0x64 CMakeFiles/H7_Bin_V1.0.elf.dir/Core/Shell/shell.c.obj
                0x08002748                shellSetVar
 .text.shellSetUser
                0x080027ac       0x60 CMakeFiles/H7_Bin_V1.0.elf.dir/Core/Shell/shell.c.obj
                0x080027ac                shellSetUser
 .text.shellInit
                0x0800280c       0x8c CMakeFiles/H7_Bin_V1.0.elf.dir/Core/Shell/shell.c.obj
                0x0800280c                shellInit
 .text.shellRunCommand
                0x08002898       0x94 CMakeFiles/H7_Bin_V1.0.elf.dir/Core/Shell/shell.c.obj
                0x08002898                shellRunCommand
 .text.shellNormalInput
                0x0800292c       0x14 CMakeFiles/H7_Bin_V1.0.elf.dir/Core/Shell/shell.c.obj
                0x0800292c                shellNormalInput
 .text.shellExec
                0x08002940       0x68 CMakeFiles/H7_Bin_V1.0.elf.dir/Core/Shell/shell.c.obj
                0x08002940                shellExec
 .text.shellEnter
                0x080029a8       0x12 CMakeFiles/H7_Bin_V1.0.elf.dir/Core/Shell/shell.c.obj
                0x080029a8                shellEnter
 *fill*         0x080029ba        0x2 
 .text.shellHandler
                0x080029bc       0xe4 CMakeFiles/H7_Bin_V1.0.elf.dir/Core/Shell/shell.c.obj
                0x080029bc                shellHandler
 .text.shellExtNumType
                0x08002aa0       0x50 CMakeFiles/H7_Bin_V1.0.elf.dir/Core/Shell/shell_ext.c.obj
 .text.shellExtToNum
                0x08002af0       0x2e CMakeFiles/H7_Bin_V1.0.elf.dir/Core/Shell/shell_ext.c.obj
 *fill*         0x08002b1e        0x2 
 .text.shellExtParseChar
                0x08002b20       0x88 CMakeFiles/H7_Bin_V1.0.elf.dir/Core/Shell/shell_ext.c.obj
 .text.shellExtParseString
                0x08002ba8       0x40 CMakeFiles/H7_Bin_V1.0.elf.dir/Core/Shell/shell_ext.c.obj
 .text.shellExtParseNumber
                0x08002be8       0xbe CMakeFiles/H7_Bin_V1.0.elf.dir/Core/Shell/shell_ext.c.obj
 .text.shellExtParseVar
                0x08002ca6       0x1e CMakeFiles/H7_Bin_V1.0.elf.dir/Core/Shell/shell_ext.c.obj
 .text.shellExtParsePara
                0x08002cc4       0x4a CMakeFiles/H7_Bin_V1.0.elf.dir/Core/Shell/shell_ext.c.obj
                0x08002cc4                shellExtParsePara
 .text.shellExtRun
                0x08002d0e       0xee CMakeFiles/H7_Bin_V1.0.elf.dir/Core/Shell/shell_ext.c.obj
                0x08002d0e                shellExtRun
 .text.User_Shell_Write
                0x08002dfc       0x1c CMakeFiles/H7_Bin_V1.0.elf.dir/Core/Shell/shell_port.c.obj
                0x08002dfc                User_Shell_Write
 .text.User_Shell_Read
                0x08002e18       0x20 CMakeFiles/H7_Bin_V1.0.elf.dir/Core/Shell/shell_port.c.obj
                0x08002e18                User_Shell_Read
 .text.MX_DMA_Init
                0x08002e38       0x68 CMakeFiles/H7_Bin_V1.0.elf.dir/Core/Src/dma.c.obj
                0x08002e38                MX_DMA_Init
 .text.StartDefaultTask
                0x08002ea0        0x6 CMakeFiles/H7_Bin_V1.0.elf.dir/Core/Src/freertos.c.obj
                0x08002ea0                StartDefaultTask
 *fill*         0x08002ea6        0x2 
 .text.log_task
                0x08002ea8       0x50 CMakeFiles/H7_Bin_V1.0.elf.dir/Core/Src/freertos.c.obj
                0x08002ea8                log_task
 .text.lcd_task
                0x08002ef8        0xa CMakeFiles/H7_Bin_V1.0.elf.dir/Core/Src/freertos.c.obj
                0x08002ef8                lcd_task
 .text.configureTimerForRunTimeStats
                0x08002f02        0x2 CMakeFiles/H7_Bin_V1.0.elf.dir/Core/Src/freertos.c.obj
                0x08002f02                configureTimerForRunTimeStats
 .text.getRunTimeCounterValue
                0x08002f04        0x4 CMakeFiles/H7_Bin_V1.0.elf.dir/Core/Src/freertos.c.obj
                0x08002f04                getRunTimeCounterValue
 .text.MX_FREERTOS_Init
                0x08002f08       0x6c CMakeFiles/H7_Bin_V1.0.elf.dir/Core/Src/freertos.c.obj
                0x08002f08                MX_FREERTOS_Init
 .text.MX_GPIO_Init
                0x08002f74      0x128 CMakeFiles/H7_Bin_V1.0.elf.dir/Core/Src/gpio.c.obj
                0x08002f74                MX_GPIO_Init
 .text.HAL_TIM_PeriodElapsedCallback
                0x0800309c       0x18 CMakeFiles/H7_Bin_V1.0.elf.dir/Core/Src/main.c.obj
                0x0800309c                HAL_TIM_PeriodElapsedCallback
 .text.Error_Handler
                0x080030b4        0x4 CMakeFiles/H7_Bin_V1.0.elf.dir/Core/Src/main.c.obj
                0x080030b4                Error_Handler
 .text.SystemClock_Config
                0x080030b8      0x11c CMakeFiles/H7_Bin_V1.0.elf.dir/Core/Src/main.c.obj
                0x080030b8                SystemClock_Config
 .text.PeriphCommonClock_Config
                0x080031d4       0x26 CMakeFiles/H7_Bin_V1.0.elf.dir/Core/Src/main.c.obj
                0x080031d4                PeriphCommonClock_Config
 *fill*         0x080031fa        0x2 
 .text.main     0x080031fc       0x80 CMakeFiles/H7_Bin_V1.0.elf.dir/Core/Src/main.c.obj
                0x080031fc                main
 .text.MX_RTC_Init
                0x0800327c       0x8c CMakeFiles/H7_Bin_V1.0.elf.dir/Core/Src/rtc.c.obj
                0x0800327c                MX_RTC_Init
 .text.HAL_RTC_MspInit
                0x08003308       0x4c CMakeFiles/H7_Bin_V1.0.elf.dir/Core/Src/rtc.c.obj
                0x08003308                HAL_RTC_MspInit
 .text.MX_SPI1_Init
                0x08003354       0x60 CMakeFiles/H7_Bin_V1.0.elf.dir/Core/Src/spi.c.obj
                0x08003354                MX_SPI1_Init
 .text.MX_SPI4_Init
                0x080033b4       0x60 CMakeFiles/H7_Bin_V1.0.elf.dir/Core/Src/spi.c.obj
                0x080033b4                MX_SPI4_Init
 .text.HAL_SPI_MspInit
                0x08003414      0x11c CMakeFiles/H7_Bin_V1.0.elf.dir/Core/Src/spi.c.obj
                0x08003414                HAL_SPI_MspInit
 .text.HAL_MspInit
                0x08003530       0x34 CMakeFiles/H7_Bin_V1.0.elf.dir/Core/Src/stm32h7xx_hal_msp.c.obj
                0x08003530                HAL_MspInit
 .text.HAL_InitTick
                0x08003564       0x90 CMakeFiles/H7_Bin_V1.0.elf.dir/Core/Src/stm32h7xx_hal_timebase_tim.c.obj
                0x08003564                HAL_InitTick
 .text.NMI_Handler
                0x080035f4        0x2 CMakeFiles/H7_Bin_V1.0.elf.dir/Core/Src/stm32h7xx_it.c.obj
                0x080035f4                NMI_Handler
 .text.HardFault_Handler
                0x080035f6        0x2 CMakeFiles/H7_Bin_V1.0.elf.dir/Core/Src/stm32h7xx_it.c.obj
                0x080035f6                HardFault_Handler
 .text.MemManage_Handler
                0x080035f8        0x2 CMakeFiles/H7_Bin_V1.0.elf.dir/Core/Src/stm32h7xx_it.c.obj
                0x080035f8                MemManage_Handler
 .text.BusFault_Handler
                0x080035fa        0x2 CMakeFiles/H7_Bin_V1.0.elf.dir/Core/Src/stm32h7xx_it.c.obj
                0x080035fa                BusFault_Handler
 .text.UsageFault_Handler
                0x080035fc        0x2 CMakeFiles/H7_Bin_V1.0.elf.dir/Core/Src/stm32h7xx_it.c.obj
                0x080035fc                UsageFault_Handler
 .text.DebugMon_Handler
                0x080035fe        0x2 CMakeFiles/H7_Bin_V1.0.elf.dir/Core/Src/stm32h7xx_it.c.obj
                0x080035fe                DebugMon_Handler
 .text.DMA1_Stream0_IRQHandler
                0x08003600       0x10 CMakeFiles/H7_Bin_V1.0.elf.dir/Core/Src/stm32h7xx_it.c.obj
                0x08003600                DMA1_Stream0_IRQHandler
 .text.DMA1_Stream1_IRQHandler
                0x08003610       0x10 CMakeFiles/H7_Bin_V1.0.elf.dir/Core/Src/stm32h7xx_it.c.obj
                0x08003610                DMA1_Stream1_IRQHandler
 .text.DMA1_Stream2_IRQHandler
                0x08003620       0x10 CMakeFiles/H7_Bin_V1.0.elf.dir/Core/Src/stm32h7xx_it.c.obj
                0x08003620                DMA1_Stream2_IRQHandler
 .text.DMA1_Stream3_IRQHandler
                0x08003630       0x10 CMakeFiles/H7_Bin_V1.0.elf.dir/Core/Src/stm32h7xx_it.c.obj
                0x08003630                DMA1_Stream3_IRQHandler
 .text.SPI1_IRQHandler
                0x08003640       0x10 CMakeFiles/H7_Bin_V1.0.elf.dir/Core/Src/stm32h7xx_it.c.obj
                0x08003640                SPI1_IRQHandler
 .text.USART2_IRQHandler
                0x08003650       0x10 CMakeFiles/H7_Bin_V1.0.elf.dir/Core/Src/stm32h7xx_it.c.obj
                0x08003650                USART2_IRQHandler
 .text.USART3_IRQHandler
                0x08003660       0x10 CMakeFiles/H7_Bin_V1.0.elf.dir/Core/Src/stm32h7xx_it.c.obj
                0x08003660                USART3_IRQHandler
 .text.UART4_IRQHandler
                0x08003670       0x10 CMakeFiles/H7_Bin_V1.0.elf.dir/Core/Src/stm32h7xx_it.c.obj
                0x08003670                UART4_IRQHandler
 .text.UART5_IRQHandler
                0x08003680       0x10 CMakeFiles/H7_Bin_V1.0.elf.dir/Core/Src/stm32h7xx_it.c.obj
                0x08003680                UART5_IRQHandler
 .text.UART8_IRQHandler
                0x08003690      0x1e8 CMakeFiles/H7_Bin_V1.0.elf.dir/Core/Src/stm32h7xx_it.c.obj
                0x08003690                UART8_IRQHandler
 .text.TIM17_IRQHandler
                0x08003878       0x10 CMakeFiles/H7_Bin_V1.0.elf.dir/Core/Src/stm32h7xx_it.c.obj
                0x08003878                TIM17_IRQHandler
 .text._getpid  0x08003888        0x4 CMakeFiles/H7_Bin_V1.0.elf.dir/Core/Src/syscalls.c.obj
                0x08003888                _getpid
 .text._kill    0x0800388c       0x10 CMakeFiles/H7_Bin_V1.0.elf.dir/Core/Src/syscalls.c.obj
                0x0800388c                _kill
 .text._exit    0x0800389c        0xc CMakeFiles/H7_Bin_V1.0.elf.dir/Core/Src/syscalls.c.obj
                0x0800389c                _exit
 .text._read    0x080038a8       0x20 CMakeFiles/H7_Bin_V1.0.elf.dir/Core/Src/syscalls.c.obj
                0x080038a8                _read
 .text._write   0x080038c8       0x1c CMakeFiles/H7_Bin_V1.0.elf.dir/Core/Src/syscalls.c.obj
                0x080038c8                _write
 .text._close   0x080038e4        0x6 CMakeFiles/H7_Bin_V1.0.elf.dir/Core/Src/syscalls.c.obj
                0x080038e4                _close
 .text._fstat   0x080038ea        0xa CMakeFiles/H7_Bin_V1.0.elf.dir/Core/Src/syscalls.c.obj
                0x080038ea                _fstat
 .text._isatty  0x080038f4        0x4 CMakeFiles/H7_Bin_V1.0.elf.dir/Core/Src/syscalls.c.obj
                0x080038f4                _isatty
 .text._lseek   0x080038f8        0x4 CMakeFiles/H7_Bin_V1.0.elf.dir/Core/Src/syscalls.c.obj
                0x080038f8                _lseek
 .text._sbrk    0x080038fc       0x48 CMakeFiles/H7_Bin_V1.0.elf.dir/Core/Src/sysmem.c.obj
                0x080038fc                _sbrk
 .text.SystemInit
                0x08003944       0xcc CMakeFiles/H7_Bin_V1.0.elf.dir/Core/Src/system_stm32h7xx.c.obj
                0x08003944                SystemInit
 .text.HAL_TIM_PWM_MspInit
                0x08003a10       0x34 CMakeFiles/H7_Bin_V1.0.elf.dir/Core/Src/tim.c.obj
                0x08003a10                HAL_TIM_PWM_MspInit
 .text.HAL_TIM_MspPostInit
                0x08003a44       0x5c CMakeFiles/H7_Bin_V1.0.elf.dir/Core/Src/tim.c.obj
                0x08003a44                HAL_TIM_MspPostInit
 .text.MX_TIM1_Init
                0x08003aa0       0xcc CMakeFiles/H7_Bin_V1.0.elf.dir/Core/Src/tim.c.obj
                0x08003aa0                MX_TIM1_Init
 .text.MX_UART4_Init
                0x08003b6c       0x70 CMakeFiles/H7_Bin_V1.0.elf.dir/Core/Src/usart.c.obj
                0x08003b6c                MX_UART4_Init
 .text.MX_UART5_Init
                0x08003bdc       0x68 CMakeFiles/H7_Bin_V1.0.elf.dir/Core/Src/usart.c.obj
                0x08003bdc                MX_UART5_Init
 .text.MX_UART8_Init
                0x08003c44       0x74 CMakeFiles/H7_Bin_V1.0.elf.dir/Core/Src/usart.c.obj
                0x08003c44                MX_UART8_Init
 .text.MX_USART2_UART_Init
                0x08003cb8       0x68 CMakeFiles/H7_Bin_V1.0.elf.dir/Core/Src/usart.c.obj
                0x08003cb8                MX_USART2_UART_Init
 .text.MX_USART3_UART_Init
                0x08003d20       0x68 CMakeFiles/H7_Bin_V1.0.elf.dir/Core/Src/usart.c.obj
                0x08003d20                MX_USART3_UART_Init
 .text.HAL_UART_MspInit
                0x08003d88      0x3a0 CMakeFiles/H7_Bin_V1.0.elf.dir/Core/Src/usart.c.obj
                0x08003d88                HAL_UART_MspInit
 .text.Reset_Handler
                0x08004128       0x50 CMakeFiles/H7_Bin_V1.0.elf.dir/Core/Startup/startup_stm32h750vbtx.s.obj
                0x08004128                Reset_Handler
 .text.Default_Handler
                0x08004178        0x2 CMakeFiles/H7_Bin_V1.0.elf.dir/Core/Startup/startup_stm32h750vbtx.s.obj
                0x08004178                RTC_Alarm_IRQHandler
                0x08004178                HASH_RNG_IRQHandler
                0x08004178                EXTI2_IRQHandler
                0x08004178                TIM8_CC_IRQHandler
                0x08004178                HRTIM1_Master_IRQHandler
                0x08004178                SPI4_IRQHandler
                0x08004178                TIM1_CC_IRQHandler
                0x08004178                BDMA_Channel6_IRQHandler
                0x08004178                DMA2_Stream5_IRQHandler
                0x08004178                HRTIM1_FLT_IRQHandler
                0x08004178                JPEG_IRQHandler
                0x08004178                DMA1_Stream5_IRQHandler
                0x08004178                BDMA_Channel1_IRQHandler
                0x08004178                HRTIM1_TIMD_IRQHandler
                0x08004178                TAMP_STAMP_IRQHandler
                0x08004178                EXTI3_IRQHandler
                0x08004178                LPTIM4_IRQHandler
                0x08004178                TIM8_TRG_COM_TIM14_IRQHandler
                0x08004178                LPTIM2_IRQHandler
                0x08004178                DFSDM1_FLT1_IRQHandler
                0x08004178                DMAMUX2_OVR_IRQHandler
                0x08004178                TIM8_UP_TIM13_IRQHandler
                0x08004178                I2C3_ER_IRQHandler
                0x08004178                DFSDM1_FLT2_IRQHandler
                0x08004178                MDMA_IRQHandler
                0x08004178                LPTIM3_IRQHandler
                0x08004178                HSEM1_IRQHandler
                0x08004178                EXTI0_IRQHandler
                0x08004178                I2C2_EV_IRQHandler
                0x08004178                FPU_IRQHandler
                0x08004178                OTG_HS_WKUP_IRQHandler
                0x08004178                FDCAN1_IT1_IRQHandler
                0x08004178                LTDC_ER_IRQHandler
                0x08004178                DMA2_Stream2_IRQHandler
                0x08004178                HRTIM1_TIME_IRQHandler
                0x08004178                TIM6_DAC_IRQHandler
                0x08004178                DCMI_IRQHandler
                0x08004178                HRTIM1_TIMC_IRQHandler
                0x08004178                DMA2_Stream3_IRQHandler
                0x08004178                SAI2_IRQHandler
                0x08004178                DFSDM1_FLT3_IRQHandler
                0x08004178                USART6_IRQHandler
                0x08004178                BDMA_Channel7_IRQHandler
                0x08004178                CRYP_IRQHandler
                0x08004178                LPTIM5_IRQHandler
                0x08004178                ADC3_IRQHandler
                0x08004178                DMA2_Stream0_IRQHandler
                0x08004178                TIM4_IRQHandler
                0x08004178                BDMA_Channel2_IRQHandler
                0x08004178                QUADSPI_IRQHandler
                0x08004178                I2C1_EV_IRQHandler
                0x08004178                DMA1_Stream6_IRQHandler
                0x08004178                DMAMUX1_OVR_IRQHandler
                0x08004178                TIM16_IRQHandler
                0x08004178                BDMA_Channel5_IRQHandler
                0x08004178                TIM3_IRQHandler
                0x08004178                RCC_IRQHandler
                0x08004178                TIM8_BRK_TIM12_IRQHandler
                0x08004178                TIM1_TRG_COM_IRQHandler
                0x08004178                Default_Handler
                0x08004178                ECC_IRQHandler
                0x08004178                CEC_IRQHandler
                0x08004178                EXTI15_10_IRQHandler
                0x08004178                BDMA_Channel0_IRQHandler
                0x08004178                ADC_IRQHandler
                0x08004178                DMA1_Stream7_IRQHandler
                0x08004178                HRTIM1_TIMA_IRQHandler
                0x08004178                SPI5_IRQHandler
                0x08004178                TIM7_IRQHandler
                0x08004178                SDMMC1_IRQHandler
                0x08004178                TIM5_IRQHandler
                0x08004178                DMA2_Stream7_IRQHandler
                0x08004178                TIM15_IRQHandler
                0x08004178                PVD_AVD_IRQHandler
                0x08004178                I2C3_EV_IRQHandler
                0x08004178                EXTI9_5_IRQHandler
                0x08004178                RTC_WKUP_IRQHandler
                0x08004178                LTDC_IRQHandler
                0x08004178                SAI3_IRQHandler
                0x08004178                ETH_WKUP_IRQHandler
                0x08004178                SPDIF_RX_IRQHandler
                0x08004178                SPI2_IRQHandler
                0x08004178                OTG_HS_EP1_IN_IRQHandler
                0x08004178                CRS_IRQHandler
                0x08004178                EXTI4_IRQHandler
                0x08004178                HRTIM1_TIMB_IRQHandler
                0x08004178                FDCAN2_IT1_IRQHandler
                0x08004178                ETH_IRQHandler
                0x08004178                TIM1_UP_IRQHandler
                0x08004178                BDMA_Channel4_IRQHandler
                0x08004178                OTG_HS_EP1_OUT_IRQHandler
                0x08004178                WWDG_IRQHandler
                0x08004178                SPI6_IRQHandler
                0x08004178                MDIOS_IRQHandler
                0x08004178                I2C4_EV_IRQHandler
                0x08004178                FDCAN2_IT0_IRQHandler
                0x08004178                LPUART1_IRQHandler
                0x08004178                FDCAN1_IT0_IRQHandler
                0x08004178                TIM2_IRQHandler
                0x08004178                OTG_FS_WKUP_IRQHandler
                0x08004178                OTG_HS_IRQHandler
                0x08004178                DMA2D_IRQHandler
                0x08004178                TIM1_BRK_IRQHandler
                0x08004178                EXTI1_IRQHandler
                0x08004178                SDMMC2_IRQHandler
                0x08004178                OTG_FS_EP1_OUT_IRQHandler
                0x08004178                BDMA_Channel3_IRQHandler
                0x08004178                UART7_IRQHandler
                0x08004178                MDIOS_WKUP_IRQHandler
                0x08004178                DFSDM1_FLT0_IRQHandler
                0x08004178                SAI4_IRQHandler
                0x08004178                I2C2_ER_IRQHandler
                0x08004178                DMA2_Stream1_IRQHandler
                0x08004178                FLASH_IRQHandler
                0x08004178                DMA2_Stream4_IRQHandler
                0x08004178                USART1_IRQHandler
                0x08004178                OTG_FS_IRQHandler
                0x08004178                SPI3_IRQHandler
                0x08004178                WAKEUP_PIN_IRQHandler
                0x08004178                DMA1_Stream4_IRQHandler
                0x08004178                OTG_FS_EP1_IN_IRQHandler
                0x08004178                I2C1_ER_IRQHandler
                0x08004178                FMC_IRQHandler
                0x08004178                FDCAN_CAL_IRQHandler
                0x08004178                SWPMI1_IRQHandler
                0x08004178                COMP1_IRQHandler
                0x08004178                LPTIM1_IRQHandler
                0x08004178                I2C4_ER_IRQHandler
                0x08004178                DMA2_Stream6_IRQHandler
                0x08004178                SAI1_IRQHandler
 *fill*         0x0800417a        0x6 
 .text.Trash_Init
                0x08004180      0x104 CMakeFiles/H7_Bin_V1.0.elf.dir/Core/Trash/trash.c.obj
                0x08004180                Trash_Init
 .text.Trash_Set
                0x08004284       0x50 CMakeFiles/H7_Bin_V1.0.elf.dir/Core/Trash/trash.c.obj
                0x08004284                Trash_Set
 .text.Trash_Get
                0x080042d4        0xe CMakeFiles/H7_Bin_V1.0.elf.dir/Core/Trash/trash.c.obj
                0x080042d4                Trash_Get
 .text.trash_task
                0x080042e2       0x12 CMakeFiles/H7_Bin_V1.0.elf.dir/Core/Trash_Task.c.obj
                0x080042e2                trash_task
 .text.HAL_Init
                0x080042f4       0x5c CMakeFiles/H7_Bin_V1.0.elf.dir/Drivers/STM32H7xx_HAL_Driver/Src/stm32h7xx_hal.c.obj
                0x080042f4                HAL_Init
 .text.HAL_IncTick
                0x08004350       0x18 CMakeFiles/H7_Bin_V1.0.elf.dir/Drivers/STM32H7xx_HAL_Driver/Src/stm32h7xx_hal.c.obj
                0x08004350                HAL_IncTick
 .text.HAL_GetTick
                0x08004368        0xc CMakeFiles/H7_Bin_V1.0.elf.dir/Drivers/STM32H7xx_HAL_Driver/Src/stm32h7xx_hal.c.obj
                0x08004368                HAL_GetTick
 .text.HAL_Delay
                0x08004374       0x28 CMakeFiles/H7_Bin_V1.0.elf.dir/Drivers/STM32H7xx_HAL_Driver/Src/stm32h7xx_hal.c.obj
                0x08004374                HAL_Delay
 .text.HAL_GetREVID
                0x0800439c        0xc CMakeFiles/H7_Bin_V1.0.elf.dir/Drivers/STM32H7xx_HAL_Driver/Src/stm32h7xx_hal.c.obj
                0x0800439c                HAL_GetREVID
 .text.HAL_NVIC_SetPriorityGrouping
                0x080043a8       0x24 CMakeFiles/H7_Bin_V1.0.elf.dir/Drivers/STM32H7xx_HAL_Driver/Src/stm32h7xx_hal_cortex.c.obj
                0x080043a8                HAL_NVIC_SetPriorityGrouping
 .text.HAL_NVIC_SetPriority
                0x080043cc       0x6c CMakeFiles/H7_Bin_V1.0.elf.dir/Drivers/STM32H7xx_HAL_Driver/Src/stm32h7xx_hal_cortex.c.obj
                0x080043cc                HAL_NVIC_SetPriority
 .text.HAL_NVIC_EnableIRQ
                0x08004438       0x1c CMakeFiles/H7_Bin_V1.0.elf.dir/Drivers/STM32H7xx_HAL_Driver/Src/stm32h7xx_hal_cortex.c.obj
                0x08004438                HAL_NVIC_EnableIRQ
 .text.DMA_SetConfig
                0x08004454      0x1b4 CMakeFiles/H7_Bin_V1.0.elf.dir/Drivers/STM32H7xx_HAL_Driver/Src/stm32h7xx_hal_dma.c.obj
 .text.DMA_CalcBaseAndBitshift
                0x08004608       0xb4 CMakeFiles/H7_Bin_V1.0.elf.dir/Drivers/STM32H7xx_HAL_Driver/Src/stm32h7xx_hal_dma.c.obj
 .text.DMA_CheckFifoParam
                0x080046bc       0x92 CMakeFiles/H7_Bin_V1.0.elf.dir/Drivers/STM32H7xx_HAL_Driver/Src/stm32h7xx_hal_dma.c.obj
 *fill*         0x0800474e        0x2 
 .text.DMA_CalcDMAMUXChannelBaseAndMask
                0x08004750       0xb0 CMakeFiles/H7_Bin_V1.0.elf.dir/Drivers/STM32H7xx_HAL_Driver/Src/stm32h7xx_hal_dma.c.obj
 .text.DMA_CalcDMAMUXRequestGenBaseAndMask
                0x08004800       0x7c CMakeFiles/H7_Bin_V1.0.elf.dir/Drivers/STM32H7xx_HAL_Driver/Src/stm32h7xx_hal_dma.c.obj
 .text.HAL_DMA_Init
                0x0800487c      0x3a4 CMakeFiles/H7_Bin_V1.0.elf.dir/Drivers/STM32H7xx_HAL_Driver/Src/stm32h7xx_hal_dma.c.obj
                0x0800487c                HAL_DMA_Init
 .text.HAL_DMA_Start_IT
                0x08004c20      0x298 CMakeFiles/H7_Bin_V1.0.elf.dir/Drivers/STM32H7xx_HAL_Driver/Src/stm32h7xx_hal_dma.c.obj
                0x08004c20                HAL_DMA_Start_IT
 .text.HAL_DMA_Abort
                0x08004eb8      0x340 CMakeFiles/H7_Bin_V1.0.elf.dir/Drivers/STM32H7xx_HAL_Driver/Src/stm32h7xx_hal_dma.c.obj
                0x08004eb8                HAL_DMA_Abort
 .text.HAL_DMA_Abort_IT
                0x080051f8      0x270 CMakeFiles/H7_Bin_V1.0.elf.dir/Drivers/STM32H7xx_HAL_Driver/Src/stm32h7xx_hal_dma.c.obj
                0x080051f8                HAL_DMA_Abort_IT
 .text.HAL_DMA_IRQHandler
                0x08005468      0x738 CMakeFiles/H7_Bin_V1.0.elf.dir/Drivers/STM32H7xx_HAL_Driver/Src/stm32h7xx_hal_dma.c.obj
                0x08005468                HAL_DMA_IRQHandler
 .text.HAL_DMA_GetError
                0x08005ba0        0x4 CMakeFiles/H7_Bin_V1.0.elf.dir/Drivers/STM32H7xx_HAL_Driver/Src/stm32h7xx_hal_dma.c.obj
                0x08005ba0                HAL_DMA_GetError
 .text.HAL_GPIO_Init
                0x08005ba4      0x220 CMakeFiles/H7_Bin_V1.0.elf.dir/Drivers/STM32H7xx_HAL_Driver/Src/stm32h7xx_hal_gpio.c.obj
                0x08005ba4                HAL_GPIO_Init
 .text.HAL_GPIO_ReadPin
                0x08005dc4        0xe CMakeFiles/H7_Bin_V1.0.elf.dir/Drivers/STM32H7xx_HAL_Driver/Src/stm32h7xx_hal_gpio.c.obj
                0x08005dc4                HAL_GPIO_ReadPin
 .text.HAL_GPIO_WritePin
                0x08005dd2        0xc CMakeFiles/H7_Bin_V1.0.elf.dir/Drivers/STM32H7xx_HAL_Driver/Src/stm32h7xx_hal_gpio.c.obj
                0x08005dd2                HAL_GPIO_WritePin
 *fill*         0x08005dde        0x2 
 .text.HAL_PWREx_ConfigSupply
                0x08005de0       0x54 CMakeFiles/H7_Bin_V1.0.elf.dir/Drivers/STM32H7xx_HAL_Driver/Src/stm32h7xx_hal_pwr_ex.c.obj
                0x08005de0                HAL_PWREx_ConfigSupply
 .text.HAL_RCC_OscConfig
                0x08005e34      0x674 CMakeFiles/H7_Bin_V1.0.elf.dir/Drivers/STM32H7xx_HAL_Driver/Src/stm32h7xx_hal_rcc.c.obj
                0x08005e34                HAL_RCC_OscConfig
 .text.HAL_RCC_GetSysClockFreq
                0x080064a8      0x1f4 CMakeFiles/H7_Bin_V1.0.elf.dir/Drivers/STM32H7xx_HAL_Driver/Src/stm32h7xx_hal_rcc.c.obj
                0x080064a8                HAL_RCC_GetSysClockFreq
 .text.HAL_RCC_ClockConfig
                0x0800669c      0x294 CMakeFiles/H7_Bin_V1.0.elf.dir/Drivers/STM32H7xx_HAL_Driver/Src/stm32h7xx_hal_rcc.c.obj
                0x0800669c                HAL_RCC_ClockConfig
 .text.HAL_RCC_GetHCLKFreq
                0x08006930       0x44 CMakeFiles/H7_Bin_V1.0.elf.dir/Drivers/STM32H7xx_HAL_Driver/Src/stm32h7xx_hal_rcc.c.obj
                0x08006930                HAL_RCC_GetHCLKFreq
 .text.HAL_RCC_GetPCLK1Freq
                0x08006974       0x24 CMakeFiles/H7_Bin_V1.0.elf.dir/Drivers/STM32H7xx_HAL_Driver/Src/stm32h7xx_hal_rcc.c.obj
                0x08006974                HAL_RCC_GetPCLK1Freq
 .text.HAL_RCC_GetPCLK2Freq
                0x08006998       0x24 CMakeFiles/H7_Bin_V1.0.elf.dir/Drivers/STM32H7xx_HAL_Driver/Src/stm32h7xx_hal_rcc.c.obj
                0x08006998                HAL_RCC_GetPCLK2Freq
 .text.HAL_RCC_GetClockConfig
                0x080069bc       0x54 CMakeFiles/H7_Bin_V1.0.elf.dir/Drivers/STM32H7xx_HAL_Driver/Src/stm32h7xx_hal_rcc.c.obj
                0x080069bc                HAL_RCC_GetClockConfig
 .text.RCCEx_PLL2_Config
                0x08006a10      0x10c CMakeFiles/H7_Bin_V1.0.elf.dir/Drivers/STM32H7xx_HAL_Driver/Src/stm32h7xx_hal_rcc_ex.c.obj
 .text.RCCEx_PLL3_Config
                0x08006b1c      0x10c CMakeFiles/H7_Bin_V1.0.elf.dir/Drivers/STM32H7xx_HAL_Driver/Src/stm32h7xx_hal_rcc_ex.c.obj
 .text.HAL_RCCEx_PeriphCLKConfig
                0x08006c28      0x9c4 CMakeFiles/H7_Bin_V1.0.elf.dir/Drivers/STM32H7xx_HAL_Driver/Src/stm32h7xx_hal_rcc_ex.c.obj
                0x08006c28                HAL_RCCEx_PeriphCLKConfig
 .text.HAL_RCCEx_GetD3PCLK1Freq
                0x080075ec       0x24 CMakeFiles/H7_Bin_V1.0.elf.dir/Drivers/STM32H7xx_HAL_Driver/Src/stm32h7xx_hal_rcc_ex.c.obj
                0x080075ec                HAL_RCCEx_GetD3PCLK1Freq
 .text.HAL_RCCEx_GetPLL2ClockFreq
                0x08007610      0x1f8 CMakeFiles/H7_Bin_V1.0.elf.dir/Drivers/STM32H7xx_HAL_Driver/Src/stm32h7xx_hal_rcc_ex.c.obj
                0x08007610                HAL_RCCEx_GetPLL2ClockFreq
 .text.HAL_RCCEx_GetPLL3ClockFreq
                0x08007808      0x1f8 CMakeFiles/H7_Bin_V1.0.elf.dir/Drivers/STM32H7xx_HAL_Driver/Src/stm32h7xx_hal_rcc_ex.c.obj
                0x08007808                HAL_RCCEx_GetPLL3ClockFreq
 .text.HAL_RTC_WaitForSynchro
                0x08007a00       0x32 CMakeFiles/H7_Bin_V1.0.elf.dir/Drivers/STM32H7xx_HAL_Driver/Src/stm32h7xx_hal_rtc.c.obj
                0x08007a00                HAL_RTC_WaitForSynchro
 .text.RTC_EnterInitMode
                0x08007a32       0x44 CMakeFiles/H7_Bin_V1.0.elf.dir/Drivers/STM32H7xx_HAL_Driver/Src/stm32h7xx_hal_rtc.c.obj
                0x08007a32                RTC_EnterInitMode
 *fill*         0x08007a76        0x2 
 .text.RTC_ExitInitMode
                0x08007a78       0x50 CMakeFiles/H7_Bin_V1.0.elf.dir/Drivers/STM32H7xx_HAL_Driver/Src/stm32h7xx_hal_rtc.c.obj
                0x08007a78                RTC_ExitInitMode
 .text.HAL_RTC_Init
                0x08007ac8       0x98 CMakeFiles/H7_Bin_V1.0.elf.dir/Drivers/STM32H7xx_HAL_Driver/Src/stm32h7xx_hal_rtc.c.obj
                0x08007ac8                HAL_RTC_Init
 .text.RTC_ByteToBcd2
                0x08007b60       0x16 CMakeFiles/H7_Bin_V1.0.elf.dir/Drivers/STM32H7xx_HAL_Driver/Src/stm32h7xx_hal_rtc.c.obj
                0x08007b60                RTC_ByteToBcd2
 *fill*         0x08007b76        0x2 
 .text.HAL_RTC_SetTime
                0x08007b78       0xc8 CMakeFiles/H7_Bin_V1.0.elf.dir/Drivers/STM32H7xx_HAL_Driver/Src/stm32h7xx_hal_rtc.c.obj
                0x08007b78                HAL_RTC_SetTime
 .text.HAL_RTC_SetDate
                0x08007c40       0xa8 CMakeFiles/H7_Bin_V1.0.elf.dir/Drivers/STM32H7xx_HAL_Driver/Src/stm32h7xx_hal_rtc.c.obj
                0x08007c40                HAL_RTC_SetDate
 .text.SPI_CloseTransfer
                0x08007ce8       0xd0 CMakeFiles/H7_Bin_V1.0.elf.dir/Drivers/STM32H7xx_HAL_Driver/Src/stm32h7xx_hal_spi.c.obj
 .text.SPI_GetPacketSize
                0x08007db8       0x10 CMakeFiles/H7_Bin_V1.0.elf.dir/Drivers/STM32H7xx_HAL_Driver/Src/stm32h7xx_hal_spi.c.obj
 .text.SPI_WaitOnFlagUntilTimeout
                0x08007dc8       0x48 CMakeFiles/H7_Bin_V1.0.elf.dir/Drivers/STM32H7xx_HAL_Driver/Src/stm32h7xx_hal_spi.c.obj
 .text.HAL_SPI_Init
                0x08007e10      0x168 CMakeFiles/H7_Bin_V1.0.elf.dir/Drivers/STM32H7xx_HAL_Driver/Src/stm32h7xx_hal_spi.c.obj
                0x08007e10                HAL_SPI_Init
 .text.HAL_SPI_Transmit
                0x08007f78      0x2c4 CMakeFiles/H7_Bin_V1.0.elf.dir/Drivers/STM32H7xx_HAL_Driver/Src/stm32h7xx_hal_spi.c.obj
                0x08007f78                HAL_SPI_Transmit
 .text.HAL_SPI_TransmitReceive
                0x0800823c      0x312 CMakeFiles/H7_Bin_V1.0.elf.dir/Drivers/STM32H7xx_HAL_Driver/Src/stm32h7xx_hal_spi.c.obj
                0x0800823c                HAL_SPI_TransmitReceive
 *fill*         0x0800854e        0x2 
 .text.HAL_SPI_Receive
                0x08008550      0x244 CMakeFiles/H7_Bin_V1.0.elf.dir/Drivers/STM32H7xx_HAL_Driver/Src/stm32h7xx_hal_spi.c.obj
                0x08008550                HAL_SPI_Receive
 .text.HAL_SPI_TxCpltCallback
                0x08008794        0x2 CMakeFiles/H7_Bin_V1.0.elf.dir/Drivers/STM32H7xx_HAL_Driver/Src/stm32h7xx_hal_spi.c.obj
                0x08008794                HAL_SPI_TxCpltCallback
 .text.HAL_SPI_RxCpltCallback
                0x08008796        0x2 CMakeFiles/H7_Bin_V1.0.elf.dir/Drivers/STM32H7xx_HAL_Driver/Src/stm32h7xx_hal_spi.c.obj
                0x08008796                HAL_SPI_RxCpltCallback
 .text.HAL_SPI_TxRxCpltCallback
                0x08008798        0x2 CMakeFiles/H7_Bin_V1.0.elf.dir/Drivers/STM32H7xx_HAL_Driver/Src/stm32h7xx_hal_spi.c.obj
                0x08008798                HAL_SPI_TxRxCpltCallback
 .text.HAL_SPI_ErrorCallback
                0x0800879a        0x2 CMakeFiles/H7_Bin_V1.0.elf.dir/Drivers/STM32H7xx_HAL_Driver/Src/stm32h7xx_hal_spi.c.obj
                0x0800879a                HAL_SPI_ErrorCallback
 .text.HAL_SPI_IRQHandler
                0x0800879c      0x240 CMakeFiles/H7_Bin_V1.0.elf.dir/Drivers/STM32H7xx_HAL_Driver/Src/stm32h7xx_hal_spi.c.obj
                0x0800879c                HAL_SPI_IRQHandler
 .text.SPI_DMAAbortOnError
                0x080089dc       0x1a CMakeFiles/H7_Bin_V1.0.elf.dir/Drivers/STM32H7xx_HAL_Driver/Src/stm32h7xx_hal_spi.c.obj
 *fill*         0x080089f6        0x2 
 .text.TIM_OC1_SetConfig
                0x080089f8       0xa8 CMakeFiles/H7_Bin_V1.0.elf.dir/Drivers/STM32H7xx_HAL_Driver/Src/stm32h7xx_hal_tim.c.obj
 .text.TIM_OC3_SetConfig
                0x08008aa0       0x94 CMakeFiles/H7_Bin_V1.0.elf.dir/Drivers/STM32H7xx_HAL_Driver/Src/stm32h7xx_hal_tim.c.obj
 .text.TIM_OC4_SetConfig
                0x08008b34       0x74 CMakeFiles/H7_Bin_V1.0.elf.dir/Drivers/STM32H7xx_HAL_Driver/Src/stm32h7xx_hal_tim.c.obj
 .text.TIM_OC5_SetConfig
                0x08008ba8       0x74 CMakeFiles/H7_Bin_V1.0.elf.dir/Drivers/STM32H7xx_HAL_Driver/Src/stm32h7xx_hal_tim.c.obj
 .text.TIM_OC6_SetConfig
                0x08008c1c       0x74 CMakeFiles/H7_Bin_V1.0.elf.dir/Drivers/STM32H7xx_HAL_Driver/Src/stm32h7xx_hal_tim.c.obj
 .text.HAL_TIM_Base_MspInit
                0x08008c90        0x2 CMakeFiles/H7_Bin_V1.0.elf.dir/Drivers/STM32H7xx_HAL_Driver/Src/stm32h7xx_hal_tim.c.obj
                0x08008c90                HAL_TIM_Base_MspInit
 *fill*         0x08008c92        0x2 
 .text.HAL_TIM_Base_Start_IT
                0x08008c94       0x90 CMakeFiles/H7_Bin_V1.0.elf.dir/Drivers/STM32H7xx_HAL_Driver/Src/stm32h7xx_hal_tim.c.obj
                0x08008c94                HAL_TIM_Base_Start_IT
 .text.HAL_TIM_OC_DelayElapsedCallback
                0x08008d24        0x2 CMakeFiles/H7_Bin_V1.0.elf.dir/Drivers/STM32H7xx_HAL_Driver/Src/stm32h7xx_hal_tim.c.obj
                0x08008d24                HAL_TIM_OC_DelayElapsedCallback
 .text.HAL_TIM_IC_CaptureCallback
                0x08008d26        0x2 CMakeFiles/H7_Bin_V1.0.elf.dir/Drivers/STM32H7xx_HAL_Driver/Src/stm32h7xx_hal_tim.c.obj
                0x08008d26                HAL_TIM_IC_CaptureCallback
 .text.HAL_TIM_PWM_PulseFinishedCallback
                0x08008d28        0x2 CMakeFiles/H7_Bin_V1.0.elf.dir/Drivers/STM32H7xx_HAL_Driver/Src/stm32h7xx_hal_tim.c.obj
                0x08008d28                HAL_TIM_PWM_PulseFinishedCallback
 .text.HAL_TIM_TriggerCallback
                0x08008d2a        0x2 CMakeFiles/H7_Bin_V1.0.elf.dir/Drivers/STM32H7xx_HAL_Driver/Src/stm32h7xx_hal_tim.c.obj
                0x08008d2a                HAL_TIM_TriggerCallback
 .text.HAL_TIM_IRQHandler
                0x08008d2c      0x19a CMakeFiles/H7_Bin_V1.0.elf.dir/Drivers/STM32H7xx_HAL_Driver/Src/stm32h7xx_hal_tim.c.obj
                0x08008d2c                HAL_TIM_IRQHandler
 *fill*         0x08008ec6        0x2 
 .text.TIM_Base_SetConfig
                0x08008ec8      0x104 CMakeFiles/H7_Bin_V1.0.elf.dir/Drivers/STM32H7xx_HAL_Driver/Src/stm32h7xx_hal_tim.c.obj
                0x08008ec8                TIM_Base_SetConfig
 .text.HAL_TIM_Base_Init
                0x08008fcc       0x60 CMakeFiles/H7_Bin_V1.0.elf.dir/Drivers/STM32H7xx_HAL_Driver/Src/stm32h7xx_hal_tim.c.obj
                0x08008fcc                HAL_TIM_Base_Init
 .text.HAL_TIM_PWM_Init
                0x0800902c       0x60 CMakeFiles/H7_Bin_V1.0.elf.dir/Drivers/STM32H7xx_HAL_Driver/Src/stm32h7xx_hal_tim.c.obj
                0x0800902c                HAL_TIM_PWM_Init
 .text.TIM_OC2_SetConfig
                0x0800908c       0x94 CMakeFiles/H7_Bin_V1.0.elf.dir/Drivers/STM32H7xx_HAL_Driver/Src/stm32h7xx_hal_tim.c.obj
                0x0800908c                TIM_OC2_SetConfig
 .text.HAL_TIM_PWM_ConfigChannel
                0x08009120      0x13a CMakeFiles/H7_Bin_V1.0.elf.dir/Drivers/STM32H7xx_HAL_Driver/Src/stm32h7xx_hal_tim.c.obj
                0x08009120                HAL_TIM_PWM_ConfigChannel
 *fill*         0x0800925a        0x2 
 .text.HAL_TIMEx_MasterConfigSynchronization
                0x0800925c       0xa0 CMakeFiles/H7_Bin_V1.0.elf.dir/Drivers/STM32H7xx_HAL_Driver/Src/stm32h7xx_hal_tim_ex.c.obj
                0x0800925c                HAL_TIMEx_MasterConfigSynchronization
 .text.HAL_TIMEx_ConfigBreakDeadTime
                0x080092fc       0x90 CMakeFiles/H7_Bin_V1.0.elf.dir/Drivers/STM32H7xx_HAL_Driver/Src/stm32h7xx_hal_tim_ex.c.obj
                0x080092fc                HAL_TIMEx_ConfigBreakDeadTime
 .text.HAL_TIMEx_CommutCallback
                0x0800938c        0x2 CMakeFiles/H7_Bin_V1.0.elf.dir/Drivers/STM32H7xx_HAL_Driver/Src/stm32h7xx_hal_tim_ex.c.obj
                0x0800938c                HAL_TIMEx_CommutCallback
 .text.HAL_TIMEx_BreakCallback
                0x0800938e        0x2 CMakeFiles/H7_Bin_V1.0.elf.dir/Drivers/STM32H7xx_HAL_Driver/Src/stm32h7xx_hal_tim_ex.c.obj
                0x0800938e                HAL_TIMEx_BreakCallback
 .text.HAL_TIMEx_Break2Callback
                0x08009390        0x2 CMakeFiles/H7_Bin_V1.0.elf.dir/Drivers/STM32H7xx_HAL_Driver/Src/stm32h7xx_hal_tim_ex.c.obj
                0x08009390                HAL_TIMEx_Break2Callback
 .text.UART_EndTxTransfer
                0x08009392       0x32 CMakeFiles/H7_Bin_V1.0.elf.dir/Drivers/STM32H7xx_HAL_Driver/Src/stm32h7xx_hal_uart.c.obj
 .text.UART_EndRxTransfer
                0x080093c4       0x58 CMakeFiles/H7_Bin_V1.0.elf.dir/Drivers/STM32H7xx_HAL_Driver/Src/stm32h7xx_hal_uart.c.obj
 .text.HAL_UART_DMAStop
                0x0800941c       0xae CMakeFiles/H7_Bin_V1.0.elf.dir/Drivers/STM32H7xx_HAL_Driver/Src/stm32h7xx_hal_uart.c.obj
                0x0800941c                HAL_UART_DMAStop
 .text.HAL_UART_TxCpltCallback
                0x080094ca        0x2 CMakeFiles/H7_Bin_V1.0.elf.dir/Drivers/STM32H7xx_HAL_Driver/Src/stm32h7xx_hal_uart.c.obj
                0x080094ca                HAL_UART_TxCpltCallback
 .text.UART_EndTransmit_IT
                0x080094cc       0x24 CMakeFiles/H7_Bin_V1.0.elf.dir/Drivers/STM32H7xx_HAL_Driver/Src/stm32h7xx_hal_uart.c.obj
 .text.HAL_UART_RxCpltCallback
                0x080094f0        0x2 CMakeFiles/H7_Bin_V1.0.elf.dir/Drivers/STM32H7xx_HAL_Driver/Src/stm32h7xx_hal_uart.c.obj
                0x080094f0                HAL_UART_RxCpltCallback
 .text.HAL_UART_RxHalfCpltCallback
                0x080094f2        0x2 CMakeFiles/H7_Bin_V1.0.elf.dir/Drivers/STM32H7xx_HAL_Driver/Src/stm32h7xx_hal_uart.c.obj
                0x080094f2                HAL_UART_RxHalfCpltCallback
 .text.HAL_UART_ErrorCallback
                0x080094f4        0x2 CMakeFiles/H7_Bin_V1.0.elf.dir/Drivers/STM32H7xx_HAL_Driver/Src/stm32h7xx_hal_uart.c.obj
                0x080094f4                HAL_UART_ErrorCallback
 .text.UART_DMAError
                0x080094f6       0x58 CMakeFiles/H7_Bin_V1.0.elf.dir/Drivers/STM32H7xx_HAL_Driver/Src/stm32h7xx_hal_uart.c.obj
 .text.UART_DMAAbortOnError
                0x0800954e       0x14 CMakeFiles/H7_Bin_V1.0.elf.dir/Drivers/STM32H7xx_HAL_Driver/Src/stm32h7xx_hal_uart.c.obj
 .text.HAL_UARTEx_RxEventCallback
                0x08009562        0x2 CMakeFiles/H7_Bin_V1.0.elf.dir/Drivers/STM32H7xx_HAL_Driver/Src/stm32h7xx_hal_uart.c.obj
                0x08009562                HAL_UARTEx_RxEventCallback
 .text.HAL_UART_IRQHandler
                0x08009564      0x3a8 CMakeFiles/H7_Bin_V1.0.elf.dir/Drivers/STM32H7xx_HAL_Driver/Src/stm32h7xx_hal_uart.c.obj
                0x08009564                HAL_UART_IRQHandler
 .text.UART_DMARxHalfCplt
                0x0800990c       0x1c CMakeFiles/H7_Bin_V1.0.elf.dir/Drivers/STM32H7xx_HAL_Driver/Src/stm32h7xx_hal_uart.c.obj
 .text.UART_DMAReceiveCplt
                0x08009928       0x8c CMakeFiles/H7_Bin_V1.0.elf.dir/Drivers/STM32H7xx_HAL_Driver/Src/stm32h7xx_hal_uart.c.obj
 .text.UART_SetConfig
                0x080099b4      0x5f4 CMakeFiles/H7_Bin_V1.0.elf.dir/Drivers/STM32H7xx_HAL_Driver/Src/stm32h7xx_hal_uart.c.obj
                0x080099b4                UART_SetConfig
 .text.UART_AdvFeatureConfig
                0x08009fa8       0xca CMakeFiles/H7_Bin_V1.0.elf.dir/Drivers/STM32H7xx_HAL_Driver/Src/stm32h7xx_hal_uart.c.obj
                0x08009fa8                UART_AdvFeatureConfig
 .text.UART_WaitOnFlagUntilTimeout
                0x0800a072       0xdc CMakeFiles/H7_Bin_V1.0.elf.dir/Drivers/STM32H7xx_HAL_Driver/Src/stm32h7xx_hal_uart.c.obj
                0x0800a072                UART_WaitOnFlagUntilTimeout
 .text.HAL_UART_Transmit
                0x0800a14e       0xda CMakeFiles/H7_Bin_V1.0.elf.dir/Drivers/STM32H7xx_HAL_Driver/Src/stm32h7xx_hal_uart.c.obj
                0x0800a14e                HAL_UART_Transmit
 .text.HAL_UART_Receive
                0x0800a228      0x128 CMakeFiles/H7_Bin_V1.0.elf.dir/Drivers/STM32H7xx_HAL_Driver/Src/stm32h7xx_hal_uart.c.obj
                0x0800a228                HAL_UART_Receive
 .text.UART_CheckIdleState
                0x0800a350       0x74 CMakeFiles/H7_Bin_V1.0.elf.dir/Drivers/STM32H7xx_HAL_Driver/Src/stm32h7xx_hal_uart.c.obj
                0x0800a350                UART_CheckIdleState
 .text.HAL_UART_Init
                0x0800a3c4       0x66 CMakeFiles/H7_Bin_V1.0.elf.dir/Drivers/STM32H7xx_HAL_Driver/Src/stm32h7xx_hal_uart.c.obj
                0x0800a3c4                HAL_UART_Init
 *fill*         0x0800a42a        0x2 
 .text.UART_Start_Receive_DMA
                0x0800a42c       0xb4 CMakeFiles/H7_Bin_V1.0.elf.dir/Drivers/STM32H7xx_HAL_Driver/Src/stm32h7xx_hal_uart.c.obj
                0x0800a42c                UART_Start_Receive_DMA
 .text.HAL_UART_Receive_DMA
                0x0800a4e0       0x5c CMakeFiles/H7_Bin_V1.0.elf.dir/Drivers/STM32H7xx_HAL_Driver/Src/stm32h7xx_hal_uart.c.obj
                0x0800a4e0                HAL_UART_Receive_DMA
 .text.UARTEx_SetNbDataToProcess
                0x0800a53c       0x4c CMakeFiles/H7_Bin_V1.0.elf.dir/Drivers/STM32H7xx_HAL_Driver/Src/stm32h7xx_hal_uart_ex.c.obj
 .text.HAL_UARTEx_WakeupCallback
                0x0800a588        0x2 CMakeFiles/H7_Bin_V1.0.elf.dir/Drivers/STM32H7xx_HAL_Driver/Src/stm32h7xx_hal_uart_ex.c.obj
                0x0800a588                HAL_UARTEx_WakeupCallback
 .text.HAL_UARTEx_RxFifoFullCallback
                0x0800a58a        0x2 CMakeFiles/H7_Bin_V1.0.elf.dir/Drivers/STM32H7xx_HAL_Driver/Src/stm32h7xx_hal_uart_ex.c.obj
                0x0800a58a                HAL_UARTEx_RxFifoFullCallback
 .text.HAL_UARTEx_TxFifoEmptyCallback
                0x0800a58c        0x2 CMakeFiles/H7_Bin_V1.0.elf.dir/Drivers/STM32H7xx_HAL_Driver/Src/stm32h7xx_hal_uart_ex.c.obj
                0x0800a58c                HAL_UARTEx_TxFifoEmptyCallback
 .text.HAL_UARTEx_DisableFifoMode
                0x0800a58e       0x3e CMakeFiles/H7_Bin_V1.0.elf.dir/Drivers/STM32H7xx_HAL_Driver/Src/stm32h7xx_hal_uart_ex.c.obj
                0x0800a58e                HAL_UARTEx_DisableFifoMode
 .text.HAL_UARTEx_SetTxFifoThreshold
                0x0800a5cc       0x4a CMakeFiles/H7_Bin_V1.0.elf.dir/Drivers/STM32H7xx_HAL_Driver/Src/stm32h7xx_hal_uart_ex.c.obj
                0x0800a5cc                HAL_UARTEx_SetTxFifoThreshold
 .text.HAL_UARTEx_SetRxFifoThreshold
                0x0800a616       0x4a CMakeFiles/H7_Bin_V1.0.elf.dir/Drivers/STM32H7xx_HAL_Driver/Src/stm32h7xx_hal_uart_ex.c.obj
                0x0800a616                HAL_UARTEx_SetRxFifoThreshold
 .text.ReadValue
                0x0800a660       0x50 CMakeFiles/H7_Bin_V1.0.elf.dir/Drivers/Tle5012b/tle5012b.c.obj
                0x0800a660                ReadValue
 .text.ReadAngle
                0x0800a6b0       0x22 CMakeFiles/H7_Bin_V1.0.elf.dir/Drivers/Tle5012b/tle5012b.c.obj
                0x0800a6b0                ReadAngle
 .text.SysTick_Handler
                0x0800a6d2       0x18 CMakeFiles/H7_Bin_V1.0.elf.dir/Middlewares/Third_Party/FreeRTOS/Source/CMSIS_RTOS_V2/cmsis_os2.c.obj
                0x0800a6d2                SysTick_Handler
 *fill*         0x0800a6ea        0x2 
 .text.osKernelInitialize
                0x0800a6ec       0x24 CMakeFiles/H7_Bin_V1.0.elf.dir/Middlewares/Third_Party/FreeRTOS/Source/CMSIS_RTOS_V2/cmsis_os2.c.obj
                0x0800a6ec                osKernelInitialize
 .text.osKernelStart
                0x0800a710       0x38 CMakeFiles/H7_Bin_V1.0.elf.dir/Middlewares/Third_Party/FreeRTOS/Source/CMSIS_RTOS_V2/cmsis_os2.c.obj
                0x0800a710                osKernelStart
 .text.osThreadNew
                0x0800a748       0xbe CMakeFiles/H7_Bin_V1.0.elf.dir/Middlewares/Third_Party/FreeRTOS/Source/CMSIS_RTOS_V2/cmsis_os2.c.obj
                0x0800a748                osThreadNew
 .text.osThreadExit
                0x0800a806        0xa CMakeFiles/H7_Bin_V1.0.elf.dir/Middlewares/Third_Party/FreeRTOS/Source/CMSIS_RTOS_V2/cmsis_os2.c.obj
                0x0800a806                osThreadExit
 .text.osDelay  0x0800a810       0x1c CMakeFiles/H7_Bin_V1.0.elf.dir/Middlewares/Third_Party/FreeRTOS/Source/CMSIS_RTOS_V2/cmsis_os2.c.obj
                0x0800a810                osDelay
 .text.vApplicationGetIdleTaskMemory
                0x0800a82c       0x18 CMakeFiles/H7_Bin_V1.0.elf.dir/Middlewares/Third_Party/FreeRTOS/Source/CMSIS_RTOS_V2/cmsis_os2.c.obj
                0x0800a82c                vApplicationGetIdleTaskMemory
 .text.vApplicationGetTimerTaskMemory
                0x0800a844       0x18 CMakeFiles/H7_Bin_V1.0.elf.dir/Middlewares/Third_Party/FreeRTOS/Source/CMSIS_RTOS_V2/cmsis_os2.c.obj
                0x0800a844                vApplicationGetTimerTaskMemory
 .text.vListInitialise
                0x0800a85c       0x16 CMakeFiles/H7_Bin_V1.0.elf.dir/Middlewares/Third_Party/FreeRTOS/Source/list.c.obj
                0x0800a85c                vListInitialise
 .text.vListInitialiseItem
                0x0800a872        0x6 CMakeFiles/H7_Bin_V1.0.elf.dir/Middlewares/Third_Party/FreeRTOS/Source/list.c.obj
                0x0800a872                vListInitialiseItem
 .text.vListInsertEnd
                0x0800a878       0x16 CMakeFiles/H7_Bin_V1.0.elf.dir/Middlewares/Third_Party/FreeRTOS/Source/list.c.obj
                0x0800a878                vListInsertEnd
 .text.vListInsert
                0x0800a88e       0x32 CMakeFiles/H7_Bin_V1.0.elf.dir/Middlewares/Third_Party/FreeRTOS/Source/list.c.obj
                0x0800a88e                vListInsert
 .text.uxListRemove
                0x0800a8c0       0x26 CMakeFiles/H7_Bin_V1.0.elf.dir/Middlewares/Third_Party/FreeRTOS/Source/list.c.obj
                0x0800a8c0                uxListRemove
 *fill*         0x0800a8e6        0x2 
 .text.prvTaskExitError
                0x0800a8e8       0x40 CMakeFiles/H7_Bin_V1.0.elf.dir/Middlewares/Third_Party/FreeRTOS/Source/portable/GCC/ARM_CM4F/port.c.obj
 .text.prvPortStartFirstTask
                0x0800a928       0x28 CMakeFiles/H7_Bin_V1.0.elf.dir/Middlewares/Third_Party/FreeRTOS/Source/portable/GCC/ARM_CM4F/port.c.obj
 .text.vPortEnableVFP
                0x0800a950       0x14 CMakeFiles/H7_Bin_V1.0.elf.dir/Middlewares/Third_Party/FreeRTOS/Source/portable/GCC/ARM_CM4F/port.c.obj
 .text.pxPortInitialiseStack
                0x0800a964       0x2c CMakeFiles/H7_Bin_V1.0.elf.dir/Middlewares/Third_Party/FreeRTOS/Source/portable/GCC/ARM_CM4F/port.c.obj
                0x0800a964                pxPortInitialiseStack
 .text.SVC_Handler
                0x0800a990       0x24 CMakeFiles/H7_Bin_V1.0.elf.dir/Middlewares/Third_Party/FreeRTOS/Source/portable/GCC/ARM_CM4F/port.c.obj
                0x0800a990                SVC_Handler
 .text.vPortEnterCritical
                0x0800a9b4       0x44 CMakeFiles/H7_Bin_V1.0.elf.dir/Middlewares/Third_Party/FreeRTOS/Source/portable/GCC/ARM_CM4F/port.c.obj
                0x0800a9b4                vPortEnterCritical
 .text.vPortExitCritical
                0x0800a9f8       0x2c CMakeFiles/H7_Bin_V1.0.elf.dir/Middlewares/Third_Party/FreeRTOS/Source/portable/GCC/ARM_CM4F/port.c.obj
                0x0800a9f8                vPortExitCritical
 *fill*         0x0800aa24        0xc 
 .text.PendSV_Handler
                0x0800aa30       0x64 CMakeFiles/H7_Bin_V1.0.elf.dir/Middlewares/Third_Party/FreeRTOS/Source/portable/GCC/ARM_CM4F/port.c.obj
                0x0800aa30                PendSV_Handler
 .text.xPortSysTickHandler
                0x0800aa94       0x2c CMakeFiles/H7_Bin_V1.0.elf.dir/Middlewares/Third_Party/FreeRTOS/Source/portable/GCC/ARM_CM4F/port.c.obj
                0x0800aa94                xPortSysTickHandler
 .text.vPortSetupTimerInterrupt
                0x0800aac0       0x28 CMakeFiles/H7_Bin_V1.0.elf.dir/Middlewares/Third_Party/FreeRTOS/Source/portable/GCC/ARM_CM4F/port.c.obj
                0x0800aac0                vPortSetupTimerInterrupt
 .text.xPortStartScheduler
                0x0800aae8      0x118 CMakeFiles/H7_Bin_V1.0.elf.dir/Middlewares/Third_Party/FreeRTOS/Source/portable/GCC/ARM_CM4F/port.c.obj
                0x0800aae8                xPortStartScheduler
 .text.vPortValidateInterruptPriority
                0x0800ac00       0x5c CMakeFiles/H7_Bin_V1.0.elf.dir/Middlewares/Third_Party/FreeRTOS/Source/portable/GCC/ARM_CM4F/port.c.obj
                0x0800ac00                vPortValidateInterruptPriority
 .text.prvHeapInit
                0x0800ac5c       0x64 CMakeFiles/H7_Bin_V1.0.elf.dir/Middlewares/Third_Party/FreeRTOS/Source/portable/MemMang/heap_4.c.obj
 .text.prvInsertBlockIntoFreeList
                0x0800acc0       0x64 CMakeFiles/H7_Bin_V1.0.elf.dir/Middlewares/Third_Party/FreeRTOS/Source/portable/MemMang/heap_4.c.obj
 .text.pvPortMalloc
                0x0800ad24       0xfc CMakeFiles/H7_Bin_V1.0.elf.dir/Middlewares/Third_Party/FreeRTOS/Source/portable/MemMang/heap_4.c.obj
                0x0800ad24                pvPortMalloc
 .text.vPortFree
                0x0800ae20       0x7c CMakeFiles/H7_Bin_V1.0.elf.dir/Middlewares/Third_Party/FreeRTOS/Source/portable/MemMang/heap_4.c.obj
                0x0800ae20                vPortFree
 .text.prvIsQueueFull
                0x0800ae9c       0x1e CMakeFiles/H7_Bin_V1.0.elf.dir/Middlewares/Third_Party/FreeRTOS/Source/queue.c.obj
 .text.prvIsQueueEmpty
                0x0800aeba       0x1a CMakeFiles/H7_Bin_V1.0.elf.dir/Middlewares/Third_Party/FreeRTOS/Source/queue.c.obj
 .text.prvCopyDataToQueue
                0x0800aed4       0x76 CMakeFiles/H7_Bin_V1.0.elf.dir/Middlewares/Third_Party/FreeRTOS/Source/queue.c.obj
 .text.prvCopyDataFromQueue
                0x0800af4a       0x24 CMakeFiles/H7_Bin_V1.0.elf.dir/Middlewares/Third_Party/FreeRTOS/Source/queue.c.obj
 .text.prvUnlockQueue
                0x0800af6e       0x6e CMakeFiles/H7_Bin_V1.0.elf.dir/Middlewares/Third_Party/FreeRTOS/Source/queue.c.obj
 .text.xQueueGenericReset
                0x0800afdc       0x84 CMakeFiles/H7_Bin_V1.0.elf.dir/Middlewares/Third_Party/FreeRTOS/Source/queue.c.obj
                0x0800afdc                xQueueGenericReset
 .text.prvInitialiseNewQueue
                0x0800b060       0x22 CMakeFiles/H7_Bin_V1.0.elf.dir/Middlewares/Third_Party/FreeRTOS/Source/queue.c.obj
 .text.xQueueGenericCreateStatic
                0x0800b082       0xa6 CMakeFiles/H7_Bin_V1.0.elf.dir/Middlewares/Third_Party/FreeRTOS/Source/queue.c.obj
                0x0800b082                xQueueGenericCreateStatic
 .text.xQueueGenericSend
                0x0800b128      0x188 CMakeFiles/H7_Bin_V1.0.elf.dir/Middlewares/Third_Party/FreeRTOS/Source/queue.c.obj
                0x0800b128                xQueueGenericSend
 .text.xQueueGenericSendFromISR
                0x0800b2b0       0xce CMakeFiles/H7_Bin_V1.0.elf.dir/Middlewares/Third_Party/FreeRTOS/Source/queue.c.obj
                0x0800b2b0                xQueueGenericSendFromISR
 .text.xQueueReceive
                0x0800b37e      0x15e CMakeFiles/H7_Bin_V1.0.elf.dir/Middlewares/Third_Party/FreeRTOS/Source/queue.c.obj
                0x0800b37e                xQueueReceive
 .text.vQueueAddToRegistry
                0x0800b4dc       0x28 CMakeFiles/H7_Bin_V1.0.elf.dir/Middlewares/Third_Party/FreeRTOS/Source/queue.c.obj
                0x0800b4dc                vQueueAddToRegistry
 .text.vQueueWaitForMessageRestricted
                0x0800b504       0x52 CMakeFiles/H7_Bin_V1.0.elf.dir/Middlewares/Third_Party/FreeRTOS/Source/queue.c.obj
                0x0800b504                vQueueWaitForMessageRestricted
 *fill*         0x0800b556        0x2 
 .text.prvResetNextTaskUnblockTime
                0x0800b558       0x2c CMakeFiles/H7_Bin_V1.0.elf.dir/Middlewares/Third_Party/FreeRTOS/Source/tasks.c.obj
 .text.prvInitialiseNewTask
                0x0800b584      0x10a CMakeFiles/H7_Bin_V1.0.elf.dir/Middlewares/Third_Party/FreeRTOS/Source/tasks.c.obj
 *fill*         0x0800b68e        0x2 
 .text.prvInitialiseTaskLists
                0x0800b690       0x68 CMakeFiles/H7_Bin_V1.0.elf.dir/Middlewares/Third_Party/FreeRTOS/Source/tasks.c.obj
 .text.prvAddNewTaskToReadyList
                0x0800b6f8       0xac CMakeFiles/H7_Bin_V1.0.elf.dir/Middlewares/Third_Party/FreeRTOS/Source/tasks.c.obj
 .text.prvDeleteTCB
                0x0800b7a4       0x40 CMakeFiles/H7_Bin_V1.0.elf.dir/Middlewares/Third_Party/FreeRTOS/Source/tasks.c.obj
 .text.prvCheckTasksWaitingTermination
                0x0800b7e4       0x4c CMakeFiles/H7_Bin_V1.0.elf.dir/Middlewares/Third_Party/FreeRTOS/Source/tasks.c.obj
 .text.prvIdleTask
                0x0800b830       0x28 CMakeFiles/H7_Bin_V1.0.elf.dir/Middlewares/Third_Party/FreeRTOS/Source/tasks.c.obj
 .text.prvAddCurrentTaskToDelayedList
                0x0800b858       0x84 CMakeFiles/H7_Bin_V1.0.elf.dir/Middlewares/Third_Party/FreeRTOS/Source/tasks.c.obj
 .text.xTaskCreateStatic
                0x0800b8dc       0x7a CMakeFiles/H7_Bin_V1.0.elf.dir/Middlewares/Third_Party/FreeRTOS/Source/tasks.c.obj
                0x0800b8dc                xTaskCreateStatic
 .text.xTaskCreate
                0x0800b956       0x6a CMakeFiles/H7_Bin_V1.0.elf.dir/Middlewares/Third_Party/FreeRTOS/Source/tasks.c.obj
                0x0800b956                xTaskCreate
 .text.vTaskDelete
                0x0800b9c0       0xb8 CMakeFiles/H7_Bin_V1.0.elf.dir/Middlewares/Third_Party/FreeRTOS/Source/tasks.c.obj
                0x0800b9c0                vTaskDelete
 .text.vTaskStartScheduler
                0x0800ba78       0xb0 CMakeFiles/H7_Bin_V1.0.elf.dir/Middlewares/Third_Party/FreeRTOS/Source/tasks.c.obj
                0x0800ba78                vTaskStartScheduler
 .text.vTaskSuspendAll
                0x0800bb28       0x10 CMakeFiles/H7_Bin_V1.0.elf.dir/Middlewares/Third_Party/FreeRTOS/Source/tasks.c.obj
                0x0800bb28                vTaskSuspendAll
 .text.xTaskGetTickCount
                0x0800bb38        0xc CMakeFiles/H7_Bin_V1.0.elf.dir/Middlewares/Third_Party/FreeRTOS/Source/tasks.c.obj
                0x0800bb38                xTaskGetTickCount
 .text.xTaskIncrementTick
                0x0800bb44      0x118 CMakeFiles/H7_Bin_V1.0.elf.dir/Middlewares/Third_Party/FreeRTOS/Source/tasks.c.obj
                0x0800bb44                xTaskIncrementTick
 .text.xTaskResumeAll
                0x0800bc5c       0xf8 CMakeFiles/H7_Bin_V1.0.elf.dir/Middlewares/Third_Party/FreeRTOS/Source/tasks.c.obj
                0x0800bc5c                xTaskResumeAll
 .text.vTaskDelay
                0x0800bd54       0x4c CMakeFiles/H7_Bin_V1.0.elf.dir/Middlewares/Third_Party/FreeRTOS/Source/tasks.c.obj
                0x0800bd54                vTaskDelay
 .text.vTaskSwitchContext
                0x0800bda0       0xcc CMakeFiles/H7_Bin_V1.0.elf.dir/Middlewares/Third_Party/FreeRTOS/Source/tasks.c.obj
                0x0800bda0                vTaskSwitchContext
 .text.vTaskPlaceOnEventList
                0x0800be6c       0x30 CMakeFiles/H7_Bin_V1.0.elf.dir/Middlewares/Third_Party/FreeRTOS/Source/tasks.c.obj
                0x0800be6c                vTaskPlaceOnEventList
 .text.vTaskPlaceOnEventListRestricted
                0x0800be9c       0x38 CMakeFiles/H7_Bin_V1.0.elf.dir/Middlewares/Third_Party/FreeRTOS/Source/tasks.c.obj
                0x0800be9c                vTaskPlaceOnEventListRestricted
 .text.xTaskRemoveFromEventList
                0x0800bed4       0x8c CMakeFiles/H7_Bin_V1.0.elf.dir/Middlewares/Third_Party/FreeRTOS/Source/tasks.c.obj
                0x0800bed4                xTaskRemoveFromEventList
 .text.vTaskInternalSetTimeOutState
                0x0800bf60       0x18 CMakeFiles/H7_Bin_V1.0.elf.dir/Middlewares/Third_Party/FreeRTOS/Source/tasks.c.obj
                0x0800bf60                vTaskInternalSetTimeOutState
 .text.xTaskCheckForTimeOut
                0x0800bf78       0x84 CMakeFiles/H7_Bin_V1.0.elf.dir/Middlewares/Third_Party/FreeRTOS/Source/tasks.c.obj
                0x0800bf78                xTaskCheckForTimeOut
 .text.vTaskMissedYield
                0x0800bffc        0xc CMakeFiles/H7_Bin_V1.0.elf.dir/Middlewares/Third_Party/FreeRTOS/Source/tasks.c.obj
                0x0800bffc                vTaskMissedYield
 .text.xTaskGetSchedulerState
                0x0800c008       0x20 CMakeFiles/H7_Bin_V1.0.elf.dir/Middlewares/Third_Party/FreeRTOS/Source/tasks.c.obj
                0x0800c008                xTaskGetSchedulerState
 .text.xTaskPriorityDisinherit
                0x0800c028       0x90 CMakeFiles/H7_Bin_V1.0.elf.dir/Middlewares/Third_Party/FreeRTOS/Source/tasks.c.obj
                0x0800c028                xTaskPriorityDisinherit
 .text.prvGetNextExpireTime
                0x0800c0b8       0x20 CMakeFiles/H7_Bin_V1.0.elf.dir/Middlewares/Third_Party/FreeRTOS/Source/timers.c.obj
 .text.prvInsertTimerInActiveList
                0x0800c0d8       0x50 CMakeFiles/H7_Bin_V1.0.elf.dir/Middlewares/Third_Party/FreeRTOS/Source/timers.c.obj
 .text.prvCheckForValidListAndQueue
                0x0800c128       0x70 CMakeFiles/H7_Bin_V1.0.elf.dir/Middlewares/Third_Party/FreeRTOS/Source/timers.c.obj
 .text.xTimerCreateTimerTask
                0x0800c198       0x64 CMakeFiles/H7_Bin_V1.0.elf.dir/Middlewares/Third_Party/FreeRTOS/Source/timers.c.obj
                0x0800c198                xTimerCreateTimerTask
 .text.xTimerGenericCommand
                0x0800c1fc       0x6c CMakeFiles/H7_Bin_V1.0.elf.dir/Middlewares/Third_Party/FreeRTOS/Source/timers.c.obj
                0x0800c1fc                xTimerGenericCommand
 .text.prvSwitchTimerLists
                0x0800c268       0x7c CMakeFiles/H7_Bin_V1.0.elf.dir/Middlewares/Third_Party/FreeRTOS/Source/timers.c.obj
 .text.prvSampleTimeNow
                0x0800c2e4       0x2c CMakeFiles/H7_Bin_V1.0.elf.dir/Middlewares/Third_Party/FreeRTOS/Source/timers.c.obj
 .text.prvProcessExpiredTimer
                0x0800c310       0x6c CMakeFiles/H7_Bin_V1.0.elf.dir/Middlewares/Third_Party/FreeRTOS/Source/timers.c.obj
 .text.prvProcessTimerOrBlockTask
                0x0800c37c       0x78 CMakeFiles/H7_Bin_V1.0.elf.dir/Middlewares/Third_Party/FreeRTOS/Source/timers.c.obj
 .text.prvProcessReceivedCommands
                0x0800c3f4      0x10c CMakeFiles/H7_Bin_V1.0.elf.dir/Middlewares/Third_Party/FreeRTOS/Source/timers.c.obj
 .text.prvTimerTask
                0x0800c500       0x16 CMakeFiles/H7_Bin_V1.0.elf.dir/Middlewares/Third_Party/FreeRTOS/Source/timers.c.obj
 *fill*         0x0800c516        0x2 
 .text.__errno  0x0800c518        0xc d:/software/gun_arm_embedded_toolchain/bin/../lib/gcc/arm-none-eabi/10.3.1/../../../../arm-none-eabi/lib/thumb/v7e-m+fp/hard\libg.a(lib_a-errno.o)
                0x0800c518                __errno
 .text.__libc_init_array
                0x0800c524       0x48 d:/software/gun_arm_embedded_toolchain/bin/../lib/gcc/arm-none-eabi/10.3.1/../../../../arm-none-eabi/lib/thumb/v7e-m+fp/hard\libg.a(lib_a-init.o)
                0x0800c524                __libc_init_array
 .text.memset   0x0800c56c       0xa4 d:/software/gun_arm_embedded_toolchain/bin/../lib/gcc/arm-none-eabi/10.3.1/../../../../arm-none-eabi/lib/thumb/v7e-m+fp/hard\libg.a(lib_a-memset.o)
                0x0800c56c                memset
 .text.cleanup_glue
                0x0800c610       0x48 d:/software/gun_arm_embedded_toolchain/bin/../lib/gcc/arm-none-eabi/10.3.1/../../../../arm-none-eabi/lib/thumb/v7e-m+fp/hard\libg.a(lib_a-reent.o)
                0x0800c610                cleanup_glue
 .text._reclaim_reent
                0x0800c658       0x90 d:/software/gun_arm_embedded_toolchain/bin/../lib/gcc/arm-none-eabi/10.3.1/../../../../arm-none-eabi/lib/thumb/v7e-m+fp/hard\libg.a(lib_a-reent.o)
                0x0800c658                _reclaim_reent
 .text.strncmp  0x0800c6e8       0x80 d:/software/gun_arm_embedded_toolchain/bin/../lib/gcc/arm-none-eabi/10.3.1/../../../../arm-none-eabi/lib/thumb/v7e-m+fp/hard\libg.a(lib_a-strncmp.o)
                0x0800c6e8                strncmp
 .text.vsnprintf
                0x0800c768       0x70 d:/software/gun_arm_embedded_toolchain/bin/../lib/gcc/arm-none-eabi/10.3.1/../../../../arm-none-eabi/lib/thumb/v7e-m+fp/hard\libg.a(lib_a-vsnprintf.o)
                0x0800c768                vsnprintf
 .text.startup.register_fini
                0x0800c7d8       0x14 d:/software/gun_arm_embedded_toolchain/bin/../lib/gcc/arm-none-eabi/10.3.1/../../../../arm-none-eabi/lib/thumb/v7e-m+fp/hard\libg.a(lib_a-__call_atexit.o)
 .text.atexit   0x0800c7ec        0xc d:/software/gun_arm_embedded_toolchain/bin/../lib/gcc/arm-none-eabi/10.3.1/../../../../arm-none-eabi/lib/thumb/v7e-m+fp/hard\libg.a(lib_a-atexit.o)
                0x0800c7ec                atexit
 .text.__libc_fini_array
                0x0800c7f8       0x2c d:/software/gun_arm_embedded_toolchain/bin/../lib/gcc/arm-none-eabi/10.3.1/../../../../arm-none-eabi/lib/thumb/v7e-m+fp/hard\libg.a(lib_a-fini.o)
                0x0800c7f8                __libc_fini_array
 .text._malloc_trim_r
                0x0800c824       0xa0 d:/software/gun_arm_embedded_toolchain/bin/../lib/gcc/arm-none-eabi/10.3.1/../../../../arm-none-eabi/lib/thumb/v7e-m+fp/hard\libg.a(lib_a-freer.o)
                0x0800c824                _malloc_trim_r
 .text._free_r  0x0800c8c4      0x20c d:/software/gun_arm_embedded_toolchain/bin/../lib/gcc/arm-none-eabi/10.3.1/../../../../arm-none-eabi/lib/thumb/v7e-m+fp/hard\libg.a(lib_a-freer.o)
                0x0800c8c4                _free_r
 .text.__retarget_lock_init_recursive
                0x0800cad0        0x4 d:/software/gun_arm_embedded_toolchain/bin/../lib/gcc/arm-none-eabi/10.3.1/../../../../arm-none-eabi/lib/thumb/v7e-m+fp/hard\libg.a(lib_a-lock.o)
                0x0800cad0                __retarget_lock_init_recursive
 .text.__retarget_lock_close_recursive
                0x0800cad4        0x4 d:/software/gun_arm_embedded_toolchain/bin/../lib/gcc/arm-none-eabi/10.3.1/../../../../arm-none-eabi/lib/thumb/v7e-m+fp/hard\libg.a(lib_a-lock.o)
                0x0800cad4                __retarget_lock_close_recursive
 .text.__retarget_lock_acquire_recursive
                0x0800cad8        0x4 d:/software/gun_arm_embedded_toolchain/bin/../lib/gcc/arm-none-eabi/10.3.1/../../../../arm-none-eabi/lib/thumb/v7e-m+fp/hard\libg.a(lib_a-lock.o)
                0x0800cad8                __retarget_lock_acquire_recursive
 .text.__retarget_lock_release_recursive
                0x0800cadc        0x4 d:/software/gun_arm_embedded_toolchain/bin/../lib/gcc/arm-none-eabi/10.3.1/../../../../arm-none-eabi/lib/thumb/v7e-m+fp/hard\libg.a(lib_a-lock.o)
                0x0800cadc                __retarget_lock_release_recursive
 .text._malloc_r
                0x0800cae0      0x560 d:/software/gun_arm_embedded_toolchain/bin/../lib/gcc/arm-none-eabi/10.3.1/../../../../arm-none-eabi/lib/thumb/v7e-m+fp/hard\libg.a(lib_a-mallocr.o)
                0x0800cae0                _malloc_r
 .text.__malloc_lock
                0x0800d040        0xc d:/software/gun_arm_embedded_toolchain/bin/../lib/gcc/arm-none-eabi/10.3.1/../../../../arm-none-eabi/lib/thumb/v7e-m+fp/hard\libg.a(lib_a-mlock.o)
                0x0800d040                __malloc_lock
 .text.__malloc_unlock
                0x0800d04c        0xc d:/software/gun_arm_embedded_toolchain/bin/../lib/gcc/arm-none-eabi/10.3.1/../../../../arm-none-eabi/lib/thumb/v7e-m+fp/hard\libg.a(lib_a-mlock.o)
                0x0800d04c                __malloc_unlock
 .text._sbrk_r  0x0800d058       0x24 d:/software/gun_arm_embedded_toolchain/bin/../lib/gcc/arm-none-eabi/10.3.1/../../../../arm-none-eabi/lib/thumb/v7e-m+fp/hard\libg.a(lib_a-sbrkr.o)
                0x0800d058                _sbrk_r
 .text.__sread  0x0800d07c       0x24 d:/software/gun_arm_embedded_toolchain/bin/../lib/gcc/arm-none-eabi/10.3.1/../../../../arm-none-eabi/lib/thumb/v7e-m+fp/hard\libg.a(lib_a-stdio.o)
                0x0800d07c                __sread
 .text.__swrite
                0x0800d0a0       0x40 d:/software/gun_arm_embedded_toolchain/bin/../lib/gcc/arm-none-eabi/10.3.1/../../../../arm-none-eabi/lib/thumb/v7e-m+fp/hard\libg.a(lib_a-stdio.o)
                0x0800d0a0                __swrite
 .text.__sseek  0x0800d0e0       0x20 d:/software/gun_arm_embedded_toolchain/bin/../lib/gcc/arm-none-eabi/10.3.1/../../../../arm-none-eabi/lib/thumb/v7e-m+fp/hard\libg.a(lib_a-stdio.o)
                0x0800d0e0                __sseek
 .text.__sclose
                0x0800d100        0x8 d:/software/gun_arm_embedded_toolchain/bin/../lib/gcc/arm-none-eabi/10.3.1/../../../../arm-none-eabi/lib/thumb/v7e-m+fp/hard\libg.a(lib_a-stdio.o)
                0x0800d100                __sclose
 .text._svfprintf_r
                0x0800d108     0x1acc d:/software/gun_arm_embedded_toolchain/bin/../lib/gcc/arm-none-eabi/10.3.1/../../../../arm-none-eabi/lib/thumb/v7e-m+fp/hard\libg.a(lib_a-svfprintf.o)
                0x0800d108                _svfprintf_r
 .text._write_r
                0x0800ebd4       0x2c d:/software/gun_arm_embedded_toolchain/bin/../lib/gcc/arm-none-eabi/10.3.1/../../../../arm-none-eabi/lib/thumb/v7e-m+fp/hard\libg.a(lib_a-writer.o)
                0x0800ebd4                _write_r
 .text.__register_exitproc
                0x0800ec00       0x8c d:/software/gun_arm_embedded_toolchain/bin/../lib/gcc/arm-none-eabi/10.3.1/../../../../arm-none-eabi/lib/thumb/v7e-m+fp/hard\libg.a(lib_a-__atexit.o)
                0x0800ec00                __register_exitproc
 .text._close_r
                0x0800ec8c       0x24 d:/software/gun_arm_embedded_toolchain/bin/../lib/gcc/arm-none-eabi/10.3.1/../../../../arm-none-eabi/lib/thumb/v7e-m+fp/hard\libg.a(lib_a-closer.o)
                0x0800ec8c                _close_r
 .text.quorem   0x0800ecb0      0x128 d:/software/gun_arm_embedded_toolchain/bin/../lib/gcc/arm-none-eabi/10.3.1/../../../../arm-none-eabi/lib/thumb/v7e-m+fp/hard\libg.a(lib_a-dtoa.o)
 .text._dtoa_r  0x0800edd8      0xf3c d:/software/gun_arm_embedded_toolchain/bin/../lib/gcc/arm-none-eabi/10.3.1/../../../../arm-none-eabi/lib/thumb/v7e-m+fp/hard\libg.a(lib_a-dtoa.o)
                0x0800edd8                _dtoa_r
 .text.__locale_mb_cur_max
                0x0800fd14        0xc d:/software/gun_arm_embedded_toolchain/bin/../lib/gcc/arm-none-eabi/10.3.1/../../../../arm-none-eabi/lib/thumb/v7e-m+fp/hard\libg.a(lib_a-locale.o)
                0x0800fd14                __locale_mb_cur_max
 .text._localeconv_r
                0x0800fd20        0x8 d:/software/gun_arm_embedded_toolchain/bin/../lib/gcc/arm-none-eabi/10.3.1/../../../../arm-none-eabi/lib/thumb/v7e-m+fp/hard\libg.a(lib_a-localeconv.o)
                0x0800fd20                _localeconv_r
 .text._lseek_r
                0x0800fd28       0x2c d:/software/gun_arm_embedded_toolchain/bin/../lib/gcc/arm-none-eabi/10.3.1/../../../../arm-none-eabi/lib/thumb/v7e-m+fp/hard\libg.a(lib_a-lseekr.o)
                0x0800fd28                _lseek_r
 .text.__ascii_mbtowc
                0x0800fd54       0x2c d:/software/gun_arm_embedded_toolchain/bin/../lib/gcc/arm-none-eabi/10.3.1/../../../../arm-none-eabi/lib/thumb/v7e-m+fp/hard\libg.a(lib_a-mbtowc_r.o)
                0x0800fd54                __ascii_mbtowc
 .text._Balloc  0x0800fd80       0x4c d:/software/gun_arm_embedded_toolchain/bin/../lib/gcc/arm-none-eabi/10.3.1/../../../../arm-none-eabi/lib/thumb/v7e-m+fp/hard\libg.a(lib_a-mprec.o)
                0x0800fd80                _Balloc
 .text._Bfree   0x0800fdcc       0x14 d:/software/gun_arm_embedded_toolchain/bin/../lib/gcc/arm-none-eabi/10.3.1/../../../../arm-none-eabi/lib/thumb/v7e-m+fp/hard\libg.a(lib_a-mprec.o)
                0x0800fdcc                _Bfree
 .text.__multadd
                0x0800fde0       0xa8 d:/software/gun_arm_embedded_toolchain/bin/../lib/gcc/arm-none-eabi/10.3.1/../../../../arm-none-eabi/lib/thumb/v7e-m+fp/hard\libg.a(lib_a-mprec.o)
                0x0800fde0                __multadd
 .text.__hi0bits
                0x0800fe88       0x40 d:/software/gun_arm_embedded_toolchain/bin/../lib/gcc/arm-none-eabi/10.3.1/../../../../arm-none-eabi/lib/thumb/v7e-m+fp/hard\libg.a(lib_a-mprec.o)
                0x0800fe88                __hi0bits
 .text.__lo0bits
                0x0800fec8       0x60 d:/software/gun_arm_embedded_toolchain/bin/../lib/gcc/arm-none-eabi/10.3.1/../../../../arm-none-eabi/lib/thumb/v7e-m+fp/hard\libg.a(lib_a-mprec.o)
                0x0800fec8                __lo0bits
 .text.__i2b    0x0800ff28       0x5c d:/software/gun_arm_embedded_toolchain/bin/../lib/gcc/arm-none-eabi/10.3.1/../../../../arm-none-eabi/lib/thumb/v7e-m+fp/hard\libg.a(lib_a-mprec.o)
                0x0800ff28                __i2b
 .text.__multiply
                0x0800ff84      0x15c d:/software/gun_arm_embedded_toolchain/bin/../lib/gcc/arm-none-eabi/10.3.1/../../../../arm-none-eabi/lib/thumb/v7e-m+fp/hard\libg.a(lib_a-mprec.o)
                0x0800ff84                __multiply
 .text.__pow5mult
                0x080100e0       0xc0 d:/software/gun_arm_embedded_toolchain/bin/../lib/gcc/arm-none-eabi/10.3.1/../../../../arm-none-eabi/lib/thumb/v7e-m+fp/hard\libg.a(lib_a-mprec.o)
                0x080100e0                __pow5mult
 .text.__lshift
                0x080101a0       0xf0 d:/software/gun_arm_embedded_toolchain/bin/../lib/gcc/arm-none-eabi/10.3.1/../../../../arm-none-eabi/lib/thumb/v7e-m+fp/hard\libg.a(lib_a-mprec.o)
                0x080101a0                __lshift
 .text.__mcmp   0x08010290       0x44 d:/software/gun_arm_embedded_toolchain/bin/../lib/gcc/arm-none-eabi/10.3.1/../../../../arm-none-eabi/lib/thumb/v7e-m+fp/hard\libg.a(lib_a-mprec.o)
                0x08010290                __mcmp
 .text.__mdiff  0x080102d4      0x14c d:/software/gun_arm_embedded_toolchain/bin/../lib/gcc/arm-none-eabi/10.3.1/../../../../arm-none-eabi/lib/thumb/v7e-m+fp/hard\libg.a(lib_a-mprec.o)
                0x080102d4                __mdiff
 .text.__d2b    0x08010420       0xd0 d:/software/gun_arm_embedded_toolchain/bin/../lib/gcc/arm-none-eabi/10.3.1/../../../../arm-none-eabi/lib/thumb/v7e-m+fp/hard\libg.a(lib_a-mprec.o)
                0x08010420                __d2b
 .text._read_r  0x080104f0       0x2c d:/software/gun_arm_embedded_toolchain/bin/../lib/gcc/arm-none-eabi/10.3.1/../../../../arm-none-eabi/lib/thumb/v7e-m+fp/hard\libg.a(lib_a-readr.o)
                0x080104f0                _read_r
 .text._realloc_r
                0x0801051c      0x3d8 d:/software/gun_arm_embedded_toolchain/bin/../lib/gcc/arm-none-eabi/10.3.1/../../../../arm-none-eabi/lib/thumb/v7e-m+fp/hard\libg.a(lib_a-reallocr.o)
                0x0801051c                _realloc_r
 .text.frexp    0x080108f4       0x6c d:/software/gun_arm_embedded_toolchain/bin/../lib/gcc/arm-none-eabi/10.3.1/../../../../arm-none-eabi/lib/thumb/v7e-m+fp/hard\libg.a(lib_a-s_frexp.o)
                0x080108f4                frexp
 .text.strncpy  0x08010960       0x64 d:/software/gun_arm_embedded_toolchain/bin/../lib/gcc/arm-none-eabi/10.3.1/../../../../arm-none-eabi/lib/thumb/v7e-m+fp/hard\libg.a(lib_a-strncpy.o)
                0x08010960                strncpy
 .text.__ssprint_r
                0x080109c4       0xf8 d:/software/gun_arm_embedded_toolchain/bin/../lib/gcc/arm-none-eabi/10.3.1/../../../../arm-none-eabi/lib/thumb/v7e-m+fp/hard\libg.a(lib_a-svfiprintf.o)
                0x080109c4                __ssprint_r
 .text.__ascii_wctomb
                0x08010abc       0x1c d:/software/gun_arm_embedded_toolchain/bin/../lib/gcc/arm-none-eabi/10.3.1/../../../../arm-none-eabi/lib/thumb/v7e-m+fp/hard\libg.a(lib_a-wctomb_r.o)
                0x08010abc                __ascii_wctomb
 .text.__assert_func
                0x08010ad8       0x40 d:/software/gun_arm_embedded_toolchain/bin/../lib/gcc/arm-none-eabi/10.3.1/../../../../arm-none-eabi/lib/thumb/v7e-m+fp/hard\libg.a(lib_a-assert.o)
                0x08010ad8                __assert_func
 .text._calloc_r